******************************************************************************
                  TI ARM Linker PC v20.2.7                     
******************************************************************************
>> Linked Thu Apr 11 01:39:21 2024

OUTPUT FILE NAME:   <tutorial-FreeRTOSPt2.out>
ENTRY POINT SYMBOL: "_c_int00_noargs"  address: 000072a5


MEMORY CONFIGURATION

         name            origin    length      used     unused   attr    fill
----------------------  --------  ---------  --------  --------  ----  --------
  FLASH                 00000000   00040000  00007c52  000383ae  R  X
  SRAM                  20000000   00008000  00005f5b  000020a5  RW X


SEGMENT ALLOCATION MAP

run origin  load origin   length   init length attrs members
----------  ----------- ---------- ----------- ----- -------
00000000    00000000    00007c58   00007c58    r-x
  00000000    00000000    0000026c   0000026c    r-- .intvecs
  0000026c    0000026c    000071a6   000071a6    r-x .text
  00007414    00007414    000007f0   000007f0    r-- .const
  00007c08    00007c08    00000050   00000050    r-- .cinit
20000000    20000000    00005f5f   00000000    rw-
  20000000    20000000    0000026c   00000000    rw- .vtable
  2000026c    2000026c    00005478   00000000    rw- .bss
  200056e8    200056e8    00000800   00000000    rw- .stack
  20005ee8    20005ee8    00000077   00000000    rw- .data


SECTION ALLOCATION MAP

 output                                  attributes/
section   page    origin      length       input sections
--------  ----  ----------  ----------   ----------------
.intvecs   0    00000000    0000026c     
                  00000000    0000026c     startup_ccs.obj (.intvecs)

.text      0    0000026c    000071a6     
                  0000026c    000019b8     tasks.obj (.text)
                  00001c24    00000aa0     sysctl.obj (.text)
                  000026c4    00000a4e     rtsv7M4_T_le_v4SPD16_eabi.lib : _printfi.c.obj (.text:__TI_printfi)
                  00003112    00000002                                   : div0.asm.obj (.text)
                  00003114    00000964     queue.obj (.text)
                  00003a78    000007f4     uartstdio.obj (.text)
                  0000426c    00000728     gpio.obj (.text)
                  00004994    000004d4     timers.obj (.text)
                  00004e68    00000304     timer.obj (.text)
                  0000516c    000002f8     uart.obj (.text)
                  00005464    000002a4     interrupt.obj (.text)
                  00005708    00000274     freertos_demov4.obj (.text)
                  0000597c    00000270     rtsv7M4_T_le_v4SPD16_eabi.lib : _printfi.c.obj (.text:_pconv_a)
                  00005bec    00000250     heap_4.obj (.text)
                  00005e3c    000001d0     rtsv7M4_T_le_v4SPD16_eabi.lib : _printfi.c.obj (.text:_pconv_g)
                  0000600c    000001b6                                   : fd_add_t2.asm.obj (.text)
                  000061c2    00000002     --HOLE-- [fill = 0]
                  000061c4    0000013c                                   : _printfi.c.obj (.text:_pconv_e)
                  00006300    00000136                                   : fd_div_t2.asm.obj (.text)
                  00006436    00000002     --HOLE-- [fill = 0]
                  00006438    00000124                                   : _printfi.c.obj (.text:fcvt)
                  0000655c    00000110                                   : s_scalbn.c.obj (.text:scalbn)
                  0000666c    00000104     port.obj (.text)
                  00006770    000000fc     rtsv7M4_T_le_v4SPD16_eabi.lib : fd_mul_t2.asm.obj (.text)
                  0000686c    000000f8     buttons.obj (.text)
                  00006964    000000da     portasm.obj (.text)
                  00006a3e    00000002     --HOLE-- [fill = 0]
                  00006a40    000000b1     rtsv7M4_T_le_v4SPD16_eabi.lib : _printfi.c.obj (.text:_ltostr)
                  00006af1    00000001     --HOLE-- [fill = 0]
                  00006af2    0000009c                                   : memcpy_t2.asm.obj (.text)
                  00006b8e    00000096                                   : ull_div_t2.asm.obj (.text)
                  00006c24    00000094     list.obj (.text)
                  00006cb8    00000086     rtsv7M4_T_le_v4SPD16_eabi.lib : fd_cmp_t2.asm.obj (.text:__aeabi_cdcmple)
                  00006d3e    00000086                                   : fd_cmp_t2.asm.obj (.text:__aeabi_cdrcmple)
                  00006dc4    0000007a                                   : memset_t2.asm.obj (.text)
                  00006e3e    0000006e                                   : _printfi.c.obj (.text:_mcpy)
                  00006eac    00000068                                   : copy_decompress_lzss.c.obj (.text:decompress:lzss:__TI_decompress_lzss)
                  00006f14    00000064     RunTimeStatsConfig.obj (.text)
                  00006f78    00000064     rtsv7M4_T_le_v4SPD16_eabi.lib : s_frexp.c.obj (.text:frexp)
                  00006fdc    00000056                                   : _printfi.c.obj (.text:_pconv_f)
                  00007032    00000054                                   : _ltoa.c.obj (.text:__TI_ltoa)
                  00007086    00000052                                   : _printfi.c.obj (.text:_ecpy)
                  000070d8    0000004c                                   : atoi.c.obj (.text:atoi)
                  00007124    00000048                                   : fd_toi_t2.asm.obj (.text)
                  0000716c    00000044                                   : autoinit.c.obj (.text:__TI_auto_init_nobinit_nopinit:__TI_auto_init_nobinit_nopinit)
                  000071b0    00000040                                   : u_divt2.asm.obj (.text)
                  000071f0    00000040                                   : sprintf.c.obj (.text:sprintf)
                  00007230    0000003e                                   : _printfi.c.obj (.text:_fcpy)
                  0000726e    00000036     cpu.obj (.text)
                  000072a4    00000034     rtsv7M4_T_le_v4SPD16_eabi.lib : boot_cortex_m.c.obj (.text:_c_int00_noargs:_c_int00_noargs)
                  000072d8    0000002e                                   : i_tofd_t2.asm.obj (.text)
                  00007306    00000002     --HOLE-- [fill = 0]
                  00007308    00000024     RunTimeStatsConfig.obj (.text:GetOverflowCounts)
                  0000732c    0000001c     rtsv7M4_T_le_v4SPD16_eabi.lib : memccpy.c.obj (.text:memccpy)
                  00007348    0000001a                                   : s_copysign.c.obj (.text:copysign)
                  00007362    00000018                                   : sprintf.c.obj (.text:_outs)
                  0000737a    00000016                                   : strchr.c.obj (.text:strchr)
                  00007390    00000014                                   : strcpy.c.obj (.text:strcpy)
                  000073a4    00000014                                   : strlen.c.obj (.text:strlen)
                  000073b8    00000012                                   : wcslen.c.obj (.text:wcslen)
                  000073ca    0000000e                                   : copy_decompress_none.c.obj (.text:decompress:none:__TI_decompress_none)
                  000073d8    0000000c                                   : copy_zero_init.c.obj (.text:decompress:ZI:__TI_zero_init)
                  000073e4    0000000c     startup_ccs.obj (.text)
                  000073f0    0000000a     rtsv7M4_T_le_v4SPD16_eabi.lib : sprintf.c.obj (.text:_outc)
                  000073fa    00000002     --HOLE-- [fill = 0]
                  000073fc    00000008                                   : errno.c.obj (.text:__aeabi_errno_addr)
                  00007404    00000006     sysctl.obj (.text:SysCtlDelay)
                  0000740a    00000004     rtsv7M4_T_le_v4SPD16_eabi.lib : pre_init.c.obj (.text:_system_pre_init)
                  0000740e    00000004                                   : exit.c.obj (.text:abort:abort)

.const     0    00007414    000007f0     
                  00007414    000001b0     sysctl.obj (.const:g_pppui32XTALtoVCO)
                  000075c4    00000101     rtsv7M4_T_le_v4SPD16_eabi.lib : ctype.c.obj (.const:.string:_ctypes_)
                  000076c5    00000003     --HOLE-- [fill = 0]
                  000076c8    000000d8     gpio.obj (.const:g_ppui32GPIOIntMapSnowflake)
                  000077a0    000000c0     gpio.obj (.const:g_ppui32GPIOIntMapBlizzard)
                  00007860    0000009c     interrupt.obj (.const:g_pui32Regs)
                  000078fc    00000090     gpio.obj (.const:g_pui32GPIOBaseAddrs)
                  0000798c    0000006c     sysctl.obj (.const:g_pui32Xtals)
                  000079f8    00000060     timer.obj (.const:g_ppui32TimerIntMap)
                  00007a58    00000040     timer.obj (.const:g_ppui32TimerIntMapSnowflake)
                  00007a98    00000040     uart.obj (.const:g_ppui32UARTIntMap)
                  00007ad8    00000040     uart.obj (.const:g_ppui32UARTIntMapSnowflake)
                  00007b18    00000030     sysctl.obj (.const:g_sXTALtoMEMTIM)
                  00007b48    00000020     interrupt.obj (.const:g_pui32Priority)
                  00007b68    00000014     interrupt.obj (.const:g_pui32Dii16Regs)
                  00007b7c    00000014     interrupt.obj (.const:g_pui32EnRegs)
                  00007b90    00000014     interrupt.obj (.const:g_pui32PendRegs)
                  00007ba4    00000014     interrupt.obj (.const:g_pui32UnpendRegs)
                  00007bb8    00000012     uartstdio.obj (.const:.string)
                  00007bca    00000002     --HOLE-- [fill = 0]
                  00007bcc    0000000c     uartstdio.obj (.const:g_ui32UARTBase)
                  00007bd8    0000000c     uartstdio.obj (.const:g_ui32UARTInt)
                  00007be4    0000000c     uartstdio.obj (.const:g_ui32UARTPeriph)
                  00007bf0    00000008     sysctl.obj (.const:g_pui32VCOFrequencies)
                  00007bf8    00000004     port.obj (.const)
                  00007bfc    00000004     tasks.obj (.const)
                  00007c00    00000004     uartstdio.obj (.const)

.cinit     0    00007c08    00000050     
                  00007c08    00000018     (.cinit..data.load) [load image, compression = lzss]
                  00007c20    0000000c     (__TI_handler_table)
                  00007c2c    00000004     --HOLE-- [fill = 0]
                  00007c30    00000008     (.cinit..bss.load) [load image, compression = zero_init]
                  00007c38    00000008     (.cinit..vtable.load) [load image, compression = zero_init]
                  00007c40    00000018     (__TI_cinit_table)

.init_array 
*          0    00000000    00000000     UNINITIALIZED

.vtable    0    20000000    0000026c     UNINITIALIZED
                  20000000    0000026c     interrupt.obj (.vtable)

.bss       0    2000026c    00005478     UNINITIALIZED
                  2000026c    00005000     heap_4.obj (.bss:ucHeap)
                  2000526c    00000200     uartstdio.obj (.bss:g_pcUARTRxHistoryBuffer)
                  2000546c    00000140     tasks.obj (.bss:pxReadyTasksLists)
                  200055ac    00000050     (.common:xQueueRegistry)
                  200055fc    00000020     uartstdio.obj (.bss:g_usUARTRxHistoryOffset)
                  2000561c    00000014     timers.obj (.bss:xActiveTimerList1)
                  20005630    00000014     timers.obj (.bss:xActiveTimerList2)
                  20005644    00000014     tasks.obj (.bss:xDelayedTaskList1)
                  20005658    00000014     tasks.obj (.bss:xDelayedTaskList2)
                  2000566c    00000014     tasks.obj (.bss:xPendingReadyList)
                  20005680    00000014     tasks.obj (.bss:xSuspendedTaskList)
                  20005694    00000014     tasks.obj (.bss:xTasksWaitingTermination)
                  200056a8    00000010     uartstdio.obj (.bss)
                  200056b8    00000008     freertos_demov4.obj (.bss:pui32Parametros1)
                  200056c0    00000008     freertos_demov4.obj (.bss:pui32Parametros2)
                  200056c8    00000008     tasks.obj (.bss)
                  200056d0    00000008     timers.obj (.bss)
                  200056d8    00000008     heap_4.obj (.bss:xStart)
                  200056e0    00000004     (.common:miSemaforo)

.data      0    20005ee8    00000077     UNINITIALIZED
                  20005ee8    0000003c     tasks.obj (.data)
                  20005f24    00000014     heap_4.obj (.data)
                  20005f38    0000000c     timers.obj (.data)
                  20005f44    0000000c     uartstdio.obj (.data)
                  20005f50    00000004     freertos_demov4.obj (.data)
                  20005f54    00000004     port.obj (.data)
                  20005f58    00000004     rtsv7M4_T_le_v4SPD16_eabi.lib : errno.c.obj (.data)
                  20005f5c    00000003     buttons.obj (.data)

.stack     0    200056e8    00000800     UNINITIALIZED
                  200056e8    00000004     rtsv7M4_T_le_v4SPD16_eabi.lib : boot_cortex_m.c.obj (.stack)
                  200056ec    000007fc     --HOLE--

__llvm_prf_cnts 
*          0    20000000    00000000     UNINITIALIZED

MODULE SUMMARY

       Module                       code    ro data   rw data
       ------                       ----    -------   -------
    .\
       freertos_demov4.obj          628     0         24     
       startup_ccs.obj              12      620       0      
    +--+----------------------------+-------+---------+---------+
       Total:                       640     620       24     
                                                             
    .\FreeRTOS\Source\
       tasks.obj                    6584    4         488    
       queue.obj                    2404    0         80     
       timers.obj                   1236    0         60     
       list.obj                     148     0         0      
    +--+----------------------------+-------+---------+---------+
       Total:                       10372   4         628    
                                                             
    .\FreeRTOS\Source\portable\CCS\ARM_CM4F\
       port.obj                     260     4         4      
       portasm.obj                  218     0         0      
    +--+----------------------------+-------+---------+---------+
       Total:                       478     4         4      
                                                             
    .\FreeRTOS\Source\portable\MemMang\
       heap_4.obj                   592     0         20508  
    +--+----------------------------+-------+---------+---------+
       Total:                       592     0         20508  
                                                             
    .\driverlib\
       sysctl.obj                   2726    596       0      
       gpio.obj                     1832    552       0      
       interrupt.obj                676     268       620    
       timer.obj                    772     160       0      
       uart.obj                     760     128       0      
       cpu.obj                      54      0         0      
    +--+----------------------------+-------+---------+---------+
       Total:                       6820    1704      620    
                                                             
    .\drivers\
       buttons.obj                  248     0         3      
    +--+----------------------------+-------+---------+---------+
       Total:                       248     0         3      
                                                             
    .\utils\
       uartstdio.obj                2036    58        572    
       RunTimeStatsConfig.obj       136     0         0      
    +--+----------------------------+-------+---------+---------+
       Total:                       2172    58        572    
                                                             
    C:\ti\ccs1220\ccs\tools\compiler\ti-cgt-arm_20.2.7.LTS\lib\rtsv7M4_T_le_v4SPD16_eabi.lib
       _printfi.c.obj               4851    0         0      
       fd_add_t2.asm.obj            438     0         0      
       fd_div_t2.asm.obj            310     0         0      
       s_scalbn.c.obj               272     0         0      
       fd_cmp_t2.asm.obj            268     0         0      
       ctype.c.obj                  0       257       0      
       fd_mul_t2.asm.obj            252     0         0      
       memcpy_t2.asm.obj            156     0         0      
       ull_div_t2.asm.obj           150     0         0      
       memset_t2.asm.obj            122     0         0      
       copy_decompress_lzss.c.obj   104     0         0      
       s_frexp.c.obj                100     0         0      
       sprintf.c.obj                98      0         0      
       _ltoa.c.obj                  84      0         0      
       atoi.c.obj                   76      0         0      
       fd_toi_t2.asm.obj            72      0         0      
       autoinit.c.obj               68      0         0      
       u_divt2.asm.obj              64      0         0      
       boot_cortex_m.c.obj          52      0         0      
       i_tofd_t2.asm.obj            46      0         0      
       memccpy.c.obj                28      0         0      
       s_copysign.c.obj             26      0         0      
       strchr.c.obj                 22      0         0      
       strcpy.c.obj                 20      0         0      
       strlen.c.obj                 20      0         0      
       wcslen.c.obj                 18      0         0      
       copy_decompress_none.c.obj   14      0         0      
       copy_zero_init.c.obj         12      0         0      
       errno.c.obj                  8       0         4      
       exit.c.obj                   4       0         0      
       pre_init.c.obj               4       0         0      
       div0.asm.obj                 2       0         0      
    +--+----------------------------+-------+---------+---------+
       Total:                       7761    257       4      
                                                             
       Stack:                       0       0         2048   
       Linker Generated:            0       76        0      
    +--+----------------------------+-------+---------+---------+
       Grand Total:                 29083   2723      24411  


LINKER GENERATED COPY TABLES

__TI_cinit_table @ 00007c40 records: 3, size/record: 8, table size: 24
	.data: load addr=00007c08, load size=00000018 bytes, run addr=20005ee8, run size=00000077 bytes, compression=lzss
	.bss: load addr=00007c30, load size=00000008 bytes, run addr=2000026c, run size=00005478 bytes, compression=zero_init
	.vtable: load addr=00007c38, load size=00000008 bytes, run addr=20000000, run size=0000026c bytes, compression=zero_init


LINKER GENERATED HANDLER TABLE

__TI_handler_table @ 00007c20 records: 3, size/record: 4, table size: 12
	index: 0, handler: __TI_zero_init
	index: 1, handler: __TI_decompress_lzss
	index: 2, handler: __TI_decompress_none


GLOBAL SYMBOLS: SORTED ALPHABETICALLY BY Name 

address   name                               
-------   ----                               
000068ed  ButtonsInit                        
0000686d  ButtonsPoll                        
0000740f  C$$EXIT                            
0000729b  CPUbasepriGet                      
00007295  CPUbasepriSet                      
00007289  CPUcpsid                           
0000727d  CPUcpsie                           
00007273  CPUprimask                         
0000726f  CPUwfi                             
00004967  GPIOADCTriggerDisable              
0000495b  GPIOADCTriggerEnable               
0000494d  GPIODMATriggerDisable              
00004941  GPIODMATriggerEnable               
00004917  GPIODirModeGet                     
0000428b  GPIODirModeSet                     
000058b9  GPIOFIntHandler                    
00004911  GPIOIntClear                       
00004903  GPIOIntDisable                     
000048f7  GPIOIntEnable                      
000048df  GPIOIntRegister                    
000048c3  GPIOIntRegisterPin                 
000048b5  GPIOIntStatus                      
00004869  GPIOIntTypeGet                     
00004809  GPIOIntTypeSet                     
000047f5  GPIOIntUnregister                  
000047dd  GPIOIntUnregisterPin               
000046db  GPIOPadConfigGet                   
000042bb  GPIOPadConfigSet                   
0000469d  GPIOPinConfigure                   
00004697  GPIOPinRead                        
00004681  GPIOPinTypeADC                     
0000466b  GPIOPinTypeCAN                     
00004655  GPIOPinTypeComparator              
0000463f  GPIOPinTypeComparatorOutput        
00004629  GPIOPinTypeDIVSCLK                 
00004605  GPIOPinTypeEPI                     
000045ef  GPIOPinTypeEthernetLED             
000045d9  GPIOPinTypeEthernetMII             
000045bd  GPIOPinTypeGPIOInput               
000045a3  GPIOPinTypeGPIOOutput              
00004589  GPIOPinTypeGPIOOutputOD            
00004573  GPIOPinTypeHibernateRTCCLK         
0000455d  GPIOPinTypeI2C                     
00004547  GPIOPinTypeI2CSCL                  
00004531  GPIOPinTypeLCD                     
0000451b  GPIOPinTypeOneWire                 
00004505  GPIOPinTypePWM                     
000044ef  GPIOPinTypeQEI                     
000044d9  GPIOPinTypeSSI                     
000044c3  GPIOPinTypeTimer                   
000044ad  GPIOPinTypeTrace                   
00004497  GPIOPinTypeUART                    
00004481  GPIOPinTypeUSBAnalog               
0000446b  GPIOPinTypeUSBDigital              
00004453  GPIOPinTypeWakeHigh                
0000443b  GPIOPinTypeWakeLow                 
00004285  GPIOPinWakeStatus                  
0000427f  GPIOPinWrite                       
0000426d  GPIOUnlockPin                      
00007309  GetOverflowCounts                  
00005675  IntDisable                         
0000561b  IntEnable                          
000055c3  IntIsEnabled                       
000055b3  IntMasterDisable                   
000055a3  IntMasterEnable                    
00005567  IntPendClear                       
0000551d  IntPendSet                         
00005503  IntPriorityGet                     
000054e1  IntPriorityGroupingGet             
000054cf  IntPriorityGroupingSet             
0000729b  IntPriorityMaskGet                 
00007295  IntPriorityMaskSet                 
000054a3  IntPrioritySet                     
00005479  IntRegister                        
00005471  IntTrigger                         
00005467  IntUnregister                      
000073e5  ResetISR                           
0000266d  SysCtlAltClkConfig                 
0000247d  SysCtlClockFreqSet                 
000022bd  SysCtlClockGet                     
00002295  SysCtlClockOutConfig               
000021b1  SysCtlClockSet                     
00002189  SysCtlDeepSleep                    
0000212d  SysCtlDeepSleepClockConfigSet      
00002121  SysCtlDeepSleepClockSet            
0000211b  SysCtlDeepSleepPowerSet            
00007405  SysCtlDelay                        
000020f5  SysCtlFlashSectorSizeGet           
000020c5  SysCtlFlashSizeGet                 
000020af  SysCtlGPIOAHBDisable               
00002099  SysCtlGPIOAHBEnable                
00002085  SysCtlIntClear                     
00002077  SysCtlIntDisable                   
0000206b  SysCtlIntEnable                    
00002059  SysCtlIntRegister                  
00002049  SysCtlIntStatus                    
00002039  SysCtlIntUnregister                
00002031  SysCtlLDODeepSleepGet              
00002029  SysCtlLDODeepSleepSet              
00002021  SysCtlLDOSleepGet                  
00002019  SysCtlLDOSleepSet                  
00002011  SysCtlMOSCConfigSet                
00001ff9  SysCtlNMIClear                     
00001ff1  SysCtlNMIStatus                    
00001fa9  SysCtlPIOSCCalibrate               
00001f91  SysCtlPWMClockGet                  
00001f83  SysCtlPWMClockSet                  
00001f41  SysCtlPeripheralClockGating        
00001f13  SysCtlPeripheralDeepSleepDisable   
00001ee5  SysCtlPeripheralDeepSleepEnable    
00001eb7  SysCtlPeripheralDisable            
00001e89  SysCtlPeripheralEnable             
00001e5b  SysCtlPeripheralPowerOff           
00001e2d  SysCtlPeripheralPowerOn            
00001dfb  SysCtlPeripheralPresent            
00001dc9  SysCtlPeripheralReady              
00001d5b  SysCtlPeripheralReset              
00001d2d  SysCtlPeripheralSleepDisable       
00001cff  SysCtlPeripheralSleepEnable        
00001cf7  SysCtlReset                        
00001cef  SysCtlResetBehaviorGet             
00001ce7  SysCtlResetBehaviorSet             
00001cd9  SysCtlResetCauseClear              
00001cd1  SysCtlResetCauseGet                
00001cc3  SysCtlSRAMSizeGet                  
0000726f  SysCtlSleep                        
00001cbb  SysCtlSleepPowerSet                
00001cad  SysCtlUSBPLLDisable                
00001c9f  SysCtlUSBPLLEnable                 
00001c3d  SysCtlVCOGet                       
00001c33  SysCtlVoltageEventClear            
00001c2b  SysCtlVoltageEventConfig           
00001c25  SysCtlVoltageEventStatus           
00005151  TimerADCEventGet                   
0000514d  TimerADCEventSet                   
00005147  TimerClockSourceGet                
00005141  TimerClockSourceSet                
000050e9  TimerConfigure                     
000050d7  TimerControlEvent                  
000050c1  TimerControlLevel                  
000050ab  TimerControlStall                  
0000506b  TimerControlTrigger                
00005031  TimerControlWaitOnTrigger          
0000502d  TimerDMAEventGet                   
00005029  TimerDMAEventSet                   
00005015  TimerDisable                       
00005007  TimerEnable                        
00005003  TimerIntClear                      
00004ff9  TimerIntDisable                    
00004ff1  TimerIntEnable                     
00004fd9  TimerIntRegister                   
00004fcf  TimerIntStatus                     
00004fbb  TimerIntUnregister                 
00004f6f  TimerLoadGet                       
00004f59  TimerLoadGet64                     
00004f47  TimerLoadSet                       
00004f41  TimerLoadSet64                     
00004f35  TimerMatchGet                      
00004f1f  TimerMatchGet64                    
00004f0d  TimerMatchSet                      
00004f07  TimerMatchSet64                    
00004efb  TimerPrescaleGet                   
00004eef  TimerPrescaleMatchGet              
00004edd  TimerPrescaleMatchSet              
00004ecb  TimerPrescaleSet                   
00004ec1  TimerRTCDisable                    
00004eb7  TimerRTCEnable                     
00004eb3  TimerSynchronize                   
00004e8b  TimerUpdateMode                    
00004e7f  TimerValueGet                      
00004e69  TimerValueGet64                    
00005427  UART9BitAddrSend                   
0000541d  UART9BitAddrSet                    
0000540f  UART9BitDisable                    
00005401  UART9BitEnable                     
000053ed  UARTBreakCtl                       
000053e5  UARTBusy                           
000053db  UARTCharGet                        
000053cb  UARTCharGetNonBlocking             
000053c1  UARTCharPut                        
000053b1  UARTCharPutNonBlocking             
000053a3  UARTCharsAvail                     
0000539d  UARTClockSourceGet                 
00005397  UARTClockSourceSet                 
0000536f  UARTConfigGetExpClk                
0000532b  UARTConfigSetExpClk                
00005321  UARTDMADisable                     
00005319  UARTDMAEnable                      
00005301  UARTDisable                        
000052f7  UARTDisableSIR                     
00004221  UARTEchoSet                        
000052e3  UARTEnable                         
000052cb  UARTEnableSIR                      
000052c1  UARTFIFODisable                    
000052b7  UARTFIFOEnable                     
000052a7  UARTFIFOLevelGet                   
000052a1  UARTFIFOLevelSet                   
00005299  UARTFlowControlGet                 
0000528d  UARTFlowControlSet                 
00004113  UARTFlushRx                        
00004125  UARTFlushTx                        
00005289  UARTIntClear                       
0000527f  UARTIntDisable                     
00005277  UARTIntEnable                      
0000525f  UARTIntRegister                    
00005255  UARTIntStatus                      
00005241  UARTIntUnregister                  
00005201  UARTLoopbackEnable                 
000051ef  UARTModemControlClear              
000051e7  UARTModemControlGet                
000051db  UARTModemControlSet                
000051d1  UARTModemStatusGet                 
000051c9  UARTParityModeGet                  
000051bd  UARTParityModeSet                  
00004213  UARTRxBytesAvail                   
000051b7  UARTRxErrorClear                   
000051af  UARTRxErrorGet                     
000051a5  UARTSmartCardDisable               
0000518f  UARTSmartCardEnable                
00005181  UARTSpaceAvail                     
0000414d  UARTStdioConfig                    
00004049  UARTStdioIntHandler                
0000402d  UARTTxBytesFree                    
00005179  UARTTxIntModeGet                   
0000516d  UARTTxIntModeSet                   
00004017  UARTgetc                           
00003d55  UARTgets                           
00003d1d  UARTprintf                         
00003b25  UARTvprintf                        
00003acb  UARTwrite                          
20005ee8  __STACK_END                        
00000800  __STACK_SIZE                       
20005ee8  __STACK_TOP                        
00007c40  __TI_CINIT_Base                    
00007c58  __TI_CINIT_Limit                   
00007c20  __TI_Handler_Table_Base            
00007c2c  __TI_Handler_Table_Limit           
0000716d  __TI_auto_init_nobinit_nopinit     
00006ead  __TI_decompress_lzss               
000073cb  __TI_decompress_none               
00007033  __TI_ltoa                          
ffffffff  __TI_pprof_out_hndl                
000026c5  __TI_printfi                       
ffffffff  __TI_prof_data_size                
ffffffff  __TI_prof_data_start               
00000000  __TI_static_base__                 
000073d9  __TI_zero_init                     
00006cb9  __aeabi_cdcmpeq                    
00006cb9  __aeabi_cdcmple                    
00006d3f  __aeabi_cdrcmple                   
00007125  __aeabi_d2iz                       
00006017  __aeabi_dadd                       
00006301  __aeabi_ddiv                       
00006771  __aeabi_dmul                       
0000600d  __aeabi_dsub                       
000073fd  __aeabi_errno_addr                 
000072d9  __aeabi_i2d                        
00003113  __aeabi_idiv0                      
00003113  __aeabi_ldiv0                      
00006dc5  __aeabi_memclr                     
00006dc5  __aeabi_memclr4                    
00006dc5  __aeabi_memclr8                    
00006af3  __aeabi_memcpy                     
00006af3  __aeabi_memcpy4                    
00006af3  __aeabi_memcpy8                    
00006dc7  __aeabi_memset                     
00006dc7  __aeabi_memset4                    
00006dc7  __aeabi_memset8                    
000071b1  __aeabi_uidiv                      
000071b1  __aeabi_uidivmod                   
00006b8f  __aeabi_uldivmod                   
ffffffff  __binit__                          
ffffffff  __c_args__                         
UNDEFED   __mpu_init                         
200056e8  __stack                            
20000000  __start___llvm_prf_cnts            
20000000  __stop___llvm_prf_cnts             
000072a5  _c_int00_noargs                    
000075c4  _ctypes_                           
UNDEFED   _system_post_cinit                 
0000740b  _system_pre_init                   
0000740f  abort                              
000070d9  atoi                               
ffffffff  binit                              
00007349  copysign                           
00007349  copysignl                          
000014c5  eTaskGetState                      
20005f58  errno                              
00006f79  frexp                              
00006f79  frexpl                             
20000000  g_pfnRAMVectors                    
00000000  g_pfnVectors                       
20005f50  i32Semaforo_malo1                  
0000655d  ldexp                              
0000655d  ldexpl                             
00005791  main                               
0000732d  memccpy                            
00006af3  memcpy                             
00006dcd  memset                             
200056e0  miSemaforo                         
00003a49  pcQueueGetName                     
00001be9  pcTaskGetName                      
00004e59  pcTimerGetName                     
00005def  pvPortCalloc                       
00005d41  pvPortMalloc                       
00001b5f  pvTaskIncrementMutexHeldCount      
00004b87  pvTimerGetTimerID                  
20005ee8  pxCurrentTCB                       
0000672d  pxPortInitialiseStack              
0000655d  scalbn                             
0000655d  scalbnl                            
000071f1  sprintf                            
0000737b  strchr                             
00007391  strcpy                             
000073a5  strlen                             
00003a43  ucQueueGetQueueType                
00007bf8  ulMaxSyscallInterruptPriority      
00006975  ulPortGetIPSR                      
00001ae9  ulTaskGenericNotifyTake            
00001aa1  ulTaskGenericNotifyValueClear      
00006c93  uxListRemove                       
00003a3f  uxQueueGetQueueNumber              
00003a2d  uxQueueMessagesWaiting             
00003a29  uxQueueMessagesWaitingFromISR      
00003a13  uxQueueSpacesAvailable             
00001a89  uxTaskGetNumberOfTasks             
00001a7d  uxTaskGetStackHighWaterMark        
0000161b  uxTaskGetSystemState               
00001a73  uxTaskGetTaskNumber                
00001a5b  uxTaskPriorityGet                  
00001a3b  uxTaskPriorityGetFromISR           
00001a27  uxTaskResetEventItemValue          
00004b83  uxTimerGetReloadMode               
00004b7f  uxTimerGetTimerNumber              
00007bfc  uxTopUsedPriority                  
0000726f  vApplicationIdleHook               
00005709  vApplicationStackOverflowHook      
00006f15  vConfigureTimerForRunTimeStats     
00006c75  vListInitialise                    
00006c6f  vListInitialiseItem                
00006c3d  vListInsert                        
00006c25  vListInsertEnd                     
00006a31  vPortEnableVFP                     
0000672b  vPortEndScheduler                  
00006713  vPortEnterCritical                 
00006701  vPortExitCritical                  
00005cb7  vPortFree                          
00005bfb  vPortGetHeapStats                  
00005bf9  vPortInitialiseBlocks              
000069ed  vPortSVCHandler                    
000066a3  vPortSetupTimerInterrupt           
00006a0d  vPortStartFirstTask                
000039d7  vQueueAddToRegistry                
000039c7  vQueueDelete                       
000039c3  vQueueSetQueueNumber               
0000399d  vQueueUnregisterQueue              
00003955  vQueueWaitForMessageRestricted     
000019f9  vTaskDelay                         
00001959  vTaskDelete                        
0000192b  vTaskEndScheduler                  
00001845  vTaskGenericNotifyGiveFromISR      
00001549  vTaskGetInfo                       
000017a5  vTaskGetRunTimeStats               
00000e9d  vTaskInternalSetTimeOutState       
000016d9  vTaskList                          
000014b1  vTaskMissedYield                   
00001499  vTaskPlaceOnEventList              
0000145d  vTaskPlaceOnEventListRestricted    
00001415  vTaskPlaceOnUnorderedEventList     
00001365  vTaskPriorityDisinheritAfterTimeout
00001285  vTaskPrioritySet                   
000011d9  vTaskRemoveFromUnorderedEventList  
0000113d  vTaskResume                        
00001133  vTaskSetTaskNumber                 
00001119  vTaskSetTimeOutState               
000010c9  vTaskStartScheduler                
00000fe9  vTaskSuspend                       
00000c21  vTaskSuspendAll                    
00000f2d  vTaskSwitchContext                 
00004b53  vTimerSetReloadMode                
00004b41  vTimerSetTimerID                   
00004b3d  vTimerSetTimerNumber               
000073b9  wcslen                             
00005bf3  xPortGetFreeHeapSize               
00005bed  xPortGetMinimumEverFreeHeapSize    
0000698d  xPortPendSVHandler                 
000066cd  xPortStartScheduler                
0000666d  xPortSysTickHandler                
00003939  xQueueCreateCountingSemaphore      
0000391d  xQueueCreateMutex                  
000038c5  xQueueGenericCreate                
00003817  xQueueGenericReset                 
00003631  xQueueGenericSend                  
000037af  xQueueGenericSendFromISR           
00003751  xQueueGiveFromISR                  
00003725  xQueueGiveMutexRecursive           
00003597  xQueueIsQueueEmptyFromISR          
00003587  xQueueIsQueueFullFromISR           
0000349b  xQueuePeek                         
0000346b  xQueuePeekFromISR                  
0000337b  xQueueReceive                      
00003317  xQueueReceiveFromISR               
200055ac  xQueueRegistry                     
000031a9  xQueueSemaphoreTake                
000032c3  xQueueTakeMutexRecursive           
00000f05  xTaskCatchUpTicks                  
00000eab  xTaskCheckForTimeOut               
00000e33  xTaskCreate                        
00000c31  xTaskDelayUntil                    
00000b11  xTaskGenericNotify                 
000009b5  xTaskGenericNotifyFromISR          
00000971  xTaskGenericNotifyStateClear       
000008c9  xTaskGenericNotifyWait             
0000082d  xTaskGetCurrentTaskHandle          
00000815  xTaskGetSchedulerState             
00000807  xTaskGetTickCount                  
00000801  xTaskGetTickCountFromISR           
00000343  xTaskIncrementTick                 
00000771  xTaskPriorityDisinherit            
000006b5  xTaskPriorityInherit               
000005d5  xTaskRemoveFromEventList           
0000048b  xTaskResumeAll                     
00000289  xTaskResumeFromISR                 
00004b09  xTimerCreate                       
00004aa7  xTimerCreateTimerTask              
00004a17  xTimerGenericCommand               
00004a13  xTimerGetExpiryTime                
00004a0f  xTimerGetPeriod                    
000049f7  xTimerGetReloadMode                
000049f1  xTimerGetTimerDaemonTaskHandle     
000049d9  xTimerIsTimerActive                
000049b7  xTimerPendFunctionCall             
00004995  xTimerPendFunctionCallFromISR      


GLOBAL SYMBOLS: SORTED BY Symbol Address 

address   name                               
-------   ----                               
00000000  __TI_static_base__                 
00000000  g_pfnVectors                       
00000289  xTaskResumeFromISR                 
00000343  xTaskIncrementTick                 
0000048b  xTaskResumeAll                     
000005d5  xTaskRemoveFromEventList           
000006b5  xTaskPriorityInherit               
00000771  xTaskPriorityDisinherit            
00000800  __STACK_SIZE                       
00000801  xTaskGetTickCountFromISR           
00000807  xTaskGetTickCount                  
00000815  xTaskGetSchedulerState             
0000082d  xTaskGetCurrentTaskHandle          
000008c9  xTaskGenericNotifyWait             
00000971  xTaskGenericNotifyStateClear       
000009b5  xTaskGenericNotifyFromISR          
00000b11  xTaskGenericNotify                 
00000c21  vTaskSuspendAll                    
00000c31  xTaskDelayUntil                    
00000e33  xTaskCreate                        
00000e9d  vTaskInternalSetTimeOutState       
00000eab  xTaskCheckForTimeOut               
00000f05  xTaskCatchUpTicks                  
00000f2d  vTaskSwitchContext                 
00000fe9  vTaskSuspend                       
000010c9  vTaskStartScheduler                
00001119  vTaskSetTimeOutState               
00001133  vTaskSetTaskNumber                 
0000113d  vTaskResume                        
000011d9  vTaskRemoveFromUnorderedEventList  
00001285  vTaskPrioritySet                   
00001365  vTaskPriorityDisinheritAfterTimeout
00001415  vTaskPlaceOnUnorderedEventList     
0000145d  vTaskPlaceOnEventListRestricted    
00001499  vTaskPlaceOnEventList              
000014b1  vTaskMissedYield                   
000014c5  eTaskGetState                      
00001549  vTaskGetInfo                       
0000161b  uxTaskGetSystemState               
000016d9  vTaskList                          
000017a5  vTaskGetRunTimeStats               
00001845  vTaskGenericNotifyGiveFromISR      
0000192b  vTaskEndScheduler                  
00001959  vTaskDelete                        
000019f9  vTaskDelay                         
00001a27  uxTaskResetEventItemValue          
00001a3b  uxTaskPriorityGetFromISR           
00001a5b  uxTaskPriorityGet                  
00001a73  uxTaskGetTaskNumber                
00001a7d  uxTaskGetStackHighWaterMark        
00001a89  uxTaskGetNumberOfTasks             
00001aa1  ulTaskGenericNotifyValueClear      
00001ae9  ulTaskGenericNotifyTake            
00001b5f  pvTaskIncrementMutexHeldCount      
00001be9  pcTaskGetName                      
00001c25  SysCtlVoltageEventStatus           
00001c2b  SysCtlVoltageEventConfig           
00001c33  SysCtlVoltageEventClear            
00001c3d  SysCtlVCOGet                       
00001c9f  SysCtlUSBPLLEnable                 
00001cad  SysCtlUSBPLLDisable                
00001cbb  SysCtlSleepPowerSet                
00001cc3  SysCtlSRAMSizeGet                  
00001cd1  SysCtlResetCauseGet                
00001cd9  SysCtlResetCauseClear              
00001ce7  SysCtlResetBehaviorSet             
00001cef  SysCtlResetBehaviorGet             
00001cf7  SysCtlReset                        
00001cff  SysCtlPeripheralSleepEnable        
00001d2d  SysCtlPeripheralSleepDisable       
00001d5b  SysCtlPeripheralReset              
00001dc9  SysCtlPeripheralReady              
00001dfb  SysCtlPeripheralPresent            
00001e2d  SysCtlPeripheralPowerOn            
00001e5b  SysCtlPeripheralPowerOff           
00001e89  SysCtlPeripheralEnable             
00001eb7  SysCtlPeripheralDisable            
00001ee5  SysCtlPeripheralDeepSleepEnable    
00001f13  SysCtlPeripheralDeepSleepDisable   
00001f41  SysCtlPeripheralClockGating        
00001f83  SysCtlPWMClockSet                  
00001f91  SysCtlPWMClockGet                  
00001fa9  SysCtlPIOSCCalibrate               
00001ff1  SysCtlNMIStatus                    
00001ff9  SysCtlNMIClear                     
00002011  SysCtlMOSCConfigSet                
00002019  SysCtlLDOSleepSet                  
00002021  SysCtlLDOSleepGet                  
00002029  SysCtlLDODeepSleepSet              
00002031  SysCtlLDODeepSleepGet              
00002039  SysCtlIntUnregister                
00002049  SysCtlIntStatus                    
00002059  SysCtlIntRegister                  
0000206b  SysCtlIntEnable                    
00002077  SysCtlIntDisable                   
00002085  SysCtlIntClear                     
00002099  SysCtlGPIOAHBEnable                
000020af  SysCtlGPIOAHBDisable               
000020c5  SysCtlFlashSizeGet                 
000020f5  SysCtlFlashSectorSizeGet           
0000211b  SysCtlDeepSleepPowerSet            
00002121  SysCtlDeepSleepClockSet            
0000212d  SysCtlDeepSleepClockConfigSet      
00002189  SysCtlDeepSleep                    
000021b1  SysCtlClockSet                     
00002295  SysCtlClockOutConfig               
000022bd  SysCtlClockGet                     
0000247d  SysCtlClockFreqSet                 
0000266d  SysCtlAltClkConfig                 
000026c5  __TI_printfi                       
00003113  __aeabi_idiv0                      
00003113  __aeabi_ldiv0                      
000031a9  xQueueSemaphoreTake                
000032c3  xQueueTakeMutexRecursive           
00003317  xQueueReceiveFromISR               
0000337b  xQueueReceive                      
0000346b  xQueuePeekFromISR                  
0000349b  xQueuePeek                         
00003587  xQueueIsQueueFullFromISR           
00003597  xQueueIsQueueEmptyFromISR          
00003631  xQueueGenericSend                  
00003725  xQueueGiveMutexRecursive           
00003751  xQueueGiveFromISR                  
000037af  xQueueGenericSendFromISR           
00003817  xQueueGenericReset                 
000038c5  xQueueGenericCreate                
0000391d  xQueueCreateMutex                  
00003939  xQueueCreateCountingSemaphore      
00003955  vQueueWaitForMessageRestricted     
0000399d  vQueueUnregisterQueue              
000039c3  vQueueSetQueueNumber               
000039c7  vQueueDelete                       
000039d7  vQueueAddToRegistry                
00003a13  uxQueueSpacesAvailable             
00003a29  uxQueueMessagesWaitingFromISR      
00003a2d  uxQueueMessagesWaiting             
00003a3f  uxQueueGetQueueNumber              
00003a43  ucQueueGetQueueType                
00003a49  pcQueueGetName                     
00003acb  UARTwrite                          
00003b25  UARTvprintf                        
00003d1d  UARTprintf                         
00003d55  UARTgets                           
00004017  UARTgetc                           
0000402d  UARTTxBytesFree                    
00004049  UARTStdioIntHandler                
00004113  UARTFlushRx                        
00004125  UARTFlushTx                        
0000414d  UARTStdioConfig                    
00004213  UARTRxBytesAvail                   
00004221  UARTEchoSet                        
0000426d  GPIOUnlockPin                      
0000427f  GPIOPinWrite                       
00004285  GPIOPinWakeStatus                  
0000428b  GPIODirModeSet                     
000042bb  GPIOPadConfigSet                   
0000443b  GPIOPinTypeWakeLow                 
00004453  GPIOPinTypeWakeHigh                
0000446b  GPIOPinTypeUSBDigital              
00004481  GPIOPinTypeUSBAnalog               
00004497  GPIOPinTypeUART                    
000044ad  GPIOPinTypeTrace                   
000044c3  GPIOPinTypeTimer                   
000044d9  GPIOPinTypeSSI                     
000044ef  GPIOPinTypeQEI                     
00004505  GPIOPinTypePWM                     
0000451b  GPIOPinTypeOneWire                 
00004531  GPIOPinTypeLCD                     
00004547  GPIOPinTypeI2CSCL                  
0000455d  GPIOPinTypeI2C                     
00004573  GPIOPinTypeHibernateRTCCLK         
00004589  GPIOPinTypeGPIOOutputOD            
000045a3  GPIOPinTypeGPIOOutput              
000045bd  GPIOPinTypeGPIOInput               
000045d9  GPIOPinTypeEthernetMII             
000045ef  GPIOPinTypeEthernetLED             
00004605  GPIOPinTypeEPI                     
00004629  GPIOPinTypeDIVSCLK                 
0000463f  GPIOPinTypeComparatorOutput        
00004655  GPIOPinTypeComparator              
0000466b  GPIOPinTypeCAN                     
00004681  GPIOPinTypeADC                     
00004697  GPIOPinRead                        
0000469d  GPIOPinConfigure                   
000046db  GPIOPadConfigGet                   
000047dd  GPIOIntUnregisterPin               
000047f5  GPIOIntUnregister                  
00004809  GPIOIntTypeSet                     
00004869  GPIOIntTypeGet                     
000048b5  GPIOIntStatus                      
000048c3  GPIOIntRegisterPin                 
000048df  GPIOIntRegister                    
000048f7  GPIOIntEnable                      
00004903  GPIOIntDisable                     
00004911  GPIOIntClear                       
00004917  GPIODirModeGet                     
00004941  GPIODMATriggerEnable               
0000494d  GPIODMATriggerDisable              
0000495b  GPIOADCTriggerEnable               
00004967  GPIOADCTriggerDisable              
00004995  xTimerPendFunctionCallFromISR      
000049b7  xTimerPendFunctionCall             
000049d9  xTimerIsTimerActive                
000049f1  xTimerGetTimerDaemonTaskHandle     
000049f7  xTimerGetReloadMode                
00004a0f  xTimerGetPeriod                    
00004a13  xTimerGetExpiryTime                
00004a17  xTimerGenericCommand               
00004aa7  xTimerCreateTimerTask              
00004b09  xTimerCreate                       
00004b3d  vTimerSetTimerNumber               
00004b41  vTimerSetTimerID                   
00004b53  vTimerSetReloadMode                
00004b7f  uxTimerGetTimerNumber              
00004b83  uxTimerGetReloadMode               
00004b87  pvTimerGetTimerID                  
00004e59  pcTimerGetName                     
00004e69  TimerValueGet64                    
00004e7f  TimerValueGet                      
00004e8b  TimerUpdateMode                    
00004eb3  TimerSynchronize                   
00004eb7  TimerRTCEnable                     
00004ec1  TimerRTCDisable                    
00004ecb  TimerPrescaleSet                   
00004edd  TimerPrescaleMatchSet              
00004eef  TimerPrescaleMatchGet              
00004efb  TimerPrescaleGet                   
00004f07  TimerMatchSet64                    
00004f0d  TimerMatchSet                      
00004f1f  TimerMatchGet64                    
00004f35  TimerMatchGet                      
00004f41  TimerLoadSet64                     
00004f47  TimerLoadSet                       
00004f59  TimerLoadGet64                     
00004f6f  TimerLoadGet                       
00004fbb  TimerIntUnregister                 
00004fcf  TimerIntStatus                     
00004fd9  TimerIntRegister                   
00004ff1  TimerIntEnable                     
00004ff9  TimerIntDisable                    
00005003  TimerIntClear                      
00005007  TimerEnable                        
00005015  TimerDisable                       
00005029  TimerDMAEventSet                   
0000502d  TimerDMAEventGet                   
00005031  TimerControlWaitOnTrigger          
0000506b  TimerControlTrigger                
000050ab  TimerControlStall                  
000050c1  TimerControlLevel                  
000050d7  TimerControlEvent                  
000050e9  TimerConfigure                     
00005141  TimerClockSourceSet                
00005147  TimerClockSourceGet                
0000514d  TimerADCEventSet                   
00005151  TimerADCEventGet                   
0000516d  UARTTxIntModeSet                   
00005179  UARTTxIntModeGet                   
00005181  UARTSpaceAvail                     
0000518f  UARTSmartCardEnable                
000051a5  UARTSmartCardDisable               
000051af  UARTRxErrorGet                     
000051b7  UARTRxErrorClear                   
000051bd  UARTParityModeSet                  
000051c9  UARTParityModeGet                  
000051d1  UARTModemStatusGet                 
000051db  UARTModemControlSet                
000051e7  UARTModemControlGet                
000051ef  UARTModemControlClear              
00005201  UARTLoopbackEnable                 
00005241  UARTIntUnregister                  
00005255  UARTIntStatus                      
0000525f  UARTIntRegister                    
00005277  UARTIntEnable                      
0000527f  UARTIntDisable                     
00005289  UARTIntClear                       
0000528d  UARTFlowControlSet                 
00005299  UARTFlowControlGet                 
000052a1  UARTFIFOLevelSet                   
000052a7  UARTFIFOLevelGet                   
000052b7  UARTFIFOEnable                     
000052c1  UARTFIFODisable                    
000052cb  UARTEnableSIR                      
000052e3  UARTEnable                         
000052f7  UARTDisableSIR                     
00005301  UARTDisable                        
00005319  UARTDMAEnable                      
00005321  UARTDMADisable                     
0000532b  UARTConfigSetExpClk                
0000536f  UARTConfigGetExpClk                
00005397  UARTClockSourceSet                 
0000539d  UARTClockSourceGet                 
000053a3  UARTCharsAvail                     
000053b1  UARTCharPutNonBlocking             
000053c1  UARTCharPut                        
000053cb  UARTCharGetNonBlocking             
000053db  UARTCharGet                        
000053e5  UARTBusy                           
000053ed  UARTBreakCtl                       
00005401  UART9BitEnable                     
0000540f  UART9BitDisable                    
0000541d  UART9BitAddrSet                    
00005427  UART9BitAddrSend                   
00005467  IntUnregister                      
00005471  IntTrigger                         
00005479  IntRegister                        
000054a3  IntPrioritySet                     
000054cf  IntPriorityGroupingSet             
000054e1  IntPriorityGroupingGet             
00005503  IntPriorityGet                     
0000551d  IntPendSet                         
00005567  IntPendClear                       
000055a3  IntMasterEnable                    
000055b3  IntMasterDisable                   
000055c3  IntIsEnabled                       
0000561b  IntEnable                          
00005675  IntDisable                         
00005709  vApplicationStackOverflowHook      
00005791  main                               
000058b9  GPIOFIntHandler                    
00005bed  xPortGetMinimumEverFreeHeapSize    
00005bf3  xPortGetFreeHeapSize               
00005bf9  vPortInitialiseBlocks              
00005bfb  vPortGetHeapStats                  
00005cb7  vPortFree                          
00005d41  pvPortMalloc                       
00005def  pvPortCalloc                       
0000600d  __aeabi_dsub                       
00006017  __aeabi_dadd                       
00006301  __aeabi_ddiv                       
0000655d  ldexp                              
0000655d  ldexpl                             
0000655d  scalbn                             
0000655d  scalbnl                            
0000666d  xPortSysTickHandler                
000066a3  vPortSetupTimerInterrupt           
000066cd  xPortStartScheduler                
00006701  vPortExitCritical                  
00006713  vPortEnterCritical                 
0000672b  vPortEndScheduler                  
0000672d  pxPortInitialiseStack              
00006771  __aeabi_dmul                       
0000686d  ButtonsPoll                        
000068ed  ButtonsInit                        
00006975  ulPortGetIPSR                      
0000698d  xPortPendSVHandler                 
000069ed  vPortSVCHandler                    
00006a0d  vPortStartFirstTask                
00006a31  vPortEnableVFP                     
00006af3  __aeabi_memcpy                     
00006af3  __aeabi_memcpy4                    
00006af3  __aeabi_memcpy8                    
00006af3  memcpy                             
00006b8f  __aeabi_uldivmod                   
00006c25  vListInsertEnd                     
00006c3d  vListInsert                        
00006c6f  vListInitialiseItem                
00006c75  vListInitialise                    
00006c93  uxListRemove                       
00006cb9  __aeabi_cdcmpeq                    
00006cb9  __aeabi_cdcmple                    
00006d3f  __aeabi_cdrcmple                   
00006dc5  __aeabi_memclr                     
00006dc5  __aeabi_memclr4                    
00006dc5  __aeabi_memclr8                    
00006dc7  __aeabi_memset                     
00006dc7  __aeabi_memset4                    
00006dc7  __aeabi_memset8                    
00006dcd  memset                             
00006ead  __TI_decompress_lzss               
00006f15  vConfigureTimerForRunTimeStats     
00006f79  frexp                              
00006f79  frexpl                             
00007033  __TI_ltoa                          
000070d9  atoi                               
00007125  __aeabi_d2iz                       
0000716d  __TI_auto_init_nobinit_nopinit     
000071b1  __aeabi_uidiv                      
000071b1  __aeabi_uidivmod                   
000071f1  sprintf                            
0000726f  CPUwfi                             
0000726f  SysCtlSleep                        
0000726f  vApplicationIdleHook               
00007273  CPUprimask                         
0000727d  CPUcpsie                           
00007289  CPUcpsid                           
00007295  CPUbasepriSet                      
00007295  IntPriorityMaskSet                 
0000729b  CPUbasepriGet                      
0000729b  IntPriorityMaskGet                 
000072a5  _c_int00_noargs                    
000072d9  __aeabi_i2d                        
00007309  GetOverflowCounts                  
0000732d  memccpy                            
00007349  copysign                           
00007349  copysignl                          
0000737b  strchr                             
00007391  strcpy                             
000073a5  strlen                             
000073b9  wcslen                             
000073cb  __TI_decompress_none               
000073d9  __TI_zero_init                     
000073e5  ResetISR                           
000073fd  __aeabi_errno_addr                 
00007405  SysCtlDelay                        
0000740b  _system_pre_init                   
0000740f  C$$EXIT                            
0000740f  abort                              
000075c4  _ctypes_                           
00007bf8  ulMaxSyscallInterruptPriority      
00007bfc  uxTopUsedPriority                  
00007c20  __TI_Handler_Table_Base            
00007c2c  __TI_Handler_Table_Limit           
00007c40  __TI_CINIT_Base                    
00007c58  __TI_CINIT_Limit                   
20000000  __start___llvm_prf_cnts            
20000000  __stop___llvm_prf_cnts             
20000000  g_pfnRAMVectors                    
200055ac  xQueueRegistry                     
200056e0  miSemaforo                         
200056e8  __stack                            
20005ee8  __STACK_END                        
20005ee8  __STACK_TOP                        
20005ee8  pxCurrentTCB                       
20005f50  i32Semaforo_malo1                  
20005f58  errno                              
ffffffff  __TI_pprof_out_hndl                
ffffffff  __TI_prof_data_size                
ffffffff  __TI_prof_data_start               
ffffffff  __binit__                          
ffffffff  __c_args__                         
ffffffff  binit                              
UNDEFED   __mpu_init                         
UNDEFED   _system_post_cinit                 

[433 symbols]
