******************************************************************************
                  TI ARM Linker PC v20.2.7                     
******************************************************************************
>> Linked Tue Apr 30 10:30:32 2024

OUTPUT FILE NAME:   <base-practica-TIVA-2023-ADC-i2c.out>
ENTRY POINT SYMBOL: "_c_int00_noargs"  address: 0001bedd


MEMORY CONFIGURATION

         name            origin    length      used     unused   attr    fill
----------------------  --------  ---------  --------  --------  ----  --------
  FLASH                 00000000   00040000  0001d14a  00022eb6  R  X
  SRAM                  20000000   00008000  00006919  000016e7  RW X


SEGMENT ALLOCATION MAP

run origin  load origin   length   init length attrs members
----------  ----------- ---------- ----------- ----- -------
00000000    00000000    0001d150   0001d150    r-x
  00000000    00000000    0000026c   0000026c    r-- .intvecs
  0000026c    0000026c    0001be7e   0001be7e    r-x .text
  0001c0ec    0001c0ec    00000eb8   00000eb8    r-- .const
  0001cfa8    0001cfa8    000001a8   000001a8    r-- .cinit
20000000    20000000    00006920   00000000    rw-
  20000000    20000000    0000026c   00000000    rw- .vtable
  2000026c    2000026c    000061b9   00000000    rw- .bss
  20006428    20006428    000002f4   00000000    rw- .data
  20006720    20006720    00000200   00000000    rw- .stack


SECTION ALLOCATION MAP

 output                                  attributes/
section   page    origin      length       input sections
--------  ----  ----------  ----------   ----------------
.intvecs   0    00000000    0000026c     
                  00000000    0000026c     startup_ccs.obj (.intvecs)

.text      0    0000026c    0001be7e     
                  0000026c    00003084     usbhostenum.obj (.text)
                  000032f0    00002870     tasks.obj (.text)
                  00005b60    0000238c     usb.obj (.text)
                  00007eec    00001688     sysctl.obj (.text)
                  00009574    00001570     usbdenum.obj (.text)
                  0000aae4    00001288     gpio.obj (.text)
                  0000bd6c    00001040     adc.obj (.text)
                  0000cdac    00000fdc     usbdcdc.obj (.text)
                  0000dd88    00000fa8     usbdma.obj (.text)
                  0000ed30    00000fa0     queue.obj (.text)
                  0000fcd0    00000ea4     i2cm_drv.obj (.text)
                  00010b74    00000d20     timer.obj (.text)
                  00011894    00000c5c     commands.obj (.text)
                  000124f0    00000bb8     i2c.obj (.text)
                  000130a8    00000b8c     uartstdio.obj (.text)
                  00013c34    00000b08     uart.obj (.text)
                  0001473c    00000a4e     rtsv7M4_T_le_v4SPD16_eabi.lib : _printfi.c.obj (.text:__TI_printfi)
                  0001518a    00000002                                   : div0.asm.obj (.text)
                  0001518c    00000924     usbhhub.obj (.text)
                  00015ab0    0000079c     timers.obj (.text)
                  0001624c    00000598     usbbuffer.obj (.text)
                  000167e4    00000570     usbmode.obj (.text)
                  00016d54    00000490     interrupt.obj (.text)
                  000171e4    0000048c     usbringbuf.obj (.text)
                  00017670    00000478     heap_4.obj (.text)
                  00017ae8    0000042c     rgb.obj (.text)
                  00017f14    000003cc     usb_dev_serial.obj (.text)
                  000182e0    000003c8     rtsv7M4_T_le_v4SPD16_eabi.lib : strtof.c.obj (.text:strtof)
                  000186a8    000003bc     usbdconfig.obj (.text)
                  00018a64    000002fc     BMI160.obj (.text)
                  00018d60    000002f2     serialprotocol.obj (.text)
                  00019052    000002de     usbdcdesc.obj (.text)
                  00019330    000002d0     port.obj (.text)
                  00019600    000002d0     remotelink.obj (.text)
                  000198d0    000002c0     ACME_3416.obj (.text)
                  00019b90    00000270     rtsv7M4_T_le_v4SPD16_eabi.lib : _printfi.c.obj (.text:_pconv_a)
                  00019e00    0000022c     ACMEsim.lib : ACMESim_i2c_slave.obj (.text)
                  0001a02c    000001d2     usbdesc.obj (.text)
                  0001a1fe    00000002     --HOLE-- [fill = 0]
                  0001a200    000001d0     rtsv7M4_T_le_v4SPD16_eabi.lib : _printfi.c.obj (.text:_pconv_g)
                  0001a3d0    000001c4     main.obj (.text)
                  0001a594    000001b6     rtsv7M4_T_le_v4SPD16_eabi.lib : fd_add_t2.asm.obj (.text)
                  0001a74a    00000002     --HOLE-- [fill = 0]
                  0001a74c    00000148     configADC.obj (.text)
                  0001a894    0000013c     rtsv7M4_T_le_v4SPD16_eabi.lib : _printfi.c.obj (.text:_pconv_e)
                  0001a9d0    00000136                                   : fd_div_t2.asm.obj (.text)
                  0001ab06    0000012a     list.obj (.text)
                  0001ac30    00000124     cpu_usage.obj (.text)
                  0001ad54    00000124     rtsv7M4_T_le_v4SPD16_eabi.lib : _printfi.c.obj (.text:fcvt)
                  0001ae78    00000110                                   : s_scalbn.c.obj (.text:scalbn)
                  0001af88    00000110                                   : strtoul.c.obj (.text:strtoul)
                  0001b098    000000fc                                   : fd_mul_t2.asm.obj (.text)
                  0001b194    000000ec     usbtick.obj (.text)
                  0001b280    000000da     portasm.obj (.text)
                  0001b35a    00000002     --HOLE-- [fill = 0]
                  0001b35c    000000d0     rtsv7M4_T_le_v4SPD16_eabi.lib : s_scalbnf.c.obj (.text:scalbnf)
                  0001b42c    000000c8     usbulpi.obj (.text)
                  0001b4f4    000000b1     rtsv7M4_T_le_v4SPD16_eabi.lib : _printfi.c.obj (.text:_ltostr)
                  0001b5a5    00000003     --HOLE-- [fill = 0]
                  0001b5a8    000000ac     cmdline.obj (.text)
                  0001b654    0000009c     rtsv7M4_T_le_v4SPD16_eabi.lib : memcpy_t2.asm.obj (.text)
                  0001b6f0    00000096                                   : ull_div_t2.asm.obj (.text)
                  0001b786    00000086                                   : fd_cmp_t2.asm.obj (.text:__aeabi_cdcmple)
                  0001b80c    00000086                                   : fd_cmp_t2.asm.obj (.text:__aeabi_cdrcmple)
                  0001b892    0000007a                                   : memset_t2.asm.obj (.text)
                  0001b90c    0000006e                                   : _printfi.c.obj (.text:_mcpy)
                  0001b97a    00000002     --HOLE-- [fill = 0]
                  0001b97c    00000068     crc.obj (.text)
                  0001b9e4    00000068     RunTimeStatsConfig.obj (.text)
                  0001ba4c    00000068     rtsv7M4_T_le_v4SPD16_eabi.lib : copy_decompress_lzss.c.obj (.text:decompress:lzss:__TI_decompress_lzss)
                  0001bab4    00000064                                   : s_frexp.c.obj (.text:frexp)
                  0001bb18    00000056                                   : _printfi.c.obj (.text:_pconv_f)
                  0001bb6e    00000054                                   : _ltoa.c.obj (.text:__TI_ltoa)
                  0001bbc2    00000052                                   : _printfi.c.obj (.text:_ecpy)
                  0001bc14    00000050                                   : fs_toull_t2.asm.obj (.text)
                  0001bc64    0000004c                                   : atoi.c.obj (.text:atoi)
                  0001bcb0    00000048                                   : fd_toi_t2.asm.obj (.text)
                  0001bcf8    00000044                                   : autoinit.c.obj (.text:__TI_auto_init_nobinit_nopinit:__TI_auto_init_nobinit_nopinit)
                  0001bd3c    00000040                                   : u_divt2.asm.obj (.text)
                  0001bd7c    00000040                                   : sprintf.c.obj (.text:sprintf)
                  0001bdbc    0000003e                                   : _printfi.c.obj (.text:_fcpy)
                  0001bdfa    0000003e     cpu.obj (.text)
                  0001be38    00000036     commands.obj (.text:I2CMRead)
                  0001be6e    00000036     commands.obj (.text:I2CMWrite)
                  0001bea4    00000036     commands.obj (.text:I2CMWriteBatched)
                  0001beda    00000002     --HOLE-- [fill = 0]
                  0001bedc    00000034     rtsv7M4_T_le_v4SPD16_eabi.lib : boot_cortex_m.c.obj (.text:_c_int00_noargs:_c_int00_noargs)
                  0001bf10    0000002e                                   : i_tofd_t2.asm.obj (.text)
                  0001bf3e    00000002     --HOLE-- [fill = 0]
                  0001bf40    0000002c     startup_ccs.obj (.text)
                  0001bf6c    0000002c     rtsv7M4_T_le_v4SPD16_eabi.lib : strncmp.c.obj (.text:strncmp)
                  0001bf98    00000024     RunTimeStatsConfig.obj (.text:GetOverflowCounts)
                  0001bfbc    00000024     usbdhandler.obj (.text)
                  0001bfe0    0000001c     rtsv7M4_T_le_v4SPD16_eabi.lib : memccpy.c.obj (.text:memccpy)
                  0001bffc    0000001a                                   : s_copysign.c.obj (.text:copysign)
                  0001c016    00000018                                   : sprintf.c.obj (.text:_outs)
                  0001c02e    00000018                                   : s_copysignf.c.obj (.text:copysignf)
                  0001c046    00000018                                   : strcmp.c.obj (.text:strcmp)
                  0001c05e    00000016                                   : strchr.c.obj (.text:strchr)
                  0001c074    00000014                                   : strcpy.c.obj (.text:strcpy)
                  0001c088    00000014                                   : strlen.c.obj (.text:strlen)
                  0001c09c    00000012                                   : wcslen.c.obj (.text:wcslen)
                  0001c0ae    0000000e                                   : copy_decompress_none.c.obj (.text:decompress:none:__TI_decompress_none)
                  0001c0bc    0000000c                                   : copy_zero_init.c.obj (.text:decompress:ZI:__TI_zero_init)
                  0001c0c8    0000000a                                   : sprintf.c.obj (.text:_outc)
                  0001c0d2    00000002     --HOLE-- [fill = 0]
                  0001c0d4    00000008                                   : errno.c.obj (.text:__aeabi_errno_addr)
                  0001c0dc    00000006     sysctl.obj (.text:SysCtlDelay)
                  0001c0e2    00000004     rtsv7M4_T_le_v4SPD16_eabi.lib : pre_init.c.obj (.text:_system_pre_init)
                  0001c0e6    00000004                                   : exit.c.obj (.text:abort:abort)

.const     0    0001c0ec    00000eb8     
                  0001c0ec    00000200     crc.obj (.const:crctttab)
                  0001c2ec    000001fe     commands.obj (.const:.string)
                  0001c4ea    00000002     --HOLE-- [fill = 0]
                  0001c4ec    000001b0     sysctl.obj (.const:g_pppui32XTALtoVCO)
                  0001c69c    00000101     rtsv7M4_T_le_v4SPD16_eabi.lib : ctype.c.obj (.const:.string:_ctypes_)
                  0001c79d    00000003     --HOLE-- [fill = 0]
                  0001c7a0    000000d8     gpio.obj (.const:g_ppui32GPIOIntMapSnowflake)
                  0001c878    000000c0     gpio.obj (.const:g_ppui32GPIOIntMapBlizzard)
                  0001c938    0000009c     interrupt.obj (.const:g_pui32Regs)
                  0001c9d4    00000090     gpio.obj (.const:g_pui32GPIOBaseAddrs)
                  0001ca64    0000006c     sysctl.obj (.const:g_pui32Xtals)
                  0001cad0    00000060     timer.obj (.const:g_ppui32TimerIntMap)
                  0001cb30    00000058     rtsv7M4_T_le_v4SPD16_eabi.lib : strtof.c.obj (.const:$O1$$)
                  0001cb88    00000050     i2c.obj (.const:g_ppui32I2CIntMapSnowflake)
                  0001cbd8    00000040     timer.obj (.const:g_ppui32TimerIntMapSnowflake)
                  0001cc18    00000040     uart.obj (.const:g_ppui32UARTIntMap)
                  0001cc58    00000040     uart.obj (.const:g_ppui32UARTIntMapSnowflake)
                  0001cc98    00000036     usb_serial_structs.obj (.const:.string:g_pui8ConfigString)
                  0001ccce    00000002     --HOLE-- [fill = 0]
                  0001ccd0    00000034     usbdenum.obj (.const:g_psUSBDStdRequests)
                  0001cd04    00000030     i2c.obj (.const:g_ppui32I2CIntMap)
                  0001cd34    00000030     usbdcdc.obj (.const:g_sCDCHandlers)
                  0001cd64    00000030     sysctl.obj (.const:g_sXTALtoMEMTIM)
                  0001cd94    0000002c     usb_serial_structs.obj (.const:.string:g_pui8ControlInterfaceString)
                  0001cdc0    00000024     usb_serial_structs.obj (.const:.string:g_pui8ManufacturerString)
                  0001cde4    00000023     usbdcdc.obj (.const:.string:g_pui8CDCSerCommInterface)
                  0001ce07    00000022     usb_serial_structs.obj (.const:.string:g_pui8ProductString)
                  0001ce29    00000003     --HOLE-- [fill = 0]
                  0001ce2c    00000020     interrupt.obj (.const:g_pui32Priority)
                  0001ce4c    00000018     usb_serial_structs.obj (.const:g_ppui8StringDescriptors)
                  0001ce64    00000017     usbdcdc.obj (.const:.string:g_pui8CDCSerDataInterface)
                  0001ce7b    00000017     usbdcdc.obj (.const:.string:g_pui8CDCSerDataInterfaceHS)
                  0001ce92    00000002     --HOLE-- [fill = 0]
                  0001ce94    00000014     interrupt.obj (.const:g_pui32Dii16Regs)
                  0001cea8    00000014     interrupt.obj (.const:g_pui32EnRegs)
                  0001cebc    00000014     interrupt.obj (.const:g_pui32PendRegs)
                  0001ced0    00000014     interrupt.obj (.const:g_pui32UnpendRegs)
                  0001cee4    00000012     usb_serial_structs.obj (.const:.string:g_pui8SerialNumberString)
                  0001cef6    00000002     --HOLE-- [fill = 0]
                  0001cef8    00000012     uartstdio.obj (.const:.string)
                  0001cf0a    00000002     --HOLE-- [fill = 0]
                  0001cf0c    0000000c     uartstdio.obj (.const:g_ui32UARTBase)
                  0001cf18    0000000c     uartstdio.obj (.const:g_ui32UARTInt)
                  0001cf24    0000000c     uartstdio.obj (.const:g_ui32UARTPeriph)
                  0001cf30    00000008     sysctl.obj (.const:g_pui32VCOFrequencies)
                  0001cf38    00000008     usbdcdc.obj (.const:g_sCDCCompSerConfigHeader)
                  0001cf40    00000008     usbdcdc.obj (.const:g_sCDCCompSerConfigHeaderHS)
                  0001cf48    00000008     usbdcdc.obj (.const:g_sCDCSerCommInterfaceSection)
                  0001cf50    00000008     usbdcdc.obj (.const:g_sCDCSerConfigHeader)
                  0001cf58    00000008     usbdcdc.obj (.const:g_sCDCSerConfigHeaderHS)
                  0001cf60    00000008     usbdcdc.obj (.const:g_sCDCSerConfigSection)
                  0001cf68    00000008     usbdcdc.obj (.const:g_sCDCSerDataInterfaceSection)
                  0001cf70    00000008     usbdcdc.obj (.const:g_sCDCSerDataInterfaceSectionHS)
                  0001cf78    00000008     usbdcdc.obj (.const:g_sIADSerConfigSection)
                  0001cf80    00000008     port.obj (.const)
                  0001cf88    00000004     usb_serial_structs.obj (.const:.string:g_pui8LangDescriptor)
                  0001cf8c    00000004     usbdcdc.obj (.const:g_pCDCCompSerConfigDescriptors)
                  0001cf90    00000004     usbdcdc.obj (.const:g_pCDCCompSerConfigDescriptorsHS)
                  0001cf94    00000004     usbdcdc.obj (.const:g_ppCDCSerConfigDescriptors)
                  0001cf98    00000004     usbdcdc.obj (.const:g_ppCDCSerConfigDescriptorsHS)
                  0001cf9c    00000004     tasks.obj (.const)
                  0001cfa0    00000004     uartstdio.obj (.const)

.cinit     0    0001cfa8    000001a8     
                  0001cfa8    0000016e     (.cinit..data.load) [load image, compression = lzss]
                  0001d116    00000002     --HOLE-- [fill = 0]
                  0001d118    0000000c     (__TI_handler_table)
                  0001d124    00000004     --HOLE-- [fill = 0]
                  0001d128    00000008     (.cinit..bss.load) [load image, compression = zero_init]
                  0001d130    00000008     (.cinit..vtable.load) [load image, compression = zero_init]
                  0001d138    00000018     (__TI_cinit_table)

.init_array 
*          0    00000000    00000000     UNINITIALIZED

.vtable    0    20000000    0000026c     UNINITIALIZED
                  20000000    0000026c     interrupt.obj (.vtable)

.bss       0    2000026c    000061b9     UNINITIALIZED
                  2000026c    00005000     heap_4.obj (.bss:ucHeap)
                  2000526c    000006cc     usbhostenum.obj (.bss:g_sUSBHCD)
                  20005938    00000200     uartstdio.obj (.bss:g_pcUARTRxHistoryBuffer)
                  20005b38    00000140     tasks.obj (.bss:pxReadyTasksLists)
                  20005c78    00000124     commands.obj (.bss:g_sI2CInst)
                  20005d9c    00000110     usbdma.obj (.bss:g_psUSBDMAInst)
                  20005eac    00000100     (.common:g_pui8USBRxBuffer)
                  20005fac    00000100     (.common:g_pui8USBTxBuffer)
                  200060ac    0000009c     usbhhub.obj (.bss:g_sRootHub)
                  20006148    00000050     (.common:g_psDCDInst)
                  20006198    00000040     remotelink.obj (.bss:Rxframe)
                  200061d8    00000040     remotelink.obj (.bss:Txframe)
                  20006218    00000040     usbdenum.obj (.bss:g_pui8DataBufferIn)
                  20006258    00000024     cmdline.obj (.bss:g_ppcArgv)
                  2000627c    00000020     uartstdio.obj (.bss:g_usUARTRxHistoryOffset)
                  2000629c    00000018     usbhostenum.obj (.bss:g_pi32USBHActiveDriver)
                  200062b4    00000018     usbhostenum.obj (.bss:g_ppvDriverInstance)
                  200062cc    00000018     (.common:g_pfnTickHandlers)
                  200062e4    00000018     (.common:g_pvTickInstance)
                  200062fc    00000014     uartstdio.obj (.bss)
                  20006310    00000014     timers.obj (.bss:xActiveTimerList1)
                  20006324    00000014     timers.obj (.bss:xActiveTimerList2)
                  20006338    00000014     tasks.obj (.bss:xDelayedTaskList1)
                  2000634c    00000014     tasks.obj (.bss:xDelayedTaskList2)
                  20006360    00000014     tasks.obj (.bss:xPendingReadyList)
                  20006374    00000014     tasks.obj (.bss:xSuspendedTaskList)
                  20006388    00000014     tasks.obj (.bss:xTasksWaitingTermination)
                  2000639c    0000000c     cpu_usage.obj (.bss)
                  200063a8    0000000c     rgb.obj (.bss:g_ui32Colors)
                  200063b4    00000008     ACME_3416.obj (.bss:ACME_data)
                  200063bc    00000008     BMI160.obj (.bss:BMI160_data)
                  200063c4    00000008     usbhostenum.obj (.bss:g_pui32Alloc)
                  200063cc    00000008     adc.obj (.bss:g_pui8OversampleFactor)
                  200063d4    00000008     tasks.obj (.bss)
                  200063dc    00000008     timers.obj (.bss)
                  200063e4    00000008     usb_dev_serial.obj (.bss)
                  200063ec    00000008     usbhhub.obj (.bss)
                  200063f4    00000008     heap_4.obj (.bss:xStart)
                  200063fc    00000004     configADC.obj (.bss)
                  20006400    00000004     remotelink.obj (.bss)
                  20006404    00000004     rgb.obj (.bss)
                  20006408    00000004     usbdenum.obj (.bss)
                  2000640c    00000004     usbhostenum.obj (.bss)
                  20006410    00000004     usbmode.obj (.bss)
                  20006414    00000004     (.common:g_ppsDevInfo)
                  20006418    00000004     (.common:g_ui32CPUUsage)
                  2000641c    00000004     (.common:g_ui32PollRate)
                  20006420    00000004     (.common:g_ulSystemClock)
                  20006424    00000001     (.common:g_eOTGModeState)

.data      0    20006428    000002f4     UNINITIALIZED
                  20006428    0000009c     commands.obj (.data:g_psCmdTable)
                  200064c4    00000060     usb_serial_structs.obj (.data:g_sCDCDevice)
                  20006524    0000003c     tasks.obj (.data)
                  20006560    00000038     usb_serial_structs.obj (.data:g_sRxBuffer)
                  20006598    00000038     usb_serial_structs.obj (.data:g_sTxBuffer)
                  200065d0    00000018     cpu_usage.obj (.data:g_pui32CPUUsageTimerBase)
                  200065e8    00000018     cpu_usage.obj (.data:g_pui32CPUUsageTimerPeriph)
                  20006600    00000018     usbhostenum.obj (.data:g_sUSBHEP0State)
                  20006618    00000014     heap_4.obj (.data)
                  2000662c    00000014     usbhostenum.obj (.data)
                  20006640    00000012     usbdcdc.obj (.data:g_pui8CDCSerDeviceDescriptor)
                  20006652    00000002     usbdcdc.obj (.data)
                  20006654    00000010     usbdcdc.obj (.data:g_psCDCCompSerSections)
                  20006664    00000010     usbdcdc.obj (.data:g_psCDCCompSerSectionsHS)
                  20006674    0000000d     usb_dev_serial.obj (.data)
                  20006681    00000001     main.obj (.data)
                  20006682    00000002     --HOLE--
                  20006684    0000000c     ACMEsim.lib : ACMESim_i2c_slave.obj (.data:$O1$$)
                  20006690    0000000c     usbdcdc.obj (.data:g_psCDCSerSections)
                  2000669c    0000000c     usbdcdc.obj (.data:g_psCDCSerSectionsHS)
                  200066a8    0000000c     port.obj (.data)
                  200066b4    0000000c     timers.obj (.data)
                  200066c0    0000000c     uartstdio.obj (.data)
                  200066cc    0000000c     usbtick.obj (.data)
                  200066d8    00000009     usbdcdc.obj (.data:g_pui8CDCSerDescriptor)
                  200066e1    00000003     --HOLE--
                  200066e4    00000009     usbmode.obj (.data)
                  200066ed    00000008     usbdcdc.obj (.data:g_pui8IADSerDescriptor)
                  200066f5    00000003     --HOLE--
                  200066f8    00000008     usbdenum.obj (.data)
                  20006700    00000007     usb_dev_serial.obj (.data:ConfigLinea)
                  20006707    00000001     --HOLE--
                  20006708    00000004     ACME_3416.obj (.data)
                  2000670c    00000004     BMI160.obj (.data)
                  20006710    00000004     remotelink.obj (.data)
                  20006714    00000004     rgb.obj (.data)
                  20006718    00000004     rtsv7M4_T_le_v4SPD16_eabi.lib : errno.c.obj (.data)

.stack     0    20006720    00000200     UNINITIALIZED
                  20006720    00000004     rtsv7M4_T_le_v4SPD16_eabi.lib : boot_cortex_m.c.obj (.stack)
                  20006724    000001fc     --HOLE--

__llvm_prf_cnts 
*          0    20000000    00000000     UNINITIALIZED

MODULE SUMMARY

       Module                       code     ro data   rw data
       ------                       ----     -------   -------
    .\
       commands.obj                 3326     510       448    
       startup_ccs.obj              44       620       0      
       main.obj                     452      0         9      
    +--+----------------------------+--------+---------+---------+
       Total:                       3822     1130      457    
                                                              
    .\FreeRTOS\Source\
       tasks.obj                    10352    4         488    
       queue.obj                    4000     0         0      
       timers.obj                   1948     0         60     
       list.obj                     298      0         0      
    +--+----------------------------+--------+---------+---------+
       Total:                       16598    4         548    
                                                              
    .\FreeRTOS\Source\portable\CCS\ARM_CM4F\
       port.obj                     720      8         12     
       portasm.obj                  218      0         0      
    +--+----------------------------+--------+---------+---------+
       Total:                       938      8         12     
                                                              
    .\FreeRTOS\Source\portable\MemMang\
       heap_4.obj                   1144     0         20508  
    +--+----------------------------+--------+---------+---------+
       Total:                       1144     0         20508  
                                                              
    .\driverlib\
       usb.obj                      9100     0         0      
       sysctl.obj                   5774     596       0      
       gpio.obj                     4744     552       0      
       adc.obj                      4160     0         8      
       timer.obj                    3360     160       0      
       i2c.obj                      3000     128       0      
       uart.obj                     2824     128       0      
       interrupt.obj                1168     268       620    
       cpu.obj                      62       0         0      
    +--+----------------------------+--------+---------+---------+
       Total:                       34192    1832      628    
                                                              
    .\drivers\
       i2cm_drv.obj                 3748     0         0      
       rgb.obj                      1068     0         20     
       BMI160.obj                   764      0         12     
       ACME_3416.obj                704      0         12     
       configADC.obj                328      0         4      
    +--+----------------------------+--------+---------+---------+
       Total:                       6612     0         48     
                                                              
    .\remotelink\
       usb_dev_serial.obj           972      0         28     
       usb_serial_structs.obj       0        214       720    
       remotelink.obj               720      0         136    
       serialprotocol.obj           754      0         0      
       crc.obj                      104      512       0      
    +--+----------------------------+--------+---------+---------+
       Total:                       2550     726       884    
                                                              
    .\usblib\
       usbdma.obj                   4008     0         272    
       usbbuffer.obj                1432     0         0      
       usbmode.obj                  1392     0         18     
       usbringbuf.obj               1164     0         0      
       usbdesc.obj                  466      0         0      
       usbtick.obj                  236      0         60     
       usbulpi.obj                  200      0         0      
    +--+----------------------------+--------+---------+---------+
       Total:                       8898     0         350    
                                                              
    .\usblib\device\
       usbdenum.obj                 5488     52        160    
       usbdcdc.obj                  4060     217       93     
       usbdconfig.obj               956      0         0      
       usbdcdesc.obj                734      0         0      
       usbdhandler.obj              36       0         0      
    +--+----------------------------+--------+---------+---------+
       Total:                       11274    269       253    
                                                              
    .\usblib\host\
       usbhostenum.obj              12420    0         1844   
       usbhhub.obj                  2340     0         164    
    +--+----------------------------+--------+---------+---------+
       Total:                       14760    0         2008   
                                                              
    .\utils\
       uartstdio.obj                2956     58        576    
       cpu_usage.obj                292      0         60     
       cmdline.obj                  172      0         36     
       RunTimeStatsConfig.obj       140      0         0      
    +--+----------------------------+--------+---------+---------+
       Total:                       3560     58        672    
                                                              
    ../emul/ACMEsim.lib
       ACMESim_i2c_slave.obj        556      0         12     
    +--+----------------------------+--------+---------+---------+
       Total:                       556      0         12     
                                                              
    C:\ti\ccs1220\ccs\tools\compiler\ti-cgt-arm_20.2.7.LTS\lib\rtsv7M4_T_le_v4SPD16_eabi.lib
       _printfi.c.obj               4851     0         0      
       strtof.c.obj                 968      88        0      
       fd_add_t2.asm.obj            438      0         0      
       fd_div_t2.asm.obj            310      0         0      
       s_scalbn.c.obj               272      0         0      
       strtoul.c.obj                272      0         0      
       fd_cmp_t2.asm.obj            268      0         0      
       ctype.c.obj                  0        257       0      
       fd_mul_t2.asm.obj            252      0         0      
       s_scalbnf.c.obj              208      0         0      
       memcpy_t2.asm.obj            156      0         0      
       ull_div_t2.asm.obj           150      0         0      
       memset_t2.asm.obj            122      0         0      
       copy_decompress_lzss.c.obj   104      0         0      
       s_frexp.c.obj                100      0         0      
       sprintf.c.obj                98       0         0      
       _ltoa.c.obj                  84       0         0      
       fs_toull_t2.asm.obj          80       0         0      
       atoi.c.obj                   76       0         0      
       fd_toi_t2.asm.obj            72       0         0      
       autoinit.c.obj               68       0         0      
       u_divt2.asm.obj              64       0         0      
       boot_cortex_m.c.obj          52       0         0      
       i_tofd_t2.asm.obj            46       0         0      
       strncmp.c.obj                44       0         0      
       memccpy.c.obj                28       0         0      
       s_copysign.c.obj             26       0         0      
       s_copysignf.c.obj            24       0         0      
       strcmp.c.obj                 24       0         0      
       strchr.c.obj                 22       0         0      
       strcpy.c.obj                 20       0         0      
       strlen.c.obj                 20       0         0      
       wcslen.c.obj                 18       0         0      
       copy_decompress_none.c.obj   14       0         0      
       copy_zero_init.c.obj         12       0         0      
       errno.c.obj                  8        0         4      
       exit.c.obj                   4        0         0      
       pre_init.c.obj               4        0         0      
       div0.asm.obj                 2        0         0      
    +--+----------------------------+--------+---------+---------+
       Total:                       9381     345       4      
                                                              
       Stack:                       0        0         512    
       Linker Generated:            0        418       0      
    +--+----------------------------+--------+---------+---------+
       Grand Total:                 114285   4790      26896  


LINKER GENERATED COPY TABLES

__TI_cinit_table @ 0001d138 records: 3, size/record: 8, table size: 24
	.data: load addr=0001cfa8, load size=0000016e bytes, run addr=20006428, run size=000002f4 bytes, compression=lzss
	.bss: load addr=0001d128, load size=00000008 bytes, run addr=2000026c, run size=000061b9 bytes, compression=zero_init
	.vtable: load addr=0001d130, load size=00000008 bytes, run addr=20000000, run size=0000026c bytes, compression=zero_init


LINKER GENERATED HANDLER TABLE

__TI_handler_table @ 0001d118 records: 3, size/record: 4, table size: 12
	index: 0, handler: __TI_zero_init
	index: 1, handler: __TI_decompress_lzss
	index: 2, handler: __TI_decompress_none


GLOBAL SYMBOLS: SORTED ALPHABETICALLY BY Name 

address   name                                 
-------   ----                                 
000198d1  ACMEAppCallback                      
0001999d  ACME_Read                            
00019945  ACME_Write                           
000198e3  ACME_WriteAndRead                    
00019b1d  ACME_clearInt                        
000199f5  ACME_initDevice                      
00019b69  ACME_read                            
00019b57  ACME_readInt                         
00019b01  ACME_readPin                         
00019b3f  ACME_setIntType                      
00019abd  ACME_setPinDir                       
00019adf  ACME_writePin                        
00019ebf  ACMEsim_I2C1SlaveIntHandler          
00019e23  ACMEsim_InitSlave                    
00019e07  ACMEsim_SlaveDisable                 
00019e01  ACMEsim_SlaveEnable                  
0000ccbb  ADCBusy                              
0000cd51  ADCClockConfigGet                    
0000ccf5  ADCClockConfigSet                    
0000c843  ADCComparatorConfigure               
0000ca25  ADCComparatorIntClear                
0000c979  ADCComparatorIntDisable              
0000c9bd  ADCComparatorIntEnable               
0000ca01  ADCComparatorIntStatus               
0000c889  ADCComparatorRegionSet               
0000c901  ADCComparatorReset                   
0000c7c9  ADCHardwareOversampleConfigure       
0000bf7f  ADCIntClear                          
0000caf5  ADCIntClearEx                        
0000be71  ADCIntDisable                        
0000ca51  ADCIntDisableEx                      
0000beaf  ADCIntEnable                         
0000ca7f  ADCIntEnableEx                       
0000bdc7  ADCIntRegister                       
0000befb  ADCIntStatus                         
0000caad  ADCIntStatusEx                       
0000be21  ADCIntUnregister                     
0000cc13  ADCPhaseDelayGet                     
0000cb79  ADCPhaseDelaySet                     
0000c479  ADCProcessorTrigger                  
0000cb51  ADCReferenceGet                      
0000cb07  ADCReferenceSet                      
0000c055  ADCSequenceConfigure                 
0000cc79  ADCSequenceDMADisable                
0000cc37  ADCSequenceDMAEnable                 
0000c407  ADCSequenceDataGet                   
0000c00d  ADCSequenceDisable                   
0000bfbb  ADCSequenceEnable                    
0000c30d  ADCSequenceOverflow                  
0000c351  ADCSequenceOverflowClear             
0000c1b9  ADCSequenceStepConfigure             
0000c38d  ADCSequenceUnderflow                 
0000c3cb  ADCSequenceUnderflowClear            
0000c4c7  ADCSoftwareOversampleConfigure       
0000c6c1  ADCSoftwareOversampleDataGet         
0000c56b  ADCSoftwareOversampleStepConfigure   
00018a65  BMI160AppCallback                    
00018ca7  BMI160_getAcceleration               
00018c6d  BMI160_getDeviceID                   
00018d07  BMI160_getRegister                   
00018cf9  BMI160_getRotation                   
00018a77  BMI160_i2c_transfer                  
00018bd9  BMI160_initialize                    
00018acd  BMI160_reg_read                      
00018b97  BMI160_reg_read_bits                 
00018af7  BMI160_reg_write                     
00018b29  BMI160_reg_write_bits                
00018c9b  BMI160_setFullScaleAccelRange        
00018c8f  BMI160_setFullScaleGyroRange         
00018d17  BMI160_setRegister                   
00018c77  BMI160_testConnection                
0001c0e7  C$$EXIT                              
0001ac6f  CPUUsageInit                         
0001ac31  CPUUsageTick                         
0001be2f  CPUbasepriGet                        
0001be21  CPUbasepriSet                        
0001bdfb  CPUcpsid                             
0001be11  CPUcpsie                             
0001be07  CPUprimask                           
0001be1d  CPUwfi                               
0001b5a9  CmdLineProcess                       
0000026d  ConfigDescAlloc                      
00000303  ConfigDescFree                       
0000bcfb  GPIOADCTriggerDisable                
0000bccf  GPIOADCTriggerEnable                 
0000bca3  GPIODMATriggerDisable                
0000bc77  GPIODMATriggerEnable                 
0000acc1  GPIODirModeGet                       
0000ac3d  GPIODirModeSet                       
0000b491  GPIOIntClear                         
0000b439  GPIOIntDisable                       
0000b411  GPIOIntEnable                        
0000b4b3  GPIOIntRegister                      
0000b531  GPIOIntRegisterPin                   
0000b461  GPIOIntStatus                        
0000aee5  GPIOIntTypeGet                       
0000ad95  GPIOIntTypeSet                       
0000b4f1  GPIOIntUnregister                    
0000b5a9  GPIOIntUnregisterPin                 
0000b27d  GPIOPadConfigGet                     
0000af89  GPIOPadConfigSet                     
0000bbf1  GPIOPinConfigure                     
0000b5fb  GPIOPinRead                          
0000b64f  GPIOPinTypeADC                       
0000b685  GPIOPinTypeCAN                       
0000b6bb  GPIOPinTypeComparator                
0000b6f1  GPIOPinTypeComparatorOutput          
0000b727  GPIOPinTypeDIVSCLK                   
0000b75d  GPIOPinTypeEPI                       
0000b793  GPIOPinTypeEthernetLED               
0000b7c9  GPIOPinTypeEthernetMII               
0000b80d  GPIOPinTypeGPIOInput                 
0000b843  GPIOPinTypeGPIOOutput                
0000b879  GPIOPinTypeGPIOOutputOD              
0000b8af  GPIOPinTypeHibernateRTCCLK           
0000b8e5  GPIOPinTypeI2C                       
0000b91b  GPIOPinTypeI2CSCL                    
0000b951  GPIOPinTypeLCD                       
0000b987  GPIOPinTypeOneWire                   
0000b9bd  GPIOPinTypePWM                       
0000b9f3  GPIOPinTypeQEI                       
0000ba29  GPIOPinTypeSSI                       
0000ba5f  GPIOPinTypeTimer                     
0000ba95  GPIOPinTypeTrace                     
0000bacb  GPIOPinTypeUART                      
0000bb05  GPIOPinTypeUSBAnalog                 
0000bb3b  GPIOPinTypeUSBDigital                
0000bb71  GPIOPinTypeWakeHigh                  
0000bba9  GPIOPinTypeWakeLow                   
0000bbe1  GPIOPinWakeStatus                    
0000b621  GPIOPinWrite                         
0000bd27  GPIOUnlockPin                        
0001bf99  GetOverflowCounts                    
000122d5  I2CDriver_ISR                        
0001223d  I2CDriver_Open                       
00012f23  I2CFIFODataGet                       
00012f4b  I2CFIFODataGetNonBlocking            
00012ebd  I2CFIFODataPut                       
00012eed  I2CFIFODataPutNonBlocking            
00012e9f  I2CFIFOStatus                        
000127b5  I2CIntRegister                       
00012821  I2CIntUnregister                     
0001306f  I2CLoopbackEnable                    
0001040b  I2CMCommand                          
0001031f  I2CMInit                             
000101f3  I2CMIntHandler                       
0001be39  I2CMRead                             
000109fd  I2CMRead16BE                         
000107e9  I2CMReadModifyWrite16LE              
00010681  I2CMReadModifyWrite8                 
00010545  I2CMTransferResume                   
0001be6f  I2CMWrite                            
00010adf  I2CMWrite16BE                        
00010915  I2CMWrite8                           
0001bea5  I2CMWriteBatched                     
00012fb1  I2CMasterBurstCountGet               
00012f7f  I2CMasterBurstLengthSet              
00012b93  I2CMasterBusBusy                     
00012b6d  I2CMasterBusy                        
00012bb9  I2CMasterControl                     
00012cc5  I2CMasterDataGet                     
00012ca1  I2CMasterDataPut                     
00012741  I2CMasterDisable                     
000126f1  I2CMasterEnable                      
00012c67  I2CMasterErr                         
00012fcd  I2CMasterGlitchFilterConfigSet       
000125c1  I2CMasterInitExpClk                  
00012a83  I2CMasterIntClear                    
00012aad  I2CMasterIntClearEx                  
00012901  I2CMasterIntDisable                  
0001291f  I2CMasterIntDisableEx                
0001285d  I2CMasterIntEnable                   
0001287b  I2CMasterIntEnableEx                 
00012993  I2CMasterIntStatus                   
000129db  I2CMasterIntStatusEx                 
00012b51  I2CMasterLineStateGet                
00012b0f  I2CMasterSlaveAddrSet                
00012ce1  I2CMasterTimeoutSet                  
00012e43  I2CRxFIFOConfigSet                   
00012e79  I2CRxFIFOFlush                       
00012d05  I2CSlaveACKOverride                  
00012d45  I2CSlaveACKValueSet                  
00012681  I2CSlaveAddressSet                   
00012dc9  I2CSlaveDataGet                      
00012da3  I2CSlaveDataPut                      
00012765  I2CSlaveDisable                      
00012715  I2CSlaveEnable                       
0001304f  I2CSlaveFIFODisable                  
00013029  I2CSlaveFIFOEnable                   
00012643  I2CSlaveInit                         
00012acd  I2CSlaveIntClear                     
00012aed  I2CSlaveIntClearEx                   
00012945  I2CSlaveIntDisable                   
0001296b  I2CSlaveIntDisableEx                 
000128a9  I2CSlaveIntEnable                    
000128d9  I2CSlaveIntEnableEx                  
00012a07  I2CSlaveIntStatus                    
00012a53  I2CSlaveIntStatusEx                  
00012d85  I2CSlaveStatus                       
00012de7  I2CTxFIFOConfigSet                   
00012e1d  I2CTxFIFOFlush                       
00016f81  IntDisable                           
00016f03  IntEnable                            
00017009  IntIsEnabled                         
00016d67  IntMasterDisable                     
00016d57  IntMasterEnable                      
0001712d  IntPendClear                         
000170bd  IntPendSet                           
00016ecd  IntPriorityGet                       
00016e33  IntPriorityGroupingGet               
00016e0d  IntPriorityGroupingSet               
00017193  IntPriorityMaskGet                   
00017187  IntPriorityMaskSet                   
00016e6b  IntPrioritySet                       
00016d77  IntRegister                          
0001719b  IntTrigger                           
00016ded  IntUnregister                        
000025c1  InternalUSBHCDSendEvent              
0001b1db  InternalUSBRegisterTickHandler       
0001b22b  InternalUSBStartOfFrameTick          
0001b195  InternalUSBTickInit                  
0001b1d3  InternalUSBTickReset                 
00016c41  OTGDeviceDisconnect                  
0000cff5  ProcessDataFromHost                  
0000d105  ProcessDataToHost                    
0000d0a3  ProcessNotificationToHost            
00017ae9  RGBBlinkIntHandler                   
00017dfd  RGBBlinkRateSet                      
00017e89  RGBColorGet                          
00017d3f  RGBColorSet                          
00017cc9  RGBDisable                           
00017c11  RGBEnable                            
00017b17  RGBInit                              
00017de9  RGBIntensitySet                      
00017d27  RGBSet                               
0001bf41  ResetISR                             
000094ff  SysCtlAltClkConfig                   
00008ac5  SysCtlClockFreqSet                   
00008fa5  SysCtlClockGet                       
000094c7  SysCtlClockOutConfig                 
00008dcd  SysCtlClockSet                       
000089ad  SysCtlDeepSleep                      
0000917d  SysCtlDeepSleepClockConfigSet        
00009161  SysCtlDeepSleepClockSet              
0000898d  SysCtlDeepSleepPowerSet              
0001c0dd  SysCtlDelay                          
000082b1  SysCtlFlashSectorSizeGet             
00008285  SysCtlFlashSizeGet                   
00009351  SysCtlGPIOAHBDisable                 
000092cd  SysCtlGPIOAHBEnable                  
000088a1  SysCtlIntClear                       
00008889  SysCtlIntDisable                     
00008875  SysCtlIntEnable                      
00008851  SysCtlIntRegister                    
000088b1  SysCtlIntStatus                      
00008865  SysCtlIntUnregister                  
00008973  SysCtlLDODeepSleepGet                
00008925  SysCtlLDODeepSleepSet                
0000891b  SysCtlLDOSleepGet                    
000088cd  SysCtlLDOSleepSet                    
000089e9  SysCtlMOSCConfigSet                  
000094b3  SysCtlNMIClear                       
000094ad  SysCtlNMIStatus                      
000089f9  SysCtlPIOSCCalibrate                 
00009299  SysCtlPWMClockGet                    
00009229  SysCtlPWMClockSet                    
000087fd  SysCtlPeripheralClockGating          
000087af  SysCtlPeripheralDeepSleepDisable     
00008761  SysCtlPeripheralDeepSleepEnable      
0000866d  SysCtlPeripheralDisable              
00008601  SysCtlPeripheralEnable               
000084b5  SysCtlPeripheralPowerOff             
00008431  SysCtlPeripheralPowerOn              
0000831d  SysCtlPeripheralPresent              
000083a9  SysCtlPeripheralReady                
00008561  SysCtlPeripheralReset                
0000870d  SysCtlPeripheralSleepDisable         
000086bb  SysCtlPeripheralSleepEnable          
0000899d  SysCtlReset                          
00008a59  SysCtlResetBehaviorGet               
00008a49  SysCtlResetBehaviorSet               
000089d5  SysCtlResetCauseClear                
000089c9  SysCtlResetCauseGet                  
0000827b  SysCtlSRAMSizeGet                    
000089a5  SysCtlSleep                          
0000897d  SysCtlSleepPowerSet                  
000093c7  SysCtlUSBPLLDisable                  
000093bb  SysCtlUSBPLLEnable                   
00009401  SysCtlVCOGet                         
000093e9  SysCtlVoltageEventClear              
000093d3  SysCtlVoltageEventConfig             
000093e3  SysCtlVoltageEventStatus             
000117e1  TimerADCEventGet                     
000117c1  TimerADCEventSet                     
00011211  TimerClockSourceGet                  
000111d5  TimerClockSourceSet                  
00010d3d  TimerConfigure                       
00011035  TimerControlEvent                    
00010f11  TimerControlLevel                    
00011093  TimerControlStall                    
00010f91  TimerControlTrigger                  
000110fd  TimerControlWaitOnTrigger            
0001181d  TimerDMAEventGet                     
000117fd  TimerDMAEventSet                     
00010cb1  TimerDisable                         
00010c67  TimerEnable                          
00011781  TimerIntClear                        
0001172f  TimerIntDisable                      
00011709  TimerIntEnable                       
00011649  TimerIntRegister                     
00011755  TimerIntStatus                       
000116b3  TimerIntUnregister                   
00011403  TimerLoadGet                         
00011471  TimerLoadGet64                       
000113a9  TimerLoadSet                         
00011445  TimerLoadSet64                       
00011599  TimerMatchGet                        
00011603  TimerMatchGet64                      
0001153f  TimerMatchSet                        
000115db  TimerMatchSet64                      
000112a7  TimerPrescaleGet                     
0001135d  TimerPrescaleMatchGet                
000112f3  TimerPrescaleMatchSet                
0001123d  TimerPrescaleSet                     
000111b1  TimerRTCDisable                      
0001118d  TimerRTCEnable                       
000117a1  TimerSynchronize                     
00011839  TimerUpdateMode                      
000114b7  TimerValueGet                        
000114f9  TimerValueGet64                      
000146bf  UART9BitAddrSend                     
0001468b  UART9BitAddrSet                      
00014667  UART9BitDisable                      
00014643  UART9BitEnable                       
000143eb  UARTBreakCtl                         
00014423  UARTBusy                             
00014369  UARTCharGet                          
0001432b  UARTCharGetNonBlocking               
000143bf  UARTCharPut                          
0001438d  UARTCharPutNonBlocking               
000142d3  UARTCharsAvail                       
00014625  UARTClockSourceGet                   
000145ef  UARTClockSourceSet                   
00013ed9  UARTConfigGetExpClk                  
00013dfb  UARTConfigSetExpClk                  
0001458b  UARTDMADisable                       
00014565  UARTDMAEnable                        
00013f81  UARTDisable                          
0001403d  UARTDisableSIR                       
00013b03  UARTEchoSet                          
00013f39  UARTEnable                           
00014001  UARTEnableSIR                        
00013fdd  UARTFIFODisable                      
00013fb9  UARTFIFOEnable                       
00013dbf  UARTFIFOLevelGet                     
00013d4d  UARTFIFOLevelSet                     
00014255  UARTFlowControlGet                   
0001420f  UARTFlowControlSet                   
00013acf  UARTFlushRx                          
00013add  UARTFlushTx                          
00014545  UARTIntClear                         
000144f3  UARTIntDisable                       
000144cd  UARTIntEnable                        
0001444f  UARTIntRegister                      
00014519  UARTIntStatus                        
0001448d  UARTIntUnregister                    
00014715  UARTLoopbackEnable                   
00014129  UARTModemControlClear                
0001418d  UARTModemControlGet                  
000140c5  UARTModemControlSet                  
000141cd  UARTModemStatusGet                   
00013d2f  UARTParityModeGet                    
00013ce3  UARTParityModeSet                    
00013ab7  UARTRxBytesAvail                     
000145d1  UARTRxErrorClear                     
000145b1  UARTRxErrorGet                       
000140a1  UARTSmartCardDisable                 
00014061  UARTSmartCardEnable                  
000142ff  UARTSpaceAvail                       
00013103  UARTStdioConfig                      
00013b2b  UARTStdioIntHandler                  
00013ac3  UARTTxBytesFree                      
000142b3  UARTTxIntModeGet                     
00014275  UARTTxIntModeSet                     
00013759  UARTgetc                             
000132f9  UARTgets                             
00013a93  UARTprintf                           
00013781  UARTvprintf                          
0001322f  UARTwrite                            
0001b42d  ULPIConfigSet                        
0001b4cf  ULPIPowerTransceiver                 
0001bfbd  USB0DeviceIntHandler                 
000168af  USB0DualModeIntHandler               
000024b7  USB0HostIntHandler                   
00016b59  USB0OTGModeIntHandler                
0001660f  USBBufferCallbackDataSet             
00016705  USBBufferDataAvailable               
000165e7  USBBufferDataRemoved                 
000165b9  USBBufferDataWritten                 
00016745  USBBufferEventCallback               
00016691  USBBufferFlush                       
0001657f  USBBufferInfoGet                     
000164fb  USBBufferInit                        
000166b1  USBBufferRead                        
00016725  USBBufferSpaceAvailable              
00016629  USBBufferWrite                       
00016545  USBBufferZeroLengthPacketInsert      
0000787b  USBClockDisable                      
00007851  USBClockEnable                       
00017f59  USBControlHandler                    
00007839  USBControllerVersion                 
0000d80f  USBDCDCCompositeInit                 
0000d98d  USBDCDCInit                          
0000db7d  USBDCDCPacketRead                    
0000dac5  USBDCDCPacketWrite                   
0000dd3f  USBDCDCPowerStatusSet                
0000dd61  USBDCDCRemoteWakeupRequest           
0000dc8f  USBDCDCRxPacketAvailable             
0000dcf9  USBDCDCSerialStateChange             
0000da21  USBDCDCSetControlCBData              
0000da4f  USBDCDCSetRxCBData                   
0000da81  USBDCDCSetTxCBData                   
0000d9fb  USBDCDCTerm                          
0000dc65  USBDCDCTxPacketAvailable             
000191ab  USBDCDConfigDescGet                  
0001915d  USBDCDConfigDescGetNum               
00019125  USBDCDConfigDescGetSize              
0001928d  USBDCDConfigGetInterface             
000192c3  USBDCDConfigGetInterfaceEndpoint     
00019239  USBDCDConfigGetNumAlternateInterfaces
00009575  USBDCDDeviceInfoInit                 
00009a83  USBDCDFeatureGet                     
000099d1  USBDCDFeatureSet                     
000095d9  USBDCDInit                           
00009971  USBDCDPowerStatusSet                 
00009abd  USBDCDRemoteWakeLPM                  
00009ad7  USBDCDRemoteWakeupRequest            
0000986d  USBDCDRequestDataEP0                 
000098d9  USBDCDSendDataEP0                    
00009915  USBDCDSetDefaultConfiguration        
00009931  USBDCDStallEP0                       
000097d7  USBDCDTerm                           
00007ad3  USBDMAChannelAddressGet              
00007a99  USBDMAChannelAddressSet              
000079b1  USBDMAChannelConfigSet               
00007b4b  USBDMAChannelCountGet                
00007b11  USBDMAChannelCountSet                
00007973  USBDMAChannelDisable                 
00007935  USBDMAChannelEnable                  
000078d9  USBDMAChannelIntDisable              
0000789b  USBDMAChannelIntEnable               
00007917  USBDMAChannelIntStatus               
00007a17  USBDMAChannelStatus                  
00007a51  USBDMAChannelStatusClear             
00007b81  USBDMANumChannels                    
0001a089  USBDescGet                           
0001a1ad  USBDescGetInterface                  
0001a1db  USBDescGetInterfaceEndpoint          
0001a02d  USBDescGetNum                        
0001a0f3  USBDescGetNumAlternateInterfaces     
000065a3  USBDevAddrGet                        
00006581  USBDevAddrSet                        
00006539  USBDevConnect                        
0000655d  USBDevDisconnect                     
000069e7  USBDevEndpointConfigGet              
000068ad  USBDevEndpointConfigSet              
00006f01  USBDevEndpointDataAck                
000063c5  USBDevEndpointStall                  
0000646d  USBDevEndpointStallClear             
00006141  USBDevEndpointStatusClear            
00007d89  USBDevLPMConfig                      
00007dd3  USBDevLPMDisable                     
00007dad  USBDevLPMEnable                      
00007d63  USBDevLPMRemoteWake                  
00007769  USBDevMode                           
00005d87  USBDevSpeedGet                       
0001876f  USBDeviceConfig                      
0001899b  USBDeviceConfigAlternate             
00009c1d  USBDeviceEnumHandler                 
00009d7d  USBDeviceEnumResetHandler            
0000a8f5  USBDeviceIntHandlerInternal          
00009b1d  USBDeviceResumeTickHandler           
000168fb  USBDualModeInit                      
00016979  USBDualModeTerm                      
000076b5  USBEndpointDMAChannel                
00006c95  USBEndpointDMAConfigSet              
00006d67  USBEndpointDMADisable                
00006d2d  USBEndpointDMAEnable                 
00006da1  USBEndpointDataAvail                 
00006e2b  USBEndpointDataGet                   
00006ffd  USBEndpointDataPut                   
000070b7  USBEndpointDataSend                  
000062f9  USBEndpointDataToggleClear           
000077fd  USBEndpointPacketCountSet            
0000602d  USBEndpointStatus                    
0000767d  USBFIFOAddrGet                       
00006be9  USBFIFOConfigGet                     
00006b3d  USBFIFOConfigSet                     
0000715b  USBFIFOFlush                         
00007625  USBFrameNumberGet                    
00002b31  USBHCDControlTransfer                
00002ffd  USBHCDDevAddress                     
00003029  USBHCDDevClass                       
00002fd1  USBHCDDevHubPort                     
000030bd  USBHCDDevProtocol                    
00003071  USBHCDDevSubClass                    
00000429  USBHCDEventDisable                   
000003eb  USBHCDEventEnable                    
00003121  USBHCDFeatureSet                     
00002cb1  USBHCDHubDeviceConnected             
00002d75  USBHCDHubDeviceDisconnected          
000015b5  USBHCDInit                           
0000329d  USBHCDLPMResume                      
00003223  USBHCDLPMSleep                       
000031d9  USBHCDLPMStatus                      
00002711  USBHCDMain                           
000008c1  USBHCDPipeAlloc                      
0000060d  USBHCDPipeAllocSize                  
0000090d  USBHCDPipeConfig                     
00000e4f  USBHCDPipeDataAck                    
000010e1  USBHCDPipeFree                       
00000e85  USBHCDPipeRead                       
00000e05  USBHCDPipeReadNonBlocking            
00000ce1  USBHCDPipeSchedule                   
000005e7  USBHCDPipeTransferSizeGet            
00000ab1  USBHCDPipeWrite                      
0000154d  USBHCDPowerAutomatic                 
00001495  USBHCDPowerConfigGet                 
00001471  USBHCDPowerConfigInit                
000014bd  USBHCDPowerConfigSet                 
00001715  USBHCDRegisterDrivers                
00001801  USBHCDReset                          
00001879  USBHCDResume                         
00001abd  USBHCDSetAddress                     
00001bd5  USBHCDSetConfig                      
00001c2b  USBHCDSetInterface                   
00001a41  USBHCDStringDescriptorGet            
00001859  USBHCDSuspend                        
0000173d  USBHCDTerm                           
00015a1d  USBHHubClose                         
000159c1  USBHHubEnumerationComplete           
000159e3  USBHHubEnumerationError              
00015a31  USBHHubInit                          
00015a5f  USBHHubLPMSleep                      
00015a6d  USBHHubLPMStatus                     
00015795  USBHHubMain                          
00015a05  USBHHubOpen                          
00005ccb  USBHighSpeed                         
000073a1  USBHostAddrGet                       
0000731d  USBHostAddrSet                       
00001c85  USBHostCheckPipes                    
000065c5  USBHostEndpointConfig                
00006f85  USBHostEndpointDataAck               
00006215  USBHostEndpointDataToggle            
00006379  USBHostEndpointPing                  
000067c5  USBHostEndpointSpeed                 
000060a5  USBHostEndpointStatusClear           
000074c5  USBHostHubAddrGet                    
00007415  USBHostHubAddrSet                    
00001d4d  USBHostIntHandlerInternal            
00007ce7  USBHostLPMConfig                     
00007d3d  USBHostLPMResume                     
00007c7b  USBHostLPMSend                       
00007749  USBHostMode                          
0000753d  USBHostPwrConfig                     
000075ff  USBHostPwrDisable                    
000075d9  USBHostPwrEnable                     
000075b3  USBHostPwrFaultDisable               
0000758d  USBHostPwrFaultEnable                
00007211  USBHostRequestIN                     
0000727f  USBHostRequestINClear                
000072f9  USBHostRequestStatus                 
00005c8f  USBHostReset                         
00005d07  USBHostResume                        
00005d43  USBHostSpeedGet                      
00005c6d  USBHostSuspend                       
00005dad  USBIntDisableControl                 
00005ed9  USBIntDisableEndpoint                
00005e25  USBIntEnableControl                  
00005f15  USBIntEnableEndpoint                 
00005fb5  USBIntRegister                       
00005e7f  USBIntStatusControl                  
00005f51  USBIntStatusEndpoint                 
00005ff3  USBIntUnregister                     
00007e23  USBLPMEndpointGet                    
00007ebb  USBLPMIntDisable                     
00007e93  USBLPMIntEnable                      
00007e75  USBLPMIntStatus                      
00007e01  USBLPMLinkStateGet                   
00007e4d  USBLPMRemoteWakeEnabled              
0000eb19  USBLibDMAAddrGet                     
0000eb49  USBLibDMAInit                        
0000eb31  USBLibDMASizeGet                     
000077a9  USBModeConfig                        
00007693  USBModeGet                           
00007821  USBNumEndpointsGet                   
00016cf9  USBOTGFeatureSet                     
00016c5b  USBOTGMain                           
00007789  USBOTGMode                           
00016a03  USBOTGModeInit                       
000169bb  USBOTGModeTerm                       
00016b29  USBOTGPollRate                       
00007641  USBOTGSessionRequest                 
000077cb  USBPHYPowerOff                       
000077e1  USBPHYPowerOn                        
0001747f  USBRingBufAdvanceRead                
000174d5  USBRingBufAdvanceWrite               
00017365  USBRingBufContigFree                 
0001732d  USBRingBufContigUsed                 
00017271  USBRingBufEmpty                      
000172a3  USBRingBufFlush                      
00017309  USBRingBufFree                       
0001722f  USBRingBufFull                       
00017621  USBRingBufInit                       
00017409  USBRingBufRead                       
000173c3  USBRingBufReadOne                    
000173ab  USBRingBufSize                       
000172cf  USBRingBufUsed                       
000175ab  USBRingBufWrite                      
00017565  USBRingBufWriteOne                   
00018061  USBRxHandler                         
0001816f  USBSerialGetChar                     
000180c3  USBSerialInit                        
0001818d  USBSerialPutChar                     
000181dd  USBSerialRead                        
00018221  USBSerialWrite                       
00016865  USBStackModeSet                      
00017ff1  USBTxHandler                         
00007ba1  USBULPIConfig                        
00007bcf  USBULPIDisable                       
00007bb7  USBULPIEnable                        
00007be7  USBULPIRegRead                       
00007c2d  USBULPIRegWrite                      
20006920  __STACK_END                          
00000200  __STACK_SIZE                         
20006920  __STACK_TOP                          
0001d138  __TI_CINIT_Base                      
0001d150  __TI_CINIT_Limit                     
0001d118  __TI_Handler_Table_Base              
0001d124  __TI_Handler_Table_Limit             
0001bcf9  __TI_auto_init_nobinit_nopinit       
0001ba4d  __TI_decompress_lzss                 
0001c0af  __TI_decompress_none                 
0001bb6f  __TI_ltoa                            
ffffffff  __TI_pprof_out_hndl                  
0001473d  __TI_printfi                         
ffffffff  __TI_prof_data_size                  
ffffffff  __TI_prof_data_start                 
00000000  __TI_static_base__                   
0001c0bd  __TI_zero_init                       
0001b787  __aeabi_cdcmpeq                      
0001b787  __aeabi_cdcmple                      
0001b80d  __aeabi_cdrcmple                     
0001bcb1  __aeabi_d2iz                         
0001a59f  __aeabi_dadd                         
0001a9d1  __aeabi_ddiv                         
0001b099  __aeabi_dmul                         
0001a595  __aeabi_dsub                         
0001c0d5  __aeabi_errno_addr                   
0001bc15  __aeabi_f2ulz                        
0001bf11  __aeabi_i2d                          
0001518b  __aeabi_idiv0                        
0001518b  __aeabi_ldiv0                        
0001b893  __aeabi_memclr                       
0001b893  __aeabi_memclr4                      
0001b893  __aeabi_memclr8                      
0001b655  __aeabi_memcpy                       
0001b655  __aeabi_memcpy4                      
0001b655  __aeabi_memcpy8                      
0001b895  __aeabi_memset                       
0001b895  __aeabi_memset4                      
0001b895  __aeabi_memset8                      
0001bd3d  __aeabi_uidiv                        
0001bd3d  __aeabi_uidivmod                     
0001b6f1  __aeabi_uldivmod                     
ffffffff  __binit__                            
ffffffff  __c_args__                           
0001a3d1  __error__                            
UNDEFED   __mpu_init                           
20006720  __stack                              
20000000  __start___llvm_prf_cnts              
20000000  __stop___llvm_prf_cnts               
0001bedd  _c_int00_noargs                      
0001c69c  _ctypes_                             
UNDEFED   _system_post_cinit                   
0001c0e3  _system_pre_init                     
0001c0e7  abort                                
0001bc65  atoi                                 
ffffffff  binit                                
00018ff9  check_and_extract_command_param      
0001a74d  configADC_DisparaADC                 
0001a81b  configADC_ISR                        
0001a759  configADC_IniciaADC                  
0001a807  configADC_LeeADC                     
0001bffd  copysign                             
0001c02f  copysignf                            
0001bffd  copysignl                            
0001b97d  create_checksum                      
00018f67  create_frame                         
00018feb  decode_command_type                  
00018f13  destuff_and_check_checksum           
0000376d  eTaskGetState                        
20006718  errno                                
0001bab5  frexp                                
0001bab5  frexpl                               
200066cc  g_bUSBTimerInitialized               
20006424  g_eOTGModeState                      
200066e4  g_iUSBMode                           
20006684  g_internalAddress                    
20006688  g_internalData                       
0001cf8c  g_pCDCCompSerConfigDescriptors       
0001cf90  g_pCDCCompSerConfigDescriptorsHS     
20000000  g_pfnRAMVectors                      
200062cc  g_pfnTickHandlers                    
00000000  g_pfnVectors                         
0001cf94  g_ppCDCSerConfigDescriptors          
0001cf98  g_ppCDCSerConfigDescriptorsHS        
20006414  g_ppsDevInfo                         
0001ce4c  g_ppui8StringDescriptors             
20006654  g_psCDCCompSerSections               
20006664  g_psCDCCompSerSectionsHS             
20006690  g_psCDCSerSections                   
2000669c  g_psCDCSerSectionsHS                 
20006428  g_psCmdTable                         
20006148  g_psDCDInst                          
0001cde4  g_pui8CDCSerCommInterface            
0001ce64  g_pui8CDCSerDataInterface            
0001ce7b  g_pui8CDCSerDataInterfaceHS          
200066d8  g_pui8CDCSerDescriptor               
20006640  g_pui8CDCSerDeviceDescriptor         
0001cc98  g_pui8ConfigString                   
0001cd94  g_pui8ControlInterfaceString         
200066ed  g_pui8IADSerDescriptor               
0001cf88  g_pui8LangDescriptor                 
0001cdc0  g_pui8ManufacturerString             
0001ce07  g_pui8ProductString                  
0001cee4  g_pui8SerialNumberString             
20005eac  g_pui8USBRxBuffer                    
20005fac  g_pui8USBTxBuffer                    
200062e4  g_pvTickInstance                     
0001cf38  g_sCDCCompSerConfigHeader            
0001cf40  g_sCDCCompSerConfigHeaderHS          
200064c4  g_sCDCDevice                         
0001cd34  g_sCDCHandlers                       
0001cf48  g_sCDCSerCommInterfaceSection        
0001cf50  g_sCDCSerConfigHeader                
0001cf58  g_sCDCSerConfigHeaderHS              
0001cf60  g_sCDCSerConfigSection               
0001cf68  g_sCDCSerDataInterfaceSection        
0001cf70  g_sCDCSerDataInterfaceSectionHS      
0001cf78  g_sIADSerConfigSection               
20006560  g_sRxBuffer                          
20006598  g_sTxBuffer                          
20006418  g_ui32CPUUsage                       
200066d0  g_ui32CurrentUSBTick                 
2000641c  g_ui32PollRate                       
200066d4  g_ui32USBSOFCount                    
200066e8  g_ui32WaitTicks                      
20006420  g_ulSystemClock                      
20006678  g_ulUARTRxCount                      
2000667c  g_ulUARTRxErrors                     
20006674  g_ulUARTTxCount                      
00019025  get_command_param_pointer            
0001230b  initCommandLine                      
0001ae79  ldexp                                
0001b35d  ldexpf                               
0001ae79  ldexpl                               
0001a4b7  main                                 
0001bfe1  memccpy                              
0001b655  memcpy                               
0001b89b  memset                               
00003fc7  pcTaskGetName                        
00015cdd  pcTimerGetName                       
0001785d  pvPortCalloc                         
00017671  pvPortMalloc                         
0000522d  pvTaskIncrementMutexHeldCount        
00016143  pvTimerGetTimerID                    
20006524  pxCurrentTCB                         
00019331  pxPortInitialiseStack                
0001978b  remotelink_init                      
00019601  remotelink_sendMessage               
0001ae79  scalbn                               
0001b35d  scalbnf                              
0001ae79  scalbnl                              
0001bd7d  sprintf                              
0001c05f  strchr                               
0001c047  strcmp                               
0001c075  strcpy                               
0001c089  strlen                               
0001bf6d  strncmp                              
000182e1  strtof                               
0001af89  strtoul                              
0000f9f1  ucQueueGetQueueType                  
0001cf80  ulMaxSyscallInterruptPriority        
0001b291  ulPortGetIPSR                        
00005249  ulTaskGenericNotifyTake              
00005a21  ulTaskGenericNotifyValueClear        
0001abe9  uxListRemove                         
0000f9d1  uxQueueGetQueueNumber                
0000f93b  uxQueueMessagesWaiting               
0000f993  uxQueueMessagesWaitingFromISR        
0000f965  uxQueueSpacesAvailable               
00003fc1  uxTaskGetNumberOfTasks               
00004baf  uxTaskGetStackHighWaterMark          
00004015  uxTaskGetSystemState                 
00004915  uxTaskGetTaskNumber                  
00003841  uxTaskPriorityGet                    
00003869  uxTaskPriorityGetFromISR             
00005207  uxTaskResetEventItemValue            
00015cb1  uxTimerGetReloadMode                 
00016213  uxTimerGetTimerNumber                
0001cf9c  uxTopUsedPriority                    
0001a405  vApplicationIdleHook                 
0001a40d  vApplicationMallocFailedHook         
0001a3db  vApplicationStackOverflowHook        
0001a3e5  vApplicationTickHook                 
0001b9e5  vConfigureTimerForRunTimeStats       
0001ab07  vListInitialise                      
0001ab37  vListInitialiseItem                  
0001ab83  vListInsert                          
0001ab47  vListInsertEnd                       
0001b34d  vPortEnableVFP                       
00019469  vPortEndScheduler                    
00019489  vPortEnterCritical                   
000194c7  vPortExitCritical                    
000177bf  vPortFree                            
00017a21  vPortGetHeapStats                    
0001785b  vPortInitialiseBlocks                
0001b309  vPortSVCHandler                      
00019515  vPortSetupTimerInterrupt             
0001b329  vPortStartFirstTask                  
00019541  vPortValidateInterruptPriority       
0000f9b3  vQueueDelete                         
0000f9df  vQueueSetQueueNumber                 
0000fc6f  vQueueWaitForMessageRestricted       
00003715  vTaskDelay                           
0000354d  vTaskDelete                          
00003dc1  vTaskEndScheduler                    
00005819  vTaskGenericNotifyGiveFromISR        
00004a29  vTaskGetInfo                         
0000512f  vTaskGetRunTimeStats                 
00004845  vTaskInternalSetTimeOutState         
0000501d  vTaskList                            
0000490d  vTaskMissedYield                     
00004441  vTaskPlaceOnEventList                
000044fd  vTaskPlaceOnEventListRestricted      
0000446b  vTaskPlaceOnUnorderedEventList       
00004e95  vTaskPriorityDisinheritAfterTimeout  
000038b1  vTaskPrioritySet                     
000046e1  vTaskRemoveFromUnorderedEventList    
00003b79  vTaskResume                          
0000493d  vTaskSetTaskNumber                   
00004819  vTaskSetTimeOutState                 
00003d4d  vTaskStartScheduler                  
00003a29  vTaskSuspend                         
00003ddd  vTaskSuspendAll                      
00004341  vTaskSwitchContext                   
00015c37  vTimerSetReloadMode                  
0001616b  vTimerSetTimerID                     
00016221  vTimerSetTimerNumber                 
0001c09d  wcslen                               
0001784f  xPortGetFreeHeapSize                 
00017855  xPortGetMinimumEverFreeHeapSize      
0001b2a9  xPortPendSVHandler                   
000193b7  xPortStartScheduler                  
000194ef  xPortSysTickHandler                  
0000ef0f  xQueueCreateMutex                    
0000ee25  xQueueGenericCreate                  
0000ed31  xQueueGenericReset                   
0000ef3b  xQueueGenericSend                    
0000f0fd  xQueueGenericSendFromISR             
0000f21d  xQueueGiveFromISR                    
0000fbef  xQueueIsQueueEmptyFromISR            
0000fc3f  xQueueIsQueueFullFromISR             
0000f63d  xQueuePeek                           
0000f8a1  xQueuePeekFromISR                    
0000f32d  xQueueReceive                        
0000f7ad  xQueueReceiveFromISR                 
0000f493  xQueueSemaphoreTake                  
000040f1  xTaskCatchUpTicks                    
00004869  xTaskCheckForTimeOut                 
000032f1  xTaskCreate                          
00003639  xTaskDelayUntil                      
00005405  xTaskGenericNotify                   
000055d9  xTaskGenericNotifyFromISR            
000059bd  xTaskGenericNotifyStateClear         
0000530d  xTaskGenericNotifyWait               
00004c1d  xTaskGetCurrentTaskHandle            
00004c3d  xTaskGetSchedulerState               
00003f9d  xTaskGetTickCount                    
00003fad  xTaskGetTickCountFromISR             
00004145  xTaskIncrementTick                   
00004d8f  xTaskPriorityDisinherit              
00004c7d  xTaskPriorityInherit                 
00004581  xTaskRemoveFromEventList             
00003df1  xTaskResumeAll                       
00003c55  xTaskResumeFromISR                   
00015aeb  xTimerCreate                         
00015ab1  xTimerCreateTimerTask                
00015b83  xTimerGenericCommand                 
00015cbd  xTimerGetExpiryTime                  
00015c1b  xTimerGetPeriod                      
00015c7b  xTimerGetReloadMode                  
00015bfd  xTimerGetTimerDaemonTaskHandle       
0001610d  xTimerIsTimerActive                  
000161cd  xTimerPendFunctionCall               
00016193  xTimerPendFunctionCallFromISR        


GLOBAL SYMBOLS: SORTED BY Symbol Address 

address   name                                 
-------   ----                                 
00000000  __TI_static_base__                   
00000000  g_pfnVectors                         
00000200  __STACK_SIZE                         
0000026d  ConfigDescAlloc                      
00000303  ConfigDescFree                       
000003eb  USBHCDEventEnable                    
00000429  USBHCDEventDisable                   
000005e7  USBHCDPipeTransferSizeGet            
0000060d  USBHCDPipeAllocSize                  
000008c1  USBHCDPipeAlloc                      
0000090d  USBHCDPipeConfig                     
00000ab1  USBHCDPipeWrite                      
00000ce1  USBHCDPipeSchedule                   
00000e05  USBHCDPipeReadNonBlocking            
00000e4f  USBHCDPipeDataAck                    
00000e85  USBHCDPipeRead                       
000010e1  USBHCDPipeFree                       
00001471  USBHCDPowerConfigInit                
00001495  USBHCDPowerConfigGet                 
000014bd  USBHCDPowerConfigSet                 
0000154d  USBHCDPowerAutomatic                 
000015b5  USBHCDInit                           
00001715  USBHCDRegisterDrivers                
0000173d  USBHCDTerm                           
00001801  USBHCDReset                          
00001859  USBHCDSuspend                        
00001879  USBHCDResume                         
00001a41  USBHCDStringDescriptorGet            
00001abd  USBHCDSetAddress                     
00001bd5  USBHCDSetConfig                      
00001c2b  USBHCDSetInterface                   
00001c85  USBHostCheckPipes                    
00001d4d  USBHostIntHandlerInternal            
000024b7  USB0HostIntHandler                   
000025c1  InternalUSBHCDSendEvent              
00002711  USBHCDMain                           
00002b31  USBHCDControlTransfer                
00002cb1  USBHCDHubDeviceConnected             
00002d75  USBHCDHubDeviceDisconnected          
00002fd1  USBHCDDevHubPort                     
00002ffd  USBHCDDevAddress                     
00003029  USBHCDDevClass                       
00003071  USBHCDDevSubClass                    
000030bd  USBHCDDevProtocol                    
00003121  USBHCDFeatureSet                     
000031d9  USBHCDLPMStatus                      
00003223  USBHCDLPMSleep                       
0000329d  USBHCDLPMResume                      
000032f1  xTaskCreate                          
0000354d  vTaskDelete                          
00003639  xTaskDelayUntil                      
00003715  vTaskDelay                           
0000376d  eTaskGetState                        
00003841  uxTaskPriorityGet                    
00003869  uxTaskPriorityGetFromISR             
000038b1  vTaskPrioritySet                     
00003a29  vTaskSuspend                         
00003b79  vTaskResume                          
00003c55  xTaskResumeFromISR                   
00003d4d  vTaskStartScheduler                  
[...]
00012e1d  I2CTxFIFOFlush                       
00012e43  I2CRxFIFOConfigSet                   
00012e79  I2CRxFIFOFlush                       
00012e9f  I2CFIFOStatus                        
00012ebd  I2CFIFODataPut                       
00012eed  I2CFIFODataPutNonBlocking            
00012f23  I2CFIFODataGet                       
00012f4b  I2CFIFODataGetNonBlocking            
00012f7f  I2CMasterBurstLengthSet              
00012fb1  I2CMasterBurstCountGet               
00012fcd  I2CMasterGlitchFilterConfigSet       
00013029  I2CSlaveFIFOEnable                   
0001304f  I2CSlaveFIFODisable                  
0001306f  I2CLoopbackEnable                    
00013103  UARTStdioConfig                      
0001322f  UARTwrite                            
000132f9  UARTgets                             
00013759  UARTgetc                             
00013781  UARTvprintf                          
00013a93  UARTprintf                           
00013ab7  UARTRxBytesAvail                     
00013ac3  UARTTxBytesFree                      
00013acf  UARTFlushRx                          
00013add  UARTFlushTx                          
00013b03  UARTEchoSet                          
00013b2b  UARTStdioIntHandler                  
00013ce3  UARTParityModeSet                    
00013d2f  UARTParityModeGet                    
00013d4d  UARTFIFOLevelSet                     
00013dbf  UARTFIFOLevelGet                     
00013dfb  UARTConfigSetExpClk                  
00013ed9  UARTConfigGetExpClk                  
00013f39  UARTEnable                           
00013f81  UARTDisable                          
00013fb9  UARTFIFOEnable                       
00013fdd  UARTFIFODisable                      
00014001  UARTEnableSIR                        
0001403d  UARTDisableSIR                       
00014061  UARTSmartCardEnable                  
000140a1  UARTSmartCardDisable                 
000140c5  UARTModemControlSet                  
00014129  UARTModemControlClear                
0001418d  UARTModemControlGet                  
000141cd  UARTModemStatusGet                   
0001420f  UARTFlowControlSet                   
00014255  UARTFlowControlGet                   
00014275  UARTTxIntModeSet                     
000142b3  UARTTxIntModeGet                     
000142d3  UARTCharsAvail                       
000142ff  UARTSpaceAvail                       
0001432b  UARTCharGetNonBlocking               
00014369  UARTCharGet                          
0001438d  UARTCharPutNonBlocking               
000143bf  UARTCharPut                          
000143eb  UARTBreakCtl                         
00014423  UARTBusy                             
0001444f  UARTIntRegister                      
0001448d  UARTIntUnregister                    
000144cd  UARTIntEnable                        
000144f3  UARTIntDisable                       
00014519  UARTIntStatus                        
00014545  UARTIntClear                         
00014565  UARTDMAEnable                        
0001458b  UARTDMADisable                       
000145b1  UARTRxErrorGet                       
000145d1  UARTRxErrorClear                     
000145ef  UARTClockSourceSet                   
00014625  UARTClockSourceGet                   
00014643  UART9BitEnable                       
00014667  UART9BitDisable                      
0001468b  UART9BitAddrSet                      
000146bf  UART9BitAddrSend                     
00014715  UARTLoopbackEnable                   
0001473d  __TI_printfi                         
0001518b  __aeabi_idiv0                        
0001518b  __aeabi_ldiv0                        
00015795  USBHHubMain                          
000159c1  USBHHubEnumerationComplete           
000159e3  USBHHubEnumerationError              
00015a05  USBHHubOpen                          
00015a1d  USBHHubClose                         
00015a31  USBHHubInit                          
00015a5f  USBHHubLPMSleep                      
00015a6d  USBHHubLPMStatus                     
00015ab1  xTimerCreateTimerTask                
00015aeb  xTimerCreate                         
00015b83  xTimerGenericCommand                 
00015bfd  xTimerGetTimerDaemonTaskHandle       
00015c1b  xTimerGetPeriod                      
00015c37  vTimerSetReloadMode                  
00015c7b  xTimerGetReloadMode                  
00015cb1  uxTimerGetReloadMode                 
00015cbd  xTimerGetExpiryTime                  
00015cdd  pcTimerGetName                       
0001610d  xTimerIsTimerActive                  
00016143  pvTimerGetTimerID                    
0001616b  vTimerSetTimerID                     
00016193  xTimerPendFunctionCallFromISR        
000161cd  xTimerPendFunctionCall               
00016213  uxTimerGetTimerNumber                
00016221  vTimerSetTimerNumber                 
000164fb  USBBufferInit                        
00016545  USBBufferZeroLengthPacketInsert      
0001657f  USBBufferInfoGet                     
000165b9  USBBufferDataWritten                 
000165e7  USBBufferDataRemoved                 
0001660f  USBBufferCallbackDataSet             
00016629  USBBufferWrite                       
00016691  USBBufferFlush                       
000166b1  USBBufferRead                        
00016705  USBBufferDataAvailable               
00016725  USBBufferSpaceAvailable              
00016745  USBBufferEventCallback               
00016865  USBStackModeSet                      
000168af  USB0DualModeIntHandler               
000168fb  USBDualModeInit                      
00016979  USBDualModeTerm                      
000169bb  USBOTGModeTerm                       
00016a03  USBOTGModeInit                       
00016b29  USBOTGPollRate                       
00016b59  USB0OTGModeIntHandler                
00016c41  OTGDeviceDisconnect                  
00016c5b  USBOTGMain                           
00016cf9  USBOTGFeatureSet                     
00016d57  IntMasterEnable                      
00016d67  IntMasterDisable                     
00016d77  IntRegister                          
00016ded  IntUnregister                        
00016e0d  IntPriorityGroupingSet               
00016e33  IntPriorityGroupingGet               
00016e6b  IntPrioritySet                       
00016ecd  IntPriorityGet                       
00016f03  IntEnable                            
00016f81  IntDisable                           
00017009  IntIsEnabled                         
000170bd  IntPendSet                           
0001712d  IntPendClear                         
00017187  IntPriorityMaskSet                   
00017193  IntPriorityMaskGet                   
0001719b  IntTrigger                           
0001722f  USBRingBufFull                       
00017271  USBRingBufEmpty                      
000172a3  USBRingBufFlush                      
000172cf  USBRingBufUsed                       
00017309  USBRingBufFree                       
0001732d  USBRingBufContigUsed                 
00017365  USBRingBufContigFree                 
000173ab  USBRingBufSize                       
000173c3  USBRingBufReadOne                    
00017409  USBRingBufRead                       
0001747f  USBRingBufAdvanceRead                
000174d5  USBRingBufAdvanceWrite               
00017565  USBRingBufWriteOne                   
000175ab  USBRingBufWrite                      
00017621  USBRingBufInit                       
00017671  pvPortMalloc                         
000177bf  vPortFree                            
0001784f  xPortGetFreeHeapSize                 
00017855  xPortGetMinimumEverFreeHeapSize      
0001785b  vPortInitialiseBlocks                
0001785d  pvPortCalloc                         
00017a21  vPortGetHeapStats                    
00017ae9  RGBBlinkIntHandler                   
00017b17  RGBInit                              
00017c11  RGBEnable                            
00017cc9  RGBDisable                           
00017d27  RGBSet                               
00017d3f  RGBColorSet                          
00017de9  RGBIntensitySet                      
00017dfd  RGBBlinkRateSet                      
00017e89  RGBColorGet                          
00017f59  USBControlHandler                    
00017ff1  USBTxHandler                         
00018061  USBRxHandler                         
000180c3  USBSerialInit                        
0001816f  USBSerialGetChar                     
0001818d  USBSerialPutChar                     
000181dd  USBSerialRead                        
00018221  USBSerialWrite                       
000182e1  strtof                               
0001876f  USBDeviceConfig                      
0001899b  USBDeviceConfigAlternate             
00018a65  BMI160AppCallback                    
00018a77  BMI160_i2c_transfer                  
00018acd  BMI160_reg_read                      
00018af7  BMI160_reg_write                     
00018b29  BMI160_reg_write_bits                
00018b97  BMI160_reg_read_bits                 
00018bd9  BMI160_initialize                    
00018c6d  BMI160_getDeviceID                   
00018c77  BMI160_testConnection                
00018c8f  BMI160_setFullScaleGyroRange         
00018c9b  BMI160_setFullScaleAccelRange        
00018ca7  BMI160_getAcceleration               
00018cf9  BMI160_getRotation                   
00018d07  BMI160_getRegister                   
00018d17  BMI160_setRegister                   
00018f13  destuff_and_check_checksum           
00018f67  create_frame                         
00018feb  decode_command_type                  
00018ff9  check_and_extract_command_param      
00019025  get_command_param_pointer            
00019125  USBDCDConfigDescGetSize              
0001915d  USBDCDConfigDescGetNum               
000191ab  USBDCDConfigDescGet                  
00019239  USBDCDConfigGetNumAlternateInterfaces
0001928d  USBDCDConfigGetInterface             
000192c3  USBDCDConfigGetInterfaceEndpoint     
00019331  pxPortInitialiseStack                
000193b7  xPortStartScheduler                  
00019469  vPortEndScheduler                    
00019489  vPortEnterCritical                   
000194c7  vPortExitCritical                    
000194ef  xPortSysTickHandler                  
00019515  vPortSetupTimerInterrupt             
00019541  vPortValidateInterruptPriority       
00019601  remotelink_sendMessage               
0001978b  remotelink_init                      
000198d1  ACMEAppCallback                      
000198e3  ACME_WriteAndRead                    
00019945  ACME_Write                           
0001999d  ACME_Read                            
000199f5  ACME_initDevice                      
00019abd  ACME_setPinDir                       
00019adf  ACME_writePin                        
00019b01  ACME_readPin                         
00019b1d  ACME_clearInt                        
00019b3f  ACME_setIntType                      
00019b57  ACME_readInt                         
00019b69  ACME_read                            
00019e01  ACMEsim_SlaveEnable                  
00019e07  ACMEsim_SlaveDisable                 
00019e23  ACMEsim_InitSlave                    
00019ebf  ACMEsim_I2C1SlaveIntHandler          
0001a02d  USBDescGetNum                        
0001a089  USBDescGet                           
0001a0f3  USBDescGetNumAlternateInterfaces     
0001a1ad  USBDescGetInterface                  
0001a1db  USBDescGetInterfaceEndpoint          
0001a3d1  __error__                            
0001a3db  vApplicationStackOverflowHook        
0001a3e5  vApplicationTickHook                 
0001a405  vApplicationIdleHook                 
0001a40d  vApplicationMallocFailedHook         
0001a4b7  main                                 
0001a595  __aeabi_dsub                         
0001a59f  __aeabi_dadd                         
0001a74d  configADC_DisparaADC                 
0001a759  configADC_IniciaADC                  
0001a807  configADC_LeeADC                     
0001a81b  configADC_ISR                        
0001a9d1  __aeabi_ddiv                         
0001ab07  vListInitialise                      
0001ab37  vListInitialiseItem                  
0001ab47  vListInsertEnd                       
0001ab83  vListInsert                          
0001abe9  uxListRemove                         
0001ac31  CPUUsageTick                         
0001ac6f  CPUUsageInit                         
0001ae79  ldexp                                
0001ae79  ldexpl                               
0001ae79  scalbn                               
0001ae79  scalbnl                              
0001af89  strtoul                              
0001b099  __aeabi_dmul                         
0001b195  InternalUSBTickInit                  
0001b1d3  InternalUSBTickReset                 
0001b1db  InternalUSBRegisterTickHandler       
0001b22b  InternalUSBStartOfFrameTick          
0001b291  ulPortGetIPSR                        
0001b2a9  xPortPendSVHandler                   
0001b309  vPortSVCHandler                      
0001b329  vPortStartFirstTask                  
0001b34d  vPortEnableVFP                       
0001b35d  ldexpf                               
0001b35d  scalbnf                              
0001b42d  ULPIConfigSet                        
0001b4cf  ULPIPowerTransceiver                 
0001b5a9  CmdLineProcess                       
0001b655  __aeabi_memcpy                       
0001b655  __aeabi_memcpy4                      
0001b655  __aeabi_memcpy8                      
0001b655  memcpy                               
0001b6f1  __aeabi_uldivmod                     
0001b787  __aeabi_cdcmpeq                      
0001b787  __aeabi_cdcmple                      
0001b80d  __aeabi_cdrcmple                     
0001b893  __aeabi_memclr                       
0001b893  __aeabi_memclr4                      
0001b893  __aeabi_memclr8                      
0001b895  __aeabi_memset                       
0001b895  __aeabi_memset4                      
0001b895  __aeabi_memset8                      
0001b89b  memset                               
0001b97d  create_checksum                      
0001b9e5  vConfigureTimerForRunTimeStats       
0001ba4d  __TI_decompress_lzss                 
0001bab5  frexp                                
0001bab5  frexpl                               
0001bb6f  __TI_ltoa                            
0001bc15  __aeabi_f2ulz                        
0001bc65  atoi                                 
0001bcb1  __aeabi_d2iz                         
0001bcf9  __TI_auto_init_nobinit_nopinit       
0001bd3d  __aeabi_uidiv                        
0001bd3d  __aeabi_uidivmod                     
0001bd7d  sprintf                              
0001bdfb  CPUcpsid                             
0001be07  CPUprimask                           
0001be11  CPUcpsie                             
0001be1d  CPUwfi                               
0001be21  CPUbasepriSet                        
0001be2f  CPUbasepriGet                        
0001be39  I2CMRead                             
0001be6f  I2CMWrite                            
0001bea5  I2CMWriteBatched                     
0001bedd  _c_int00_noargs                      
0001bf11  __aeabi_i2d                          
0001bf41  ResetISR                             
0001bf6d  strncmp                              
0001bf99  GetOverflowCounts                    
0001bfbd  USB0DeviceIntHandler                 
0001bfe1  memccpy                              
0001bffd  copysign                             
0001bffd  copysignl                            
0001c02f  copysignf                            
0001c047  strcmp                               
0001c05f  strchr                               
0001c075  strcpy                               
0001c089  strlen                               
0001c09d  wcslen                               
0001c0af  __TI_decompress_none                 
0001c0bd  __TI_zero_init                       
0001c0d5  __aeabi_errno_addr                   
0001c0dd  SysCtlDelay                          
0001c0e3  _system_pre_init                     
0001c0e7  C$$EXIT                              
0001c0e7  abort                                
0001c69c  _ctypes_                             
0001cc98  g_pui8ConfigString                   
0001cd34  g_sCDCHandlers                       
0001cd94  g_pui8ControlInterfaceString         
0001cdc0  g_pui8ManufacturerString             
0001cde4  g_pui8CDCSerCommInterface            
0001ce07  g_pui8ProductString                  
0001ce4c  g_ppui8StringDescriptors             
0001ce64  g_pui8CDCSerDataInterface            
0001ce7b  g_pui8CDCSerDataInterfaceHS          
0001cee4  g_pui8SerialNumberString             
0001cf38  g_sCDCCompSerConfigHeader            
0001cf40  g_sCDCCompSerConfigHeaderHS          
0001cf48  g_sCDCSerCommInterfaceSection        
0001cf50  g_sCDCSerConfigHeader                
0001cf58  g_sCDCSerConfigHeaderHS              
0001cf60  g_sCDCSerConfigSection               
0001cf68  g_sCDCSerDataInterfaceSection        
0001cf70  g_sCDCSerDataInterfaceSectionHS      
0001cf78  g_sIADSerConfigSection               
0001cf80  ulMaxSyscallInterruptPriority        
0001cf88  g_pui8LangDescriptor                 
0001cf8c  g_pCDCCompSerConfigDescriptors       
0001cf90  g_pCDCCompSerConfigDescriptorsHS     
0001cf94  g_ppCDCSerConfigDescriptors          
0001cf98  g_ppCDCSerConfigDescriptorsHS        
0001cf9c  uxTopUsedPriority                    
0001d118  __TI_Handler_Table_Base              
0001d124  __TI_Handler_Table_Limit             
0001d138  __TI_CINIT_Base                      
0001d150  __TI_CINIT_Limit                     
20000000  __start___llvm_prf_cnts              
20000000  __stop___llvm_prf_cnts               
20000000  g_pfnRAMVectors                      
20005eac  g_pui8USBRxBuffer                    
20005fac  g_pui8USBTxBuffer                    
20006148  g_psDCDInst                          
200062cc  g_pfnTickHandlers                    
200062e4  g_pvTickInstance                     
20006414  g_ppsDevInfo                         
20006418  g_ui32CPUUsage                       
2000641c  g_ui32PollRate                       
20006420  g_ulSystemClock                      
20006424  g_eOTGModeState                      
20006428  g_psCmdTable                         
200064c4  g_sCDCDevice                         
20006524  pxCurrentTCB                         
20006560  g_sRxBuffer                          
20006598  g_sTxBuffer                          
20006640  g_pui8CDCSerDeviceDescriptor         
20006654  g_psCDCCompSerSections               
20006664  g_psCDCCompSerSectionsHS             
20006674  g_ulUARTTxCount                      
20006678  g_ulUARTRxCount                      
2000667c  g_ulUARTRxErrors                     
20006684  g_internalAddress                    
20006688  g_internalData                       
20006690  g_psCDCSerSections                   
2000669c  g_psCDCSerSectionsHS                 
200066cc  g_bUSBTimerInitialized               
200066d0  g_ui32CurrentUSBTick                 
200066d4  g_ui32USBSOFCount                    
200066d8  g_pui8CDCSerDescriptor               
200066e4  g_iUSBMode                           
200066e8  g_ui32WaitTicks                      
200066ed  g_pui8IADSerDescriptor               
20006718  errno                                
20006720  __stack                              
20006920  __STACK_END                          
20006920  __STACK_TOP                          
ffffffff  __TI_pprof_out_hndl                  
ffffffff  __TI_prof_data_size                  
ffffffff  __TI_prof_data_start                 
ffffffff  __binit__                            
ffffffff  __c_args__                           
ffffffff  binit                                
UNDEFED   __mpu_init                           
UNDEFED   _system_post_cinit                   

[907 symbols]
