******************************************************************************
                  TI ARM Linker PC v20.2.7                     
******************************************************************************
>> Linked Wed May 22 00:44:08 2024

OUTPUT FILE NAME:   <freeRTOS-demoTimers.out>
ENTRY POINT SYMBOL: "_c_int00_noargs"  address: 00008c4d


MEMORY CONFIGURATION

         name            origin    length      used     unused   attr    fill
----------------------  --------  ---------  --------  --------  ----  --------
  FLASH                 00000000   00040000  000093d2  00036c2e  R  X
  SRAM                  20000000   00008000  0000594c  000026b4  RW X


SEGMENT ALLOCATION MAP

run origin  load origin   length   init length attrs members
----------  ----------- ---------- ----------- ----- -------
00000000    00000000    000093d8   000093d8    r-x
  00000000    00000000    0000026c   0000026c    r-- .intvecs
  0000026c    0000026c    00008b4e   00008b4e    r-x .text
  00008dbc    00008dbc    000005c8   000005c8    r-- .const
  00009388    00009388    00000050   00000050    r-- .cinit
20000000    20000000    00005950   00000000    rw-
  20000000    20000000    0000026c   00000000    rw- .vtable
  2000026c    2000026c    00005468   00000000    rw- .bss
  200056d8    200056d8    00000200   00000000    rw- .stack
  200058d8    200058d8    00000078   00000000    rw- .data


SECTION ALLOCATION MAP

 output                                  attributes/
section   page    origin      length       input sections
--------  ----  ----------  ----------   ----------------
.intvecs   0    00000000    0000026c     
                  00000000    0000026c     startup_ccs.obj (.intvecs)

.text      0    0000026c    00008b4e     
                  0000026c    00002444     tasks.obj (.text)
                  000026b0    00000f80     sysctl.obj (.text)
                  00003630    00000de4     queue.obj (.text)
                  00004414    00000ab0     uartstdio.obj (.text)
                  00004ec4    00000a4e     rtsv7M4_T_le_v4SPD16_eabi.lib : _printfi.c.obj (.text:__TI_printfi)
                  00005912    00000002                                   : div0.asm.obj (.text)
                  00005914    000006b0     timers.obj (.text)
                  00005fc4    00000642     timer.obj (.text)
                  00006606    00000002     --HOLE-- [fill = 0]
                  00006608    0000062e     uart.obj (.text)
                  00006c36    00000002     --HOLE-- [fill = 0]
                  00006c38    000003d8     heap_4.obj (.text)
                  00007010    000003c0     interrupt.obj (.text)
                  000073d0    00000270     rtsv7M4_T_le_v4SPD16_eabi.lib : _printfi.c.obj (.text:_pconv_a)
                  00007640    000001d0                                   : _printfi.c.obj (.text:_pconv_g)
                  00007810    000001b6                                   : fd_add_t2.asm.obj (.text)
                  000079c6    00000002     --HOLE-- [fill = 0]
                  000079c8    000001b0     freertos_demoTimers.obj (.text)
                  00007b78    00000150     port.obj (.text)
                  00007cc8    0000013c     rtsv7M4_T_le_v4SPD16_eabi.lib : _printfi.c.obj (.text:_pconv_e)
                  00007e04    00000136                                   : fd_div_t2.asm.obj (.text)
                  00007f3a    0000012a     list.obj (.text)
                  00008064    00000124     rtsv7M4_T_le_v4SPD16_eabi.lib : _printfi.c.obj (.text:fcvt)
                  00008188    00000110                                   : s_scalbn.c.obj (.text:scalbn)
                  00008298    000000fc                                   : fd_mul_t2.asm.obj (.text)
                  00008394    000000da     portasm.obj (.text)
                  0000846e    00000002     --HOLE-- [fill = 0]
                  00008470    000000b1     rtsv7M4_T_le_v4SPD16_eabi.lib : _printfi.c.obj (.text:_ltostr)
                  00008521    00000001     --HOLE-- [fill = 0]
                  00008522    0000009c                                   : memcpy_t2.asm.obj (.text)
                  000085be    00000096                                   : ull_div_t2.asm.obj (.text)
                  00008654    00000086                                   : fd_cmp_t2.asm.obj (.text:__aeabi_cdcmple)
                  000086da    00000086                                   : fd_cmp_t2.asm.obj (.text:__aeabi_cdrcmple)
                  00008760    0000007a                                   : memset_t2.asm.obj (.text)
                  000087da    0000006e                                   : _printfi.c.obj (.text:_mcpy)
                  00008848    00000068     RunTimeStatsConfig.obj (.text)
                  000088b0    00000068     rtsv7M4_T_le_v4SPD16_eabi.lib : copy_decompress_lzss.c.obj (.text:decompress:lzss:__TI_decompress_lzss)
                  00008918    00000064                                   : s_frexp.c.obj (.text:frexp)
                  0000897c    00000056                                   : _printfi.c.obj (.text:_pconv_f)
                  000089d2    00000054                                   : _ltoa.c.obj (.text:__TI_ltoa)
                  00008a26    00000052                                   : _printfi.c.obj (.text:_ecpy)
                  00008a78    0000004c                                   : atoi.c.obj (.text:atoi)
                  00008ac4    00000048                                   : fd_toi_t2.asm.obj (.text)
                  00008b0c    00000044                                   : autoinit.c.obj (.text:__TI_auto_init_nobinit_nopinit:__TI_auto_init_nobinit_nopinit)
                  00008b50    00000040                                   : u_divt2.asm.obj (.text)
                  00008b90    00000040                                   : sprintf.c.obj (.text:sprintf)
                  00008bd0    0000003e                                   : _printfi.c.obj (.text:_fcpy)
                  00008c0e    0000003e     cpu.obj (.text)
                  00008c4c    00000034     rtsv7M4_T_le_v4SPD16_eabi.lib : boot_cortex_m.c.obj (.text:_c_int00_noargs:_c_int00_noargs)
                  00008c80    0000002e                                   : i_tofd_t2.asm.obj (.text)
                  00008cae    00000002     --HOLE-- [fill = 0]
                  00008cb0    00000024     RunTimeStatsConfig.obj (.text:GetOverflowCounts)
                  00008cd4    0000001c     rtsv7M4_T_le_v4SPD16_eabi.lib : memccpy.c.obj (.text:memccpy)
                  00008cf0    0000001a                                   : s_copysign.c.obj (.text:copysign)
                  00008d0a    00000018                                   : sprintf.c.obj (.text:_outs)
                  00008d22    00000016                                   : strchr.c.obj (.text:strchr)
                  00008d38    00000014                                   : strcpy.c.obj (.text:strcpy)
                  00008d4c    00000014                                   : strlen.c.obj (.text:strlen)
                  00008d60    00000012                                   : wcslen.c.obj (.text:wcslen)
                  00008d72    0000000e                                   : copy_decompress_none.c.obj (.text:decompress:none:__TI_decompress_none)
                  00008d80    0000000c                                   : copy_zero_init.c.obj (.text:decompress:ZI:__TI_zero_init)
                  00008d8c    0000000c     startup_ccs.obj (.text)
                  00008d98    0000000a     rtsv7M4_T_le_v4SPD16_eabi.lib : sprintf.c.obj (.text:_outc)
                  00008da2    00000002     --HOLE-- [fill = 0]
                  00008da4    00000008                                   : errno.c.obj (.text:__aeabi_errno_addr)
                  00008dac    00000006     sysctl.obj (.text:SysCtlDelay)
                  00008db2    00000004     rtsv7M4_T_le_v4SPD16_eabi.lib : pre_init.c.obj (.text:_system_pre_init)
                  00008db6    00000004                                   : exit.c.obj (.text:abort:abort)

.const     0    00008dbc    000005c8     
                  00008dbc    000001b0     sysctl.obj (.const:g_pppui32XTALtoVCO)
                  00008f6c    00000101     rtsv7M4_T_le_v4SPD16_eabi.lib : ctype.c.obj (.const:.string:_ctypes_)
                  0000906d    00000003     --HOLE-- [fill = 0]
                  00009070    0000009c     interrupt.obj (.const:g_pui32Regs)
                  0000910c    0000006c     sysctl.obj (.const:g_pui32Xtals)
                  00009178    00000060     timer.obj (.const:g_ppui32TimerIntMap)
                  000091d8    00000040     timer.obj (.const:g_ppui32TimerIntMapSnowflake)
                  00009218    00000040     uart.obj (.const:g_ppui32UARTIntMap)
                  00009258    00000040     uart.obj (.const:g_ppui32UARTIntMapSnowflake)
                  00009298    00000030     sysctl.obj (.const:g_sXTALtoMEMTIM)
                  000092c8    00000020     interrupt.obj (.const:g_pui32Priority)
                  000092e8    00000014     interrupt.obj (.const:g_pui32Dii16Regs)
                  000092fc    00000014     interrupt.obj (.const:g_pui32EnRegs)
                  00009310    00000014     interrupt.obj (.const:g_pui32PendRegs)
                  00009324    00000014     interrupt.obj (.const:g_pui32UnpendRegs)
                  00009338    00000012     uartstdio.obj (.const:.string)
                  0000934a    00000002     --HOLE-- [fill = 0]
                  0000934c    0000000c     uartstdio.obj (.const:g_ui32UARTBase)
                  00009358    0000000c     uartstdio.obj (.const:g_ui32UARTInt)
                  00009364    0000000c     uartstdio.obj (.const:g_ui32UARTPeriph)
                  00009370    00000008     sysctl.obj (.const:g_pui32VCOFrequencies)
                  00009378    00000004     port.obj (.const)
                  0000937c    00000004     tasks.obj (.const)
                  00009380    00000004     uartstdio.obj (.const)

.cinit     0    00009388    00000050     
                  00009388    00000015     (.cinit..data.load) [load image, compression = lzss]
                  0000939d    00000003     --HOLE-- [fill = 0]
                  000093a0    0000000c     (__TI_handler_table)
                  000093ac    00000004     --HOLE-- [fill = 0]
                  000093b0    00000008     (.cinit..bss.load) [load image, compression = zero_init]
                  000093b8    00000008     (.cinit..vtable.load) [load image, compression = zero_init]
                  000093c0    00000018     (__TI_cinit_table)

.init_array 
*          0    00000000    00000000     UNINITIALIZED

.vtable    0    20000000    0000026c     UNINITIALIZED
                  20000000    0000026c     interrupt.obj (.vtable)

.bss       0    2000026c    00005468     UNINITIALIZED
                  2000026c    00005000     heap_4.obj (.bss:ucHeap)
                  2000526c    00000200     uartstdio.obj (.bss:g_pcUARTRxHistoryBuffer)
                  2000546c    00000140     tasks.obj (.bss:pxReadyTasksLists)
                  200055ac    00000050     (.common:xQueueRegistry)
                  200055fc    00000020     uartstdio.obj (.bss:g_usUARTRxHistoryOffset)
                  2000561c    00000014     timers.obj (.bss:xActiveTimerList1)
                  20005630    00000014     timers.obj (.bss:xActiveTimerList2)
                  20005644    00000014     tasks.obj (.bss:xDelayedTaskList1)
                  20005658    00000014     tasks.obj (.bss:xDelayedTaskList2)
                  2000566c    00000014     tasks.obj (.bss:xPendingReadyList)
                  20005680    00000014     tasks.obj (.bss:xSuspendedTaskList)
                  20005694    00000014     tasks.obj (.bss:xTasksWaitingTermination)
                  200056a8    00000010     uartstdio.obj (.bss)
                  200056b8    00000008     tasks.obj (.bss)
                  200056c0    00000008     timers.obj (.bss)
                  200056c8    00000008     heap_4.obj (.bss:xStart)
                  200056d0    00000004     (.common:xTimer)

.data      0    200058d8    00000078     UNINITIALIZED
                  200058d8    0000003c     tasks.obj (.data)
                  20005914    00000014     heap_4.obj (.data)
                  20005928    0000000c     timers.obj (.data)
                  20005934    0000000c     uartstdio.obj (.data)
                  20005940    00000008     freertos_demoTimers.obj (.data)
                  20005948    00000004     port.obj (.data)
                  2000594c    00000004     rtsv7M4_T_le_v4SPD16_eabi.lib : errno.c.obj (.data)

.stack     0    200056d8    00000200     UNINITIALIZED
                  200056d8    00000004     rtsv7M4_T_le_v4SPD16_eabi.lib : boot_cortex_m.c.obj (.stack)
                  200056dc    000001fc     --HOLE--

__llvm_prf_cnts 
*          0    20000000    00000000     UNINITIALIZED

MODULE SUMMARY

       Module                       code    ro data   rw data
       ------                       ----    -------   -------
    .\
       startup_ccs.obj              12      620       0      
       freertos_demoTimers.obj      432     0         12     
    +--+----------------------------+-------+---------+---------+
       Total:                       444     620       12     
                                                             
    .\FreeRTOS\Source\
       tasks.obj                    9284    4         488    
       queue.obj                    3556    0         80     
       timers.obj                   1712    0         60     
       list.obj                     298     0         0      
    +--+----------------------------+-------+---------+---------+
       Total:                       14850   4         628    
                                                             
    .\FreeRTOS\Source\portable\CCS\ARM_CM4F\
       port.obj                     336     4         4      
       portasm.obj                  218     0         0      
    +--+----------------------------+-------+---------+---------+
       Total:                       554     4         4      
                                                             
    .\FreeRTOS\Source\portable\MemMang\
       heap_4.obj                   984     0         20508  
    +--+----------------------------+-------+---------+---------+
       Total:                       984     0         20508  
                                                             
    .\driverlib\
       sysctl.obj                   3974    596       0      
       interrupt.obj                960     268       620    
       timer.obj                    1602    160       0      
       uart.obj                     1582    128       0      
       cpu.obj                      62      0         0      
    +--+----------------------------+-------+---------+---------+
       Total:                       8180    1152      620    
                                                             
    .\utils\
       uartstdio.obj                2736    58        572    
       RunTimeStatsConfig.obj       140     0         0      
    +--+----------------------------+-------+---------+---------+
       Total:                       2876    58        572    
                                                             
    C:\ti\ccs1220\ccs\tools\compiler\ti-cgt-arm_20.2.7.LTS\lib\rtsv7M4_T_le_v4SPD16_eabi.lib
       _printfi.c.obj               4851    0         0      
       fd_add_t2.asm.obj            438     0         0      
       fd_div_t2.asm.obj            310     0         0      
       s_scalbn.c.obj               272     0         0      
       fd_cmp_t2.asm.obj            268     0         0      
       ctype.c.obj                  0       257       0      
       fd_mul_t2.asm.obj            252     0         0      
       memcpy_t2.asm.obj            156     0         0      
       ull_div_t2.asm.obj           150     0         0      
       memset_t2.asm.obj            122     0         0      
       copy_decompress_lzss.c.obj   104     0         0      
       s_frexp.c.obj                100     0         0      
       sprintf.c.obj                98      0         0      
       _ltoa.c.obj                  84      0         0      
       atoi.c.obj                   76      0         0      
       fd_toi_t2.asm.obj            72      0         0      
       autoinit.c.obj               68      0         0      
       u_divt2.asm.obj              64      0         0      
       boot_cortex_m.c.obj          52      0         0      
       i_tofd_t2.asm.obj            46      0         0      
       memccpy.c.obj                28      0         0      
       s_copysign.c.obj             26      0         0      
       strchr.c.obj                 22      0         0      
       strcpy.c.obj                 20      0         0      
       strlen.c.obj                 20      0         0      
       wcslen.c.obj                 18      0         0      
       copy_decompress_none.c.obj   14      0         0      
       copy_zero_init.c.obj         12      0         0      
       errno.c.obj                  8       0         4      
       exit.c.obj                   4       0         0      
       pre_init.c.obj               4       0         0      
       div0.asm.obj                 2       0         0      
    +--+----------------------------+-------+---------+---------+
       Total:                       7761    257       4      
                                                             
       Stack:                       0       0         512    
       Linker Generated:            0       73        0      
    +--+----------------------------+-------+---------+---------+
       Grand Total:                 35649   2168      22860  


LINKER GENERATED COPY TABLES

__TI_cinit_table @ 000093c0 records: 3, size/record: 8, table size: 24
	.data: load addr=00009388, load size=00000015 bytes, run addr=200058d8, run size=00000078 bytes, compression=lzss
	.bss: load addr=000093b0, load size=00000008 bytes, run addr=2000026c, run size=00005468 bytes, compression=zero_init
	.vtable: load addr=000093b8, load size=00000008 bytes, run addr=20000000, run size=0000026c bytes, compression=zero_init


LINKER GENERATED HANDLER TABLE

__TI_handler_table @ 000093a0 records: 3, size/record: 4, table size: 12
	index: 0, handler: __TI_zero_init
	index: 1, handler: __TI_decompress_lzss
	index: 2, handler: __TI_decompress_none


GLOBAL SYMBOLS: SORTED ALPHABETICALLY BY Name 

address   name                               
-------   ----                               
00008db7  C$$EXIT                            
00008c43  CPUbasepriGet                      
00008c35  CPUbasepriSet                      
00008c0f  CPUcpsid                           
00008c25  CPUcpsie                           
00008c1b  CPUprimask                         
00008c31  CPUwfi                             
00008cb1  GetOverflowCounts                  
000071d1  IntDisable                         
0000715f  IntEnable                          
00007243  IntIsEnabled                       
00007023  IntMasterDisable                   
00007013  IntMasterEnable                    
00007339  IntPendClear                       
000072c9  IntPendSet                         
0000713b  IntPriorityGet                     
000070b3  IntPriorityGroupingGet             
00007099  IntPriorityGroupingSet             
00007393  IntPriorityMaskGet                 
00007387  IntPriorityMaskSet                 
000070eb  IntPrioritySet                     
00007033  IntRegister                        
0000739b  IntTrigger                         
00007085  IntUnregister                      
00008d8d  ResetISR                           
000035ed  SysCtlAltClkConfig                 
00002d15  SysCtlClockFreqSet                 
000031dd  SysCtlClockGet                     
000035d1  SysCtlClockOutConfig               
0000300d  SysCtlClockSet                     
00002c19  SysCtlDeepSleep                    
000033a1  SysCtlDeepSleepClockConfigSet      
00003383  SysCtlDeepSleepClockSet            
00002bf9  SysCtlDeepSleepPowerSet            
00008dad  SysCtlDelay                        
000027a7  SysCtlFlashSectorSizeGet           
0000277b  SysCtlFlashSizeGet                 
00003477  SysCtlGPIOAHBDisable               
0000345b  SysCtlGPIOAHBEnable                
00002b8d  SysCtlIntClear                     
00002b75  SysCtlIntDisable                   
00002b61  SysCtlIntEnable                    
00002b39  SysCtlIntRegister                  
00002b9d  SysCtlIntStatus                    
00002b51  SysCtlIntUnregister                
00002bdf  SysCtlLDODeepSleepGet              
00002bcf  SysCtlLDODeepSleepSet              
00002bc9  SysCtlLDOSleepGet                  
00002bb9  SysCtlLDOSleepSet                  
00002c4f  SysCtlMOSCConfigSet                
000035b5  SysCtlNMIClear                     
000035a1  SysCtlNMIStatus                    
00002c65  SysCtlPIOSCCalibrate               
00003445  SysCtlPWMClockGet                  
0000342b  SysCtlPWMClockSet                  
00002ae5  SysCtlPeripheralClockGating        
00002a9d  SysCtlPeripheralDeepSleepDisable   
00002a4d  SysCtlPeripheralDeepSleepEnable    
00002989  SysCtlPeripheralDisable            
0000294d  SysCtlPeripheralEnable             
00002889  SysCtlPeripheralPowerOff           
0000284d  SysCtlPeripheralPowerOn            
000027cd  SysCtlPeripheralPresent            
0000280d  SysCtlPeripheralReady              
000028c5  SysCtlPeripheralReset              
00002a11  SysCtlPeripheralSleepDisable       
000029cd  SysCtlPeripheralSleepEnable        
00002c09  SysCtlReset                        
00002cc5  SysCtlResetBehaviorGet             
00002cb5  SysCtlResetBehaviorSet             
00002c3b  SysCtlResetCauseClear              
00002c35  SysCtlResetCauseGet                
00002771  SysCtlSRAMSizeGet                  
00002c11  SysCtlSleep                        
00002be5  SysCtlSleepPowerSet                
0000349f  SysCtlUSBPLLDisable                
00003493  SysCtlUSBPLLEnable                 
000034e5  SysCtlVCOGet                       
000034cd  SysCtlVoltageEventClear            
000034b1  SysCtlVoltageEventConfig           
000034c1  SysCtlVoltageEventStatus           
00006585  TimerADCEventGet                   
00006573  TimerADCEventSet                   
000062a9  TimerClockSourceGet                
0000627f  TimerClockSourceSet                
00006073  TimerConfigure                     
00006193  TimerControlEvent                  
000060ef  TimerControlLevel                  
000061bd  TimerControlStall                  
00006125  TimerControlTrigger                
000061f3  TimerControlWaitOnTrigger          
000065a5  TimerDMAEventGet                   
00006593  TimerDMAEventSet                   
00006055  TimerDisable                       
00006037  TimerEnable                        
0000654f  TimerIntClear                      
00006519  TimerIntDisable                    
00006501  TimerIntEnable                     
000064bb  TimerIntRegister                   
00006531  TimerIntStatus                     
000064e3  TimerIntUnregister                 
00006373  TimerLoadGet                       
000063a9  TimerLoadGet64                     
00006349  TimerLoadSet                       
0000638f  TimerLoadSet64                     
00006453  TimerMatchGet                      
00006489  TimerMatchGet64                    
00006429  TimerMatchSet                      
0000646f  TimerMatchSet64                    
000062e3  TimerPrescaleGet                   
0000632d  TimerPrescaleMatchGet              
000062ff  TimerPrescaleMatchSet              
000062b9  TimerPrescaleSet                   
00006269  TimerRTCDisable                    
00006253  TimerRTCEnable                     
00006561  TimerSynchronize                   
000065b3  TimerUpdateMode                    
000063db  TimerValueGet                      
000063f7  TimerValueGet64                    
00006bd9  UART9BitAddrSend                   
00006bb3  UART9BitAddrSet                    
00006b9d  UART9BitDisable                    
00006b87  UART9BitEnable                     
00006a2b  UARTBreakCtl                       
00006a55  UARTBusy                           
000069d3  UARTCharGet                        
000069b7  UARTCharGetNonBlocking             
00006a0d  UARTCharPut                        
000069e9  UARTCharPutNonBlocking             
0000697b  UARTCharsAvail                     
00006b77  UARTClockSourceGet                 
00006b63  UARTClockSourceSet                 
0000674b  UARTConfigGetExpClk                
000066d5  UARTConfigSetExpClk                
00006b29  UARTDMADisable                     
00006b11  UARTDMAEnable                      
000067bb  UARTDisable                        
0000683f  UARTDisableSIR                     
00004d93  UARTEchoSet                        
00006797  UARTEnable                         
00006811  UARTEnableSIR                      
000067fb  UARTFIFODisable                    
000067e5  UARTFIFOEnable                     
000066ad  UARTFIFOLevelGet                   
00006695  UARTFIFOLevelSet                   
0000693b  UARTFlowControlGet                 
0000691f  UARTFlowControlSet                 
00004d5f  UARTFlushRx                        
00004d6d  UARTFlushTx                        
00006aff  UARTIntClear                       
00006ac9  UARTIntDisable                     
00006ab1  UARTIntEnable                      
00006a73  UARTIntRegister                    
00006ae1  UARTIntStatus                      
00006a91  UARTIntUnregister                  
00006c21  UARTLoopbackEnable                 
000068d5  UARTModemControlClear              
000068f9  UARTModemControlGet                
0000689d  UARTModemControlSet                
0000690b  UARTModemStatusGet                 
00006683  UARTParityModeGet                  
00006667  UARTParityModeSet                  
00004d47  UARTRxBytesAvail                   
00006b53  UARTRxErrorClear                   
00006b41  UARTRxErrorGet                     
00006887  UARTSmartCardDisable               
00006855  UARTSmartCardEnable                
00006999  UARTSpaceAvail                     
0000446f  UARTStdioConfig                    
00004dbb  UARTStdioIntHandler                
00004d53  UARTTxBytesFree                    
00006969  UARTTxIntModeGet                   
0000694d  UARTTxIntModeSet                   
00004a01  UARTgetc                           
000045e9  UARTgets                           
00004d23  UARTprintf                         
00004a29  UARTvprintf                        
00004555  UARTwrite                          
200058d8  __STACK_END                        
00000200  __STACK_SIZE                       
200058d8  __STACK_TOP                        
000093c0  __TI_CINIT_Base                    
000093d8  __TI_CINIT_Limit                   
000093a0  __TI_Handler_Table_Base            
000093ac  __TI_Handler_Table_Limit           
00008b0d  __TI_auto_init_nobinit_nopinit     
000088b1  __TI_decompress_lzss               
00008d73  __TI_decompress_none               
000089d3  __TI_ltoa                          
ffffffff  __TI_pprof_out_hndl                
00004ec5  __TI_printfi                       
ffffffff  __TI_prof_data_size                
ffffffff  __TI_prof_data_start               
00000000  __TI_static_base__                 
00008d81  __TI_zero_init                     
00008655  __aeabi_cdcmpeq                    
00008655  __aeabi_cdcmple                    
000086db  __aeabi_cdrcmple                   
00008ac5  __aeabi_d2iz                       
0000781b  __aeabi_dadd                       
00007e05  __aeabi_ddiv                       
00008299  __aeabi_dmul                       
00007811  __aeabi_dsub                       
00008da5  __aeabi_errno_addr                 
00008c81  __aeabi_i2d                        
00005913  __aeabi_idiv0                      
00005913  __aeabi_ldiv0                      
00008761  __aeabi_memclr                     
00008761  __aeabi_memclr4                    
00008761  __aeabi_memclr8                    
00008523  __aeabi_memcpy                     
00008523  __aeabi_memcpy4                    
00008523  __aeabi_memcpy8                    
00008763  __aeabi_memset                     
00008763  __aeabi_memset4                    
00008763  __aeabi_memset8                    
00008b51  __aeabi_uidiv                      
00008b51  __aeabi_uidivmod                   
000085bf  __aeabi_uldivmod                   
ffffffff  __binit__                          
ffffffff  __c_args__                         
UNDEFED   __mpu_init                         
200056d8  __stack                            
20000000  __start___llvm_prf_cnts            
20000000  __stop___llvm_prf_cnts             
00008c4d  _c_int00_noargs                    
00008f6c  _ctypes_                           
UNDEFED   _system_post_cinit                 
00008db3  _system_pre_init                   
00008db7  abort                              
00008a79  atoi                               
ffffffff  binit                              
00008cf1  copysign                           
00008cf1  copysignl                          
00000631  eTaskGetState                      
2000594c  errno                              
00008919  frexp                              
00008919  frexpl                             
20000000  g_pfnRAMVectors                    
00000000  g_pfnVectors                       
20005944  i32Estado_led                      
00008189  ldexp                              
00008189  ldexpl                             
00007a41  main                               
00008cd5  memccpy                            
00008523  memcpy                             
00008769  memset                             
0000432b  pcQueueGetName                     
00000ded  pcTaskGetName                      
00005ac9  pcTimerGetName                     
00006db9  pvPortCalloc                       
00006c39  pvPortMalloc                       
00001ec5  pvTaskIncrementMutexHeldCount      
00005ee9  pvTimerGetTimerID                  
200058d8  pxCurrentTCB                       
00007b79  pxPortInitialiseStack              
00008189  scalbn                             
00008189  scalbnl                            
00008b91  sprintf                            
00008d23  strchr                             
00008d39  strcpy                             
00008d4d  strlen                             
00004057  ucQueueGetQueueType                
20005940  ui32ExpireCounters                 
00009378  ulMaxSyscallInterruptPriority      
000083a5  ulPortGetIPSR                      
00001ee1  ulTaskGenericNotifyTake            
00002571  ulTaskGenericNotifyValueClear      
0000801d  uxListRemove                       
00004037  uxQueueGetQueueNumber              
00003fd5  uxQueueMessagesWaiting             
0000400b  uxQueueMessagesWaitingFromISR      
00003feb  uxQueueSpacesAvailable             
00000de1  uxTaskGetNumberOfTasks             
000018ad  uxTaskGetStackHighWaterMark        
00000e2d  uxTaskGetSystemState               
0000160d  uxTaskGetTaskNumber                
000006f3  uxTaskPriorityGet                  
0000071d  uxTaskPriorityGetFromISR           
00001ea3  uxTaskResetEventItemValue          
00005aa7  uxTimerGetReloadMode               
00005f89  uxTimerGetTimerNumber              
0000937c  uxTopUsedPriority                  
000079d3  vApplicationIdleHook               
000079c9  vApplicationStackOverflowHook      
00008849  vConfigureTimerForRunTimeStats     
00007f3b  vListInitialise                    
00007f6b  vListInitialiseItem                
00007fb7  vListInsert                        
00007f7b  vListInsertEnd                     
00008461  vPortEnableVFP                     
00007c19  vPortEndScheduler                  
00007c1b  vPortEnterCritical                 
00007c3b  vPortExitCritical                  
00006d51  vPortFree                          
00006f49  vPortGetHeapStats                  
00006db7  vPortInitialiseBlocks              
0000841d  vPortSVCHandler                    
00007c77  vPortSetupTimerInterrupt           
0000843d  vPortStartFirstTask                
000042bd  vQueueAddToRegistry                
00004021  vQueueDelete                       
00004045  vQueueSetQueueNumber               
0000436b  vQueueUnregisterQueue              
000043af  vQueueWaitForMessageRestricted     
000005e3  vTaskDelay                         
0000049b  vTaskDelete                        
00000bef  vTaskEndScheduler                  
000023c9  vTaskGenericNotifyGiveFromISR      
0000171d  vTaskGetInfo                       
00001dcb  vTaskGetRunTimeStats               
00001561  vTaskInternalSetTimeOutState       
00001cb9  vTaskList                          
00001605  vTaskMissedYield                   
000011dd  vTaskPlaceOnEventList              
0000126b  vTaskPlaceOnEventListRestricted    
00001209  vTaskPlaceOnUnorderedEventList     
00001b69  vTaskPriorityDisinheritAfterTimeout
00000765  vTaskPrioritySet                   
00001439  vTaskRemoveFromUnorderedEventList  
000009f3  vTaskResume                        
00001635  vTaskSetTaskNumber                 
00001543  vTaskSetTimeOutState               
00000b95  vTaskStartScheduler                
000008c1  vTaskSuspend                       
00000c11  vTaskSuspendAll                    
00001109  vTaskSwitchContext                 
000079db  vTimerCallback                     
00005a49  vTimerSetReloadMode                
00005f03  vTimerSetTimerID                   
00005f97  vTimerSetTimerNumber               
00008d61  wcslen                             
00006dab  xPortGetFreeHeapSize               
00006db1  xPortGetMinimumEverFreeHeapSize    
000083bd  xPortPendSVHandler                 
00007be3  xPortStartScheduler                
00007c51  xPortSysTickHandler                
00003889  xQueueCreateCountingSemaphore      
000037dd  xQueueCreateMutex                  
00003703  xQueueGenericCreate                
00003631  xQueueGenericReset                 
000038b9  xQueueGenericSend                  
000039e9  xQueueGenericSendFromISR           
00003a9b  xQueueGiveFromISR                  
00003809  xQueueGiveMutexRecursive           
00004251  xQueueIsQueueEmptyFromISR          
00004297  xQueueIsQueueFullFromISR           
00003db7  xQueuePeek                         
00003f83  xQueuePeekFromISR                  
00003b3f  xQueueReceive                      
00003ed9  xQueueReceiveFromISR               
200055ac  xQueueRegistry                     
00003c5d  xQueueSemaphoreTake                
00003845  xQueueTakeMutexRecursive           
00000f09  xTaskCatchUpTicks                  
00001581  xTaskCheckForTimeOut               
0000026d  xTaskCreate                        
00000553  xTaskDelayUntil                    
0000206d  xTaskGenericNotify                 
000021ef  xTaskGenericNotifyFromISR          
00002521  xTaskGenericNotifyStateClear       
00001f7f  xTaskGenericNotifyWait             
00001919  xTaskGetCurrentTaskHandle          
0000193d  xTaskGetSchedulerState             
00000db5  xTaskGetTickCount                  
00000dcd  xTaskGetTickCountFromISR           
00000f3d  xTaskIncrementTick                 
00001a8b  xTaskPriorityDisinherit            
00001979  xTaskPriorityInherit               
000012e9  xTaskRemoveFromEventList           
00000c29  xTaskResumeAll                     
00000abd  xTaskResumeFromISR                 
200056d0  xTimer                             
00005941  xTimerCreate                       
00005915  xTimerCreateTimerTask              
000059c5  xTimerGenericCommand               
00005ab3  xTimerGetExpiryTime                
00005a37  xTimerGetPeriod                    
00005a7f  xTimerGetReloadMode                
00005a31  xTimerGetTimerDaemonTaskHandle     
00005ebd  xTimerIsTimerActive                
00005f53  xTimerPendFunctionCall             
00005f1d  xTimerPendFunctionCallFromISR      


GLOBAL SYMBOLS: SORTED BY Symbol Address 

address   name                               
-------   ----                               
00000000  __TI_static_base__                 
00000000  g_pfnVectors                       
00000200  __STACK_SIZE                       
0000026d  xTaskCreate                        
0000049b  vTaskDelete                        
00000553  xTaskDelayUntil                    
000005e3  vTaskDelay                         
00000631  eTaskGetState                      
000006f3  uxTaskPriorityGet                  
0000071d  uxTaskPriorityGetFromISR           
00000765  vTaskPrioritySet                   
000008c1  vTaskSuspend                       
000009f3  vTaskResume                        
00000abd  xTaskResumeFromISR                 
00000b95  vTaskStartScheduler                
00000bef  vTaskEndScheduler                  
00000c11  vTaskSuspendAll                    
00000c29  xTaskResumeAll                     
00000db5  xTaskGetTickCount                  
00000dcd  xTaskGetTickCountFromISR           
00000de1  uxTaskGetNumberOfTasks             
00000ded  pcTaskGetName                      
00000e2d  uxTaskGetSystemState               
00000f09  xTaskCatchUpTicks                  
00000f3d  xTaskIncrementTick                 
00001109  vTaskSwitchContext                 
000011dd  vTaskPlaceOnEventList              
00001209  vTaskPlaceOnUnorderedEventList     
0000126b  vTaskPlaceOnEventListRestricted    
000012e9  xTaskRemoveFromEventList           
00001439  vTaskRemoveFromUnorderedEventList  
00001543  vTaskSetTimeOutState               
00001561  vTaskInternalSetTimeOutState       
00001581  xTaskCheckForTimeOut               
00001605  vTaskMissedYield                   
0000160d  uxTaskGetTaskNumber                
00001635  vTaskSetTaskNumber                 
0000171d  vTaskGetInfo                       
000018ad  uxTaskGetStackHighWaterMark        
00001919  xTaskGetCurrentTaskHandle          
0000193d  xTaskGetSchedulerState             
00001979  xTaskPriorityInherit               
00001a8b  xTaskPriorityDisinherit            
00001b69  vTaskPriorityDisinheritAfterTimeout
00001cb9  vTaskList                          
00001dcb  vTaskGetRunTimeStats               
00001ea3  uxTaskResetEventItemValue          
00001ec5  pvTaskIncrementMutexHeldCount      
00001ee1  ulTaskGenericNotifyTake            
00001f7f  xTaskGenericNotifyWait             
0000206d  xTaskGenericNotify                 
000021ef  xTaskGenericNotifyFromISR          
000023c9  vTaskGenericNotifyGiveFromISR      
00002521  xTaskGenericNotifyStateClear       
00002571  ulTaskGenericNotifyValueClear      
00002771  SysCtlSRAMSizeGet                  
0000277b  SysCtlFlashSizeGet                 
000027a7  SysCtlFlashSectorSizeGet           
000027cd  SysCtlPeripheralPresent            
0000280d  SysCtlPeripheralReady              
0000284d  SysCtlPeripheralPowerOn            
00002889  SysCtlPeripheralPowerOff           
000028c5  SysCtlPeripheralReset              
0000294d  SysCtlPeripheralEnable             
00002989  SysCtlPeripheralDisable            
000029cd  SysCtlPeripheralSleepEnable        
00002a11  SysCtlPeripheralSleepDisable       
00002a4d  SysCtlPeripheralDeepSleepEnable    
00002a9d  SysCtlPeripheralDeepSleepDisable   
00002ae5  SysCtlPeripheralClockGating        
00002b39  SysCtlIntRegister                  
00002b51  SysCtlIntUnregister                
00002b61  SysCtlIntEnable                    
00002b75  SysCtlIntDisable                   
00002b8d  SysCtlIntClear                     
00002b9d  SysCtlIntStatus                    
00002bb9  SysCtlLDOSleepSet                  
00002bc9  SysCtlLDOSleepGet                  
00002bcf  SysCtlLDODeepSleepSet              
00002bdf  SysCtlLDODeepSleepGet              
00002be5  SysCtlSleepPowerSet                
00002bf9  SysCtlDeepSleepPowerSet            
00002c09  SysCtlReset                        
00002c11  SysCtlSleep                        
00002c19  SysCtlDeepSleep                    
00002c35  SysCtlResetCauseGet                
00002c3b  SysCtlResetCauseClear              
00002c4f  SysCtlMOSCConfigSet                
00002c65  SysCtlPIOSCCalibrate               
00002cb5  SysCtlResetBehaviorSet             
00002cc5  SysCtlResetBehaviorGet             
00002d15  SysCtlClockFreqSet                 
0000300d  SysCtlClockSet                     
000031dd  SysCtlClockGet                     
00003383  SysCtlDeepSleepClockSet            
000033a1  SysCtlDeepSleepClockConfigSet      
0000342b  SysCtlPWMClockSet                  
00003445  SysCtlPWMClockGet                  
0000345b  SysCtlGPIOAHBEnable                
00003477  SysCtlGPIOAHBDisable               
00003493  SysCtlUSBPLLEnable                 
0000349f  SysCtlUSBPLLDisable                
000034b1  SysCtlVoltageEventConfig           
000034c1  SysCtlVoltageEventStatus           
000034cd  SysCtlVoltageEventClear            
000034e5  SysCtlVCOGet                       
000035a1  SysCtlNMIStatus                    
000035b5  SysCtlNMIClear                     
000035d1  SysCtlClockOutConfig               
000035ed  SysCtlAltClkConfig                 
00003631  xQueueGenericReset                 
00003703  xQueueGenericCreate                
000037dd  xQueueCreateMutex                  
00003809  xQueueGiveMutexRecursive           
00003845  xQueueTakeMutexRecursive           
00003889  xQueueCreateCountingSemaphore      
000038b9  xQueueGenericSend                  
000039e9  xQueueGenericSendFromISR           
00003a9b  xQueueGiveFromISR                  
00003b3f  xQueueReceive                      
00003c5d  xQueueSemaphoreTake                
00003db7  xQueuePeek                         
00003ed9  xQueueReceiveFromISR               
00003f83  xQueuePeekFromISR                  
00003fd5  uxQueueMessagesWaiting             
00003feb  uxQueueSpacesAvailable             
0000400b  uxQueueMessagesWaitingFromISR      
00004021  vQueueDelete                       
00004037  uxQueueGetQueueNumber              
00004045  vQueueSetQueueNumber               
00004057  ucQueueGetQueueType                
00004251  xQueueIsQueueEmptyFromISR          
00004297  xQueueIsQueueFullFromISR           
000042bd  vQueueAddToRegistry                
0000432b  pcQueueGetName                     
0000436b  vQueueUnregisterQueue              
000043af  vQueueWaitForMessageRestricted     
0000446f  UARTStdioConfig                    
00004555  UARTwrite                          
000045e9  UARTgets                           
00004a01  UARTgetc                           
00004a29  UARTvprintf                        
00004d23  UARTprintf                         
00004d47  UARTRxBytesAvail                   
00004d53  UARTTxBytesFree                    
00004d5f  UARTFlushRx                        
00004d6d  UARTFlushTx                        
00004d93  UARTEchoSet                        
00004dbb  UARTStdioIntHandler                
00004ec5  __TI_printfi                       
00005913  __aeabi_idiv0                      
00005913  __aeabi_ldiv0                      
00005915  xTimerCreateTimerTask              
00005941  xTimerCreate                       
000059c5  xTimerGenericCommand               
00005a31  xTimerGetTimerDaemonTaskHandle     
00005a37  xTimerGetPeriod                    
00005a49  vTimerSetReloadMode                
00005a7f  xTimerGetReloadMode                
00005aa7  uxTimerGetReloadMode               
00005ab3  xTimerGetExpiryTime                
00005ac9  pcTimerGetName                     
00005ebd  xTimerIsTimerActive                
00005ee9  pvTimerGetTimerID                  
00005f03  vTimerSetTimerID                   
00005f1d  xTimerPendFunctionCallFromISR      
00005f53  xTimerPendFunctionCall             
00005f89  uxTimerGetTimerNumber              
00005f97  vTimerSetTimerNumber               
00006037  TimerEnable                        
00006055  TimerDisable                       
00006073  TimerConfigure                     
000060ef  TimerControlLevel                  
00006125  TimerControlTrigger                
00006193  TimerControlEvent                  
000061bd  TimerControlStall                  
000061f3  TimerControlWaitOnTrigger          
00006253  TimerRTCEnable                     
00006269  TimerRTCDisable                    
0000627f  TimerClockSourceSet                
000062a9  TimerClockSourceGet                
000062b9  TimerPrescaleSet                   
000062e3  TimerPrescaleGet                   
000062ff  TimerPrescaleMatchSet              
0000632d  TimerPrescaleMatchGet              
00006349  TimerLoadSet                       
00006373  TimerLoadGet                       
0000638f  TimerLoadSet64                     
000063a9  TimerLoadGet64                     
000063db  TimerValueGet                      
000063f7  TimerValueGet64                    
00006429  TimerMatchSet                      
00006453  TimerMatchGet                      
0000646f  TimerMatchSet64                    
00006489  TimerMatchGet64                    
000064bb  TimerIntRegister                   
000064e3  TimerIntUnregister                 
00006501  TimerIntEnable                     
00006519  TimerIntDisable                    
00006531  TimerIntStatus                     
0000654f  TimerIntClear                      
00006561  TimerSynchronize                   
00006573  TimerADCEventSet                   
00006585  TimerADCEventGet                   
00006593  TimerDMAEventSet                   
000065a5  TimerDMAEventGet                   
000065b3  TimerUpdateMode                    
00006667  UARTParityModeSet                  
00006683  UARTParityModeGet                  
00006695  UARTFIFOLevelSet                   
000066ad  UARTFIFOLevelGet                   
000066d5  UARTConfigSetExpClk                
0000674b  UARTConfigGetExpClk                
00006797  UARTEnable                         
000067bb  UARTDisable                        
000067e5  UARTFIFOEnable                     
000067fb  UARTFIFODisable                    
00006811  UARTEnableSIR                      
0000683f  UARTDisableSIR                     
00006855  UARTSmartCardEnable                
00006887  UARTSmartCardDisable               
0000689d  UARTModemControlSet                
000068d5  UARTModemControlClear              
000068f9  UARTModemControlGet                
0000690b  UARTModemStatusGet                 
0000691f  UARTFlowControlSet                 
0000693b  UARTFlowControlGet                 
0000694d  UARTTxIntModeSet                   
00006969  UARTTxIntModeGet                   
0000697b  UARTCharsAvail                     
00006999  UARTSpaceAvail                     
000069b7  UARTCharGetNonBlocking             
000069d3  UARTCharGet                        
000069e9  UARTCharPutNonBlocking             
00006a0d  UARTCharPut                        
00006a2b  UARTBreakCtl                       
00006a55  UARTBusy                           
00006a73  UARTIntRegister                    
00006a91  UARTIntUnregister                  
00006ab1  UARTIntEnable                      
00006ac9  UARTIntDisable                     
00006ae1  UARTIntStatus                      
00006aff  UARTIntClear                       
00006b11  UARTDMAEnable                      
00006b29  UARTDMADisable                     
00006b41  UARTRxErrorGet                     
00006b53  UARTRxErrorClear                   
00006b63  UARTClockSourceSet                 
00006b77  UARTClockSourceGet                 
00006b87  UART9BitEnable                     
00006b9d  UART9BitDisable                    
00006bb3  UART9BitAddrSet                    
00006bd9  UART9BitAddrSend                   
00006c21  UARTLoopbackEnable                 
00006c39  pvPortMalloc                       
00006d51  vPortFree                          
00006dab  xPortGetFreeHeapSize               
00006db1  xPortGetMinimumEverFreeHeapSize    
00006db7  vPortInitialiseBlocks              
00006db9  pvPortCalloc                       
00006f49  vPortGetHeapStats                  
00007013  IntMasterEnable                    
00007023  IntMasterDisable                   
00007033  IntRegister                        
00007085  IntUnregister                      
00007099  IntPriorityGroupingSet             
000070b3  IntPriorityGroupingGet             
000070eb  IntPrioritySet                     
0000713b  IntPriorityGet                     
0000715f  IntEnable                          
000071d1  IntDisable                         
00007243  IntIsEnabled                       
000072c9  IntPendSet                         
00007339  IntPendClear                       
00007387  IntPriorityMaskSet                 
00007393  IntPriorityMaskGet                 
0000739b  IntTrigger                         
00007811  __aeabi_dsub                       
0000781b  __aeabi_dadd                       
000079c9  vApplicationStackOverflowHook      
000079d3  vApplicationIdleHook               
000079db  vTimerCallback                     
00007a41  main                               
00007b79  pxPortInitialiseStack              
00007be3  xPortStartScheduler                
00007c19  vPortEndScheduler                  
00007c1b  vPortEnterCritical                 
00007c3b  vPortExitCritical                  
00007c51  xPortSysTickHandler                
00007c77  vPortSetupTimerInterrupt           
00007e05  __aeabi_ddiv                       
00007f3b  vListInitialise                    
00007f6b  vListInitialiseItem                
00007f7b  vListInsertEnd                     
00007fb7  vListInsert                        
0000801d  uxListRemove                       
00008189  ldexp                              
00008189  ldexpl                             
00008189  scalbn                             
00008189  scalbnl                            
00008299  __aeabi_dmul                       
000083a5  ulPortGetIPSR                      
000083bd  xPortPendSVHandler                 
0000841d  vPortSVCHandler                    
0000843d  vPortStartFirstTask                
00008461  vPortEnableVFP                     
00008523  __aeabi_memcpy                     
00008523  __aeabi_memcpy4                    
00008523  __aeabi_memcpy8                    
00008523  memcpy                             
000085bf  __aeabi_uldivmod                   
00008655  __aeabi_cdcmpeq                    
00008655  __aeabi_cdcmple                    
000086db  __aeabi_cdrcmple                   
00008761  __aeabi_memclr                     
00008761  __aeabi_memclr4                    
00008761  __aeabi_memclr8                    
00008763  __aeabi_memset                     
00008763  __aeabi_memset4                    
00008763  __aeabi_memset8                    
00008769  memset                             
00008849  vConfigureTimerForRunTimeStats     
000088b1  __TI_decompress_lzss               
00008919  frexp                              
00008919  frexpl                             
000089d3  __TI_ltoa                          
00008a79  atoi                               
00008ac5  __aeabi_d2iz                       
00008b0d  __TI_auto_init_nobinit_nopinit     
00008b51  __aeabi_uidiv                      
00008b51  __aeabi_uidivmod                   
00008b91  sprintf                            
00008c0f  CPUcpsid                           
00008c1b  CPUprimask                         
00008c25  CPUcpsie                           
00008c31  CPUwfi                             
00008c35  CPUbasepriSet                      
00008c43  CPUbasepriGet                      
00008c4d  _c_int00_noargs                    
00008c81  __aeabi_i2d                        
00008cb1  GetOverflowCounts                  
00008cd5  memccpy                            
00008cf1  copysign                           
00008cf1  copysignl                          
00008d23  strchr                             
00008d39  strcpy                             
00008d4d  strlen                             
00008d61  wcslen                             
00008d73  __TI_decompress_none               
00008d81  __TI_zero_init                     
00008d8d  ResetISR                           
00008da5  __aeabi_errno_addr                 
00008dad  SysCtlDelay                        
00008db3  _system_pre_init                   
00008db7  C$$EXIT                            
00008db7  abort                              
00008f6c  _ctypes_                           
00009378  ulMaxSyscallInterruptPriority      
0000937c  uxTopUsedPriority                  
000093a0  __TI_Handler_Table_Base            
000093ac  __TI_Handler_Table_Limit           
000093c0  __TI_CINIT_Base                    
000093d8  __TI_CINIT_Limit                   
20000000  __start___llvm_prf_cnts            
20000000  __stop___llvm_prf_cnts             
20000000  g_pfnRAMVectors                    
200055ac  xQueueRegistry                     
200056d0  xTimer                             
200056d8  __stack                            
200058d8  __STACK_END                        
200058d8  __STACK_TOP                        
200058d8  pxCurrentTCB                       
20005940  ui32ExpireCounters                 
20005944  i32Estado_led                      
2000594c  errno                              
ffffffff  __TI_pprof_out_hndl                
ffffffff  __TI_prof_data_size                
ffffffff  __TI_prof_data_start               
ffffffff  __binit__                          
ffffffff  __c_args__                         
ffffffff  binit                              
UNDEFED   __mpu_init                         
UNDEFED   _system_post_cinit                 

[383 symbols]
