<?xml version="1.0" encoding="ISO-8859-1" ?>
<link_info>
   <banner>TI ARM Linker PC v20.2.7.LTS</banner>
   <copyright>Copyright (c) 1996-2018 Texas Instruments Incorporated</copyright>
   <link_time>0x664d3711</link_time>
   <link_errors>0x0</link_errors>
   <output_file>base-practica1-TIVA-2023-ADC.out</output_file>
   <entry_point>
      <name>_c_int00_noargs</name>
      <address>0x1cbdd</address>
   </entry_point>
   <input_file_list>
      <input_file id="fl-2">
         <path>.\</path>
         <kind>object</kind>
         <file>commands.obj</file>
         <name>commands.obj</name>
      </input_file>
      <input_file id="fl-3">
         <path>.\</path>
         <kind>object</kind>
         <file>main.obj</file>
         <name>main.obj</name>
      </input_file>
      <input_file id="fl-4">
         <path>.\</path>
         <kind>object</kind>
         <file>startup_ccs.obj</file>
         <name>startup_ccs.obj</name>
      </input_file>
      <input_file id="fl-5">
         <path>.\FreeRTOS\Source\</path>
         <kind>object</kind>
         <file>croutine.obj</file>
         <name>croutine.obj</name>
      </input_file>
      <input_file id="fl-6">
         <path>.\FreeRTOS\Source\</path>
         <kind>object</kind>
         <file>event_groups.obj</file>
         <name>event_groups.obj</name>
      </input_file>
      <input_file id="fl-7">
         <path>.\FreeRTOS\Source\</path>
         <kind>object</kind>
         <file>list.obj</file>
         <name>list.obj</name>
      </input_file>
      <input_file id="fl-8">
         <path>.\FreeRTOS\Source\</path>
         <kind>object</kind>
         <file>queue.obj</file>
         <name>queue.obj</name>
      </input_file>
      <input_file id="fl-9">
         <path>.\FreeRTOS\Source\</path>
         <kind>object</kind>
         <file>stream_buffer.obj</file>
         <name>stream_buffer.obj</name>
      </input_file>
      <input_file id="fl-a">
         <path>.\FreeRTOS\Source\</path>
         <kind>object</kind>
         <file>tasks.obj</file>
         <name>tasks.obj</name>
      </input_file>
      <input_file id="fl-b">
         <path>.\FreeRTOS\Source\</path>
         <kind>object</kind>
         <file>timers.obj</file>
         <name>timers.obj</name>
      </input_file>
      <input_file id="fl-c">
         <path>.\FreeRTOS\Source\portable\CCS\ARM_CM4F\</path>
         <kind>object</kind>
         <file>port.obj</file>
         <name>port.obj</name>
      </input_file>
      <input_file id="fl-d">
         <path>.\FreeRTOS\Source\portable\CCS\ARM_CM4F\</path>
         <kind>object</kind>
         <file>portasm.obj</file>
         <name>portasm.obj</name>
      </input_file>
      <input_file id="fl-e">
         <path>.\FreeRTOS\Source\portable\MemMang\</path>
         <kind>object</kind>
         <file>heap_4.obj</file>
         <name>heap_4.obj</name>
      </input_file>
      <input_file id="fl-f">
         <path>.\driverlib\</path>
         <kind>object</kind>
         <file>adc.obj</file>
         <name>adc.obj</name>
      </input_file>
      <input_file id="fl-10">
         <path>.\driverlib\</path>
         <kind>object</kind>
         <file>aes.obj</file>
         <name>aes.obj</name>
      </input_file>
      <input_file id="fl-11">
         <path>.\driverlib\</path>
         <kind>object</kind>
         <file>can.obj</file>
         <name>can.obj</name>
      </input_file>
      <input_file id="fl-12">
         <path>.\driverlib\</path>
         <kind>object</kind>
         <file>comp.obj</file>
         <name>comp.obj</name>
      </input_file>
      <input_file id="fl-13">
         <path>.\driverlib\</path>
         <kind>object</kind>
         <file>cpu.obj</file>
         <name>cpu.obj</name>
      </input_file>
      <input_file id="fl-14">
         <path>.\driverlib\</path>
         <kind>object</kind>
         <file>crc.obj</file>
         <name>crc.obj</name>
      </input_file>
      <input_file id="fl-15">
         <path>.\driverlib\</path>
         <kind>object</kind>
         <file>des.obj</file>
         <name>des.obj</name>
      </input_file>
      <input_file id="fl-16">
         <path>.\driverlib\</path>
         <kind>object</kind>
         <file>eeprom.obj</file>
         <name>eeprom.obj</name>
      </input_file>
      <input_file id="fl-17">
         <path>.\driverlib\</path>
         <kind>object</kind>
         <file>emac.obj</file>
         <name>emac.obj</name>
      </input_file>
      <input_file id="fl-18">
         <path>.\driverlib\</path>
         <kind>object</kind>
         <file>epi.obj</file>
         <name>epi.obj</name>
      </input_file>
      <input_file id="fl-19">
         <path>.\driverlib\</path>
         <kind>object</kind>
         <file>epi_workaround_ccs.obj</file>
         <name>epi_workaround_ccs.obj</name>
      </input_file>
      <input_file id="fl-1a">
         <path>.\driverlib\</path>
         <kind>object</kind>
         <file>flash.obj</file>
         <name>flash.obj</name>
      </input_file>
      <input_file id="fl-1b">
         <path>.\driverlib\</path>
         <kind>object</kind>
         <file>fpu.obj</file>
         <name>fpu.obj</name>
      </input_file>
      <input_file id="fl-1c">
         <path>.\driverlib\</path>
         <kind>object</kind>
         <file>gpio.obj</file>
         <name>gpio.obj</name>
      </input_file>
      <input_file id="fl-1d">
         <path>.\driverlib\</path>
         <kind>object</kind>
         <file>hibernate.obj</file>
         <name>hibernate.obj</name>
      </input_file>
      <input_file id="fl-1e">
         <path>.\driverlib\</path>
         <kind>object</kind>
         <file>i2c.obj</file>
         <name>i2c.obj</name>
      </input_file>
      <input_file id="fl-1f">
         <path>.\driverlib\</path>
         <kind>object</kind>
         <file>interrupt.obj</file>
         <name>interrupt.obj</name>
      </input_file>
      <input_file id="fl-20">
         <path>.\driverlib\</path>
         <kind>object</kind>
         <file>lcd.obj</file>
         <name>lcd.obj</name>
      </input_file>
      <input_file id="fl-21">
         <path>.\driverlib\</path>
         <kind>object</kind>
         <file>mpu.obj</file>
         <name>mpu.obj</name>
      </input_file>
      <input_file id="fl-22">
         <path>.\driverlib\</path>
         <kind>object</kind>
         <file>onewire.obj</file>
         <name>onewire.obj</name>
      </input_file>
      <input_file id="fl-23">
         <path>.\driverlib\</path>
         <kind>object</kind>
         <file>pwm.obj</file>
         <name>pwm.obj</name>
      </input_file>
      <input_file id="fl-24">
         <path>.\driverlib\</path>
         <kind>object</kind>
         <file>qei.obj</file>
         <name>qei.obj</name>
      </input_file>
      <input_file id="fl-25">
         <path>.\driverlib\</path>
         <kind>object</kind>
         <file>shamd5.obj</file>
         <name>shamd5.obj</name>
      </input_file>
      <input_file id="fl-26">
         <path>.\driverlib\</path>
         <kind>object</kind>
         <file>ssi.obj</file>
         <name>ssi.obj</name>
      </input_file>
      <input_file id="fl-27">
         <path>.\driverlib\</path>
         <kind>object</kind>
         <file>sw_crc.obj</file>
         <name>sw_crc.obj</name>
      </input_file>
      <input_file id="fl-28">
         <path>.\driverlib\</path>
         <kind>object</kind>
         <file>sysctl.obj</file>
         <name>sysctl.obj</name>
      </input_file>
      <input_file id="fl-29">
         <path>.\driverlib\</path>
         <kind>object</kind>
         <file>sysexc.obj</file>
         <name>sysexc.obj</name>
      </input_file>
      <input_file id="fl-2a">
         <path>.\driverlib\</path>
         <kind>object</kind>
         <file>systick.obj</file>
         <name>systick.obj</name>
      </input_file>
      <input_file id="fl-2b">
         <path>.\driverlib\</path>
         <kind>object</kind>
         <file>timer.obj</file>
         <name>timer.obj</name>
      </input_file>
      <input_file id="fl-2c">
         <path>.\driverlib\</path>
         <kind>object</kind>
         <file>uart.obj</file>
         <name>uart.obj</name>
      </input_file>
      <input_file id="fl-2d">
         <path>.\driverlib\</path>
         <kind>object</kind>
         <file>udma.obj</file>
         <name>udma.obj</name>
      </input_file>
      <input_file id="fl-2e">
         <path>.\driverlib\</path>
         <kind>object</kind>
         <file>usb.obj</file>
         <name>usb.obj</name>
      </input_file>
      <input_file id="fl-2f">
         <path>.\driverlib\</path>
         <kind>object</kind>
         <file>watchdog.obj</file>
         <name>watchdog.obj</name>
      </input_file>
      <input_file id="fl-30">
         <path>.\drivers\</path>
         <kind>object</kind>
         <file>ACME_3416.obj</file>
         <name>ACME_3416.obj</name>
      </input_file>
      <input_file id="fl-31">
         <path>.\drivers\</path>
         <kind>object</kind>
         <file>BMI160.obj</file>
         <name>BMI160.obj</name>
      </input_file>
      <input_file id="fl-32">
         <path>.\drivers\</path>
         <kind>object</kind>
         <file>buttons.obj</file>
         <name>buttons.obj</name>
      </input_file>
      <input_file id="fl-33">
         <path>.\drivers\</path>
         <kind>object</kind>
         <file>configADC.obj</file>
         <name>configADC.obj</name>
      </input_file>
      <input_file id="fl-34">
         <path>.\drivers\</path>
         <kind>object</kind>
         <file>i2cm_drv.obj</file>
         <name>i2cm_drv.obj</name>
      </input_file>
      <input_file id="fl-35">
         <path>.\drivers\</path>
         <kind>object</kind>
         <file>rgb.obj</file>
         <name>rgb.obj</name>
      </input_file>
      <input_file id="fl-36">
         <path>.\remotelink\</path>
         <kind>object</kind>
         <file>crc.obj</file>
         <name>crc.obj</name>
      </input_file>
      <input_file id="fl-37">
         <path>.\remotelink\</path>
         <kind>object</kind>
         <file>remotelink.obj</file>
         <name>remotelink.obj</name>
      </input_file>
      <input_file id="fl-38">
         <path>.\remotelink\</path>
         <kind>object</kind>
         <file>serialprotocol.obj</file>
         <name>serialprotocol.obj</name>
      </input_file>
      <input_file id="fl-39">
         <path>.\remotelink\</path>
         <kind>object</kind>
         <file>usb_dev_serial.obj</file>
         <name>usb_dev_serial.obj</name>
      </input_file>
      <input_file id="fl-3a">
         <path>.\remotelink\</path>
         <kind>object</kind>
         <file>usb_serial_structs.obj</file>
         <name>usb_serial_structs.obj</name>
      </input_file>
      <input_file id="fl-3b">
         <path>.\usblib\device\</path>
         <kind>object</kind>
         <file>usbdaudio.obj</file>
         <name>usbdaudio.obj</name>
      </input_file>
      <input_file id="fl-3c">
         <path>.\usblib\device\</path>
         <kind>object</kind>
         <file>usbdbulk.obj</file>
         <name>usbdbulk.obj</name>
      </input_file>
      <input_file id="fl-3d">
         <path>.\usblib\device\</path>
         <kind>object</kind>
         <file>usbdcdc.obj</file>
         <name>usbdcdc.obj</name>
      </input_file>
      <input_file id="fl-3e">
         <path>.\usblib\device\</path>
         <kind>object</kind>
         <file>usbdcdesc.obj</file>
         <name>usbdcdesc.obj</name>
      </input_file>
      <input_file id="fl-3f">
         <path>.\usblib\device\</path>
         <kind>object</kind>
         <file>usbdcomp.obj</file>
         <name>usbdcomp.obj</name>
      </input_file>
      <input_file id="fl-40">
         <path>.\usblib\device\</path>
         <kind>object</kind>
         <file>usbdconfig.obj</file>
         <name>usbdconfig.obj</name>
      </input_file>
      <input_file id="fl-41">
         <path>.\usblib\device\</path>
         <kind>object</kind>
         <file>usbddfu-rt.obj</file>
         <name>usbddfu-rt.obj</name>
      </input_file>
      <input_file id="fl-42">
         <path>.\usblib\device\</path>
         <kind>object</kind>
         <file>usbdenum.obj</file>
         <name>usbdenum.obj</name>
      </input_file>
      <input_file id="fl-43">
         <path>.\usblib\device\</path>
         <kind>object</kind>
         <file>usbdhandler.obj</file>
         <name>usbdhandler.obj</name>
      </input_file>
      <input_file id="fl-44">
         <path>.\usblib\device\</path>
         <kind>object</kind>
         <file>usbdhid.obj</file>
         <name>usbdhid.obj</name>
      </input_file>
      <input_file id="fl-45">
         <path>.\usblib\device\</path>
         <kind>object</kind>
         <file>usbdhidgamepad.obj</file>
         <name>usbdhidgamepad.obj</name>
      </input_file>
      <input_file id="fl-46">
         <path>.\usblib\device\</path>
         <kind>object</kind>
         <file>usbdhidkeyb.obj</file>
         <name>usbdhidkeyb.obj</name>
      </input_file>
      <input_file id="fl-47">
         <path>.\usblib\device\</path>
         <kind>object</kind>
         <file>usbdhidmouse.obj</file>
         <name>usbdhidmouse.obj</name>
      </input_file>
      <input_file id="fl-48">
         <path>.\usblib\device\</path>
         <kind>object</kind>
         <file>usbdmsc.obj</file>
         <name>usbdmsc.obj</name>
      </input_file>
      <input_file id="fl-49">
         <path>.\usblib\host\</path>
         <kind>object</kind>
         <file>usbhaudio.obj</file>
         <name>usbhaudio.obj</name>
      </input_file>
      <input_file id="fl-4a">
         <path>.\usblib\host\</path>
         <kind>object</kind>
         <file>usbhhid.obj</file>
         <name>usbhhid.obj</name>
      </input_file>
      <input_file id="fl-4b">
         <path>.\usblib\host\</path>
         <kind>object</kind>
         <file>usbhhidkeyboard.obj</file>
         <name>usbhhidkeyboard.obj</name>
      </input_file>
      <input_file id="fl-4c">
         <path>.\usblib\host\</path>
         <kind>object</kind>
         <file>usbhhidmouse.obj</file>
         <name>usbhhidmouse.obj</name>
      </input_file>
      <input_file id="fl-4d">
         <path>.\usblib\host\</path>
         <kind>object</kind>
         <file>usbhhub.obj</file>
         <name>usbhhub.obj</name>
      </input_file>
      <input_file id="fl-4e">
         <path>.\usblib\host\</path>
         <kind>object</kind>
         <file>usbhmsc.obj</file>
         <name>usbhmsc.obj</name>
      </input_file>
      <input_file id="fl-4f">
         <path>.\usblib\host\</path>
         <kind>object</kind>
         <file>usbhostenum.obj</file>
         <name>usbhostenum.obj</name>
      </input_file>
      <input_file id="fl-50">
         <path>.\usblib\host\</path>
         <kind>object</kind>
         <file>usbhscsi.obj</file>
         <name>usbhscsi.obj</name>
      </input_file>
      <input_file id="fl-51">
         <path>.\usblib\</path>
         <kind>object</kind>
         <file>usbbuffer.obj</file>
         <name>usbbuffer.obj</name>
      </input_file>
      <input_file id="fl-52">
         <path>.\usblib\</path>
         <kind>object</kind>
         <file>usbdesc.obj</file>
         <name>usbdesc.obj</name>
      </input_file>
      <input_file id="fl-53">
         <path>.\usblib\</path>
         <kind>object</kind>
         <file>usbdma.obj</file>
         <name>usbdma.obj</name>
      </input_file>
      <input_file id="fl-54">
         <path>.\usblib\</path>
         <kind>object</kind>
         <file>usbkeyboardmap.obj</file>
         <name>usbkeyboardmap.obj</name>
      </input_file>
      <input_file id="fl-55">
         <path>.\usblib\</path>
         <kind>object</kind>
         <file>usbmode.obj</file>
         <name>usbmode.obj</name>
      </input_file>
      <input_file id="fl-56">
         <path>.\usblib\</path>
         <kind>object</kind>
         <file>usbringbuf.obj</file>
         <name>usbringbuf.obj</name>
      </input_file>
      <input_file id="fl-57">
         <path>.\usblib\</path>
         <kind>object</kind>
         <file>usbtick.obj</file>
         <name>usbtick.obj</name>
      </input_file>
      <input_file id="fl-58">
         <path>.\usblib\</path>
         <kind>object</kind>
         <file>usbulpi.obj</file>
         <name>usbulpi.obj</name>
      </input_file>
      <input_file id="fl-59">
         <path>.\utils\</path>
         <kind>object</kind>
         <file>RunTimeStatsConfig.obj</file>
         <name>RunTimeStatsConfig.obj</name>
      </input_file>
      <input_file id="fl-5a">
         <path>.\utils\</path>
         <kind>object</kind>
         <file>cmdline.obj</file>
         <name>cmdline.obj</name>
      </input_file>
      <input_file id="fl-5b">
         <path>.\utils\</path>
         <kind>object</kind>
         <file>cpu_usage.obj</file>
         <name>cpu_usage.obj</name>
      </input_file>
      <input_file id="fl-5c">
         <path>.\utils\</path>
         <kind>object</kind>
         <file>uartstdio.obj</file>
         <name>uartstdio.obj</name>
      </input_file>
      <input_file id="fl-61">
         <kind>object</kind>
         <file>&lt;internal&gt;</file>
         <name>&lt;internal&gt;</name>
      </input_file>
      <input_file id="fl-62">
         <path>..\emul\</path>
         <kind>archive</kind>
         <file>ACMEsim.lib</file>
         <name>ACMESim_i2c_slave.obj</name>
      </input_file>
      <input_file id="fl-118">
         <path>C:\ti\ccs1220\ccs\tools\compiler\ti-cgt-arm_20.2.7.LTS\lib\</path>
         <kind>archive</kind>
         <file>rtsv7M4_T_le_v4SPD16_eabi.lib</file>
         <name>sprintf.c.obj</name>
      </input_file>
      <input_file id="fl-119">
         <path>C:\ti\ccs1220\ccs\tools\compiler\ti-cgt-arm_20.2.7.LTS\lib\</path>
         <kind>archive</kind>
         <file>rtsv7M4_T_le_v4SPD16_eabi.lib</file>
         <name>fs_toull_t2.asm.obj</name>
      </input_file>
      <input_file id="fl-11a">
         <path>C:\ti\ccs1220\ccs\tools\compiler\ti-cgt-arm_20.2.7.LTS\lib\</path>
         <kind>archive</kind>
         <file>rtsv7M4_T_le_v4SPD16_eabi.lib</file>
         <name>memcpy_t2.asm.obj</name>
      </input_file>
      <input_file id="fl-11b">
         <path>C:\ti\ccs1220\ccs\tools\compiler\ti-cgt-arm_20.2.7.LTS\lib\</path>
         <kind>archive</kind>
         <file>rtsv7M4_T_le_v4SPD16_eabi.lib</file>
         <name>memset_t2.asm.obj</name>
      </input_file>
      <input_file id="fl-11c">
         <path>C:\ti\ccs1220\ccs\tools\compiler\ti-cgt-arm_20.2.7.LTS\lib\</path>
         <kind>archive</kind>
         <file>rtsv7M4_T_le_v4SPD16_eabi.lib</file>
         <name>u_divt2.asm.obj</name>
      </input_file>
      <input_file id="fl-11d">
         <path>C:\ti\ccs1220\ccs\tools\compiler\ti-cgt-arm_20.2.7.LTS\lib\</path>
         <kind>archive</kind>
         <file>rtsv7M4_T_le_v4SPD16_eabi.lib</file>
         <name>copy_zero_init.c.obj</name>
      </input_file>
      <input_file id="fl-11e">
         <path>C:\ti\ccs1220\ccs\tools\compiler\ti-cgt-arm_20.2.7.LTS\lib\</path>
         <kind>archive</kind>
         <file>rtsv7M4_T_le_v4SPD16_eabi.lib</file>
         <name>copy_decompress_none.c.obj</name>
      </input_file>
      <input_file id="fl-11f">
         <path>C:\ti\ccs1220\ccs\tools\compiler\ti-cgt-arm_20.2.7.LTS\lib\</path>
         <kind>archive</kind>
         <file>rtsv7M4_T_le_v4SPD16_eabi.lib</file>
         <name>copy_decompress_lzss.c.obj</name>
      </input_file>
      <input_file id="fl-120">
         <path>C:\ti\ccs1220\ccs\tools\compiler\ti-cgt-arm_20.2.7.LTS\lib\</path>
         <kind>archive</kind>
         <file>rtsv7M4_T_le_v4SPD16_eabi.lib</file>
         <name>strcmp.c.obj</name>
      </input_file>
      <input_file id="fl-121">
         <path>C:\ti\ccs1220\ccs\tools\compiler\ti-cgt-arm_20.2.7.LTS\lib\</path>
         <kind>archive</kind>
         <file>rtsv7M4_T_le_v4SPD16_eabi.lib</file>
         <name>strcpy.c.obj</name>
      </input_file>
      <input_file id="fl-122">
         <path>C:\ti\ccs1220\ccs\tools\compiler\ti-cgt-arm_20.2.7.LTS\lib\</path>
         <kind>archive</kind>
         <file>rtsv7M4_T_le_v4SPD16_eabi.lib</file>
         <name>strlen.c.obj</name>
      </input_file>
      <input_file id="fl-123">
         <path>C:\ti\ccs1220\ccs\tools\compiler\ti-cgt-arm_20.2.7.LTS\lib\</path>
         <kind>archive</kind>
         <file>rtsv7M4_T_le_v4SPD16_eabi.lib</file>
         <name>strncmp.c.obj</name>
      </input_file>
      <input_file id="fl-124">
         <path>C:\ti\ccs1220\ccs\tools\compiler\ti-cgt-arm_20.2.7.LTS\lib\</path>
         <kind>archive</kind>
         <file>rtsv7M4_T_le_v4SPD16_eabi.lib</file>
         <name>strtof.c.obj</name>
      </input_file>
      <input_file id="fl-125">
         <path>C:\ti\ccs1220\ccs\tools\compiler\ti-cgt-arm_20.2.7.LTS\lib\</path>
         <kind>archive</kind>
         <file>rtsv7M4_T_le_v4SPD16_eabi.lib</file>
         <name>strtoul.c.obj</name>
      </input_file>
      <input_file id="fl-126">
         <path>C:\ti\ccs1220\ccs\tools\compiler\ti-cgt-arm_20.2.7.LTS\lib\</path>
         <kind>archive</kind>
         <file>rtsv7M4_T_le_v4SPD16_eabi.lib</file>
         <name>boot_cortex_m.c.obj</name>
      </input_file>
      <input_file id="fl-127">
         <path>C:\ti\ccs1220\ccs\tools\compiler\ti-cgt-arm_20.2.7.LTS\lib\</path>
         <kind>archive</kind>
         <file>rtsv7M4_T_le_v4SPD16_eabi.lib</file>
         <name>errno.c.obj</name>
      </input_file>
      <input_file id="fl-128">
         <path>C:\ti\ccs1220\ccs\tools\compiler\ti-cgt-arm_20.2.7.LTS\lib\</path>
         <kind>archive</kind>
         <file>rtsv7M4_T_le_v4SPD16_eabi.lib</file>
         <name>s_scalbnf.c.obj</name>
      </input_file>
      <input_file id="fl-129">
         <path>C:\ti\ccs1220\ccs\tools\compiler\ti-cgt-arm_20.2.7.LTS\lib\</path>
         <kind>archive</kind>
         <file>rtsv7M4_T_le_v4SPD16_eabi.lib</file>
         <name>_printfi.c.obj</name>
      </input_file>
      <input_file id="fl-12a">
         <path>C:\ti\ccs1220\ccs\tools\compiler\ti-cgt-arm_20.2.7.LTS\lib\</path>
         <kind>archive</kind>
         <file>rtsv7M4_T_le_v4SPD16_eabi.lib</file>
         <name>s_copysignf.c.obj</name>
      </input_file>
      <input_file id="fl-12b">
         <path>C:\ti\ccs1220\ccs\tools\compiler\ti-cgt-arm_20.2.7.LTS\lib\</path>
         <kind>archive</kind>
         <file>rtsv7M4_T_le_v4SPD16_eabi.lib</file>
         <name>div0.asm.obj</name>
      </input_file>
      <input_file id="fl-12c">
         <path>C:\ti\ccs1220\ccs\tools\compiler\ti-cgt-arm_20.2.7.LTS\lib\</path>
         <kind>archive</kind>
         <file>rtsv7M4_T_le_v4SPD16_eabi.lib</file>
         <name>fd_add_t2.asm.obj</name>
      </input_file>
      <input_file id="fl-12d">
         <path>C:\ti\ccs1220\ccs\tools\compiler\ti-cgt-arm_20.2.7.LTS\lib\</path>
         <kind>archive</kind>
         <file>rtsv7M4_T_le_v4SPD16_eabi.lib</file>
         <name>fd_cmp_t2.asm.obj</name>
      </input_file>
      <input_file id="fl-12e">
         <path>C:\ti\ccs1220\ccs\tools\compiler\ti-cgt-arm_20.2.7.LTS\lib\</path>
         <kind>archive</kind>
         <file>rtsv7M4_T_le_v4SPD16_eabi.lib</file>
         <name>fd_div_t2.asm.obj</name>
      </input_file>
      <input_file id="fl-12f">
         <path>C:\ti\ccs1220\ccs\tools\compiler\ti-cgt-arm_20.2.7.LTS\lib\</path>
         <kind>archive</kind>
         <file>rtsv7M4_T_le_v4SPD16_eabi.lib</file>
         <name>fd_mul_t2.asm.obj</name>
      </input_file>
      <input_file id="fl-130">
         <path>C:\ti\ccs1220\ccs\tools\compiler\ti-cgt-arm_20.2.7.LTS\lib\</path>
         <kind>archive</kind>
         <file>rtsv7M4_T_le_v4SPD16_eabi.lib</file>
         <name>fd_toi_t2.asm.obj</name>
      </input_file>
      <input_file id="fl-131">
         <path>C:\ti\ccs1220\ccs\tools\compiler\ti-cgt-arm_20.2.7.LTS\lib\</path>
         <kind>archive</kind>
         <file>rtsv7M4_T_le_v4SPD16_eabi.lib</file>
         <name>i_tofd_t2.asm.obj</name>
      </input_file>
      <input_file id="fl-132">
         <path>C:\ti\ccs1220\ccs\tools\compiler\ti-cgt-arm_20.2.7.LTS\lib\</path>
         <kind>archive</kind>
         <file>rtsv7M4_T_le_v4SPD16_eabi.lib</file>
         <name>ull_div_t2.asm.obj</name>
      </input_file>
      <input_file id="fl-133">
         <path>C:\ti\ccs1220\ccs\tools\compiler\ti-cgt-arm_20.2.7.LTS\lib\</path>
         <kind>archive</kind>
         <file>rtsv7M4_T_le_v4SPD16_eabi.lib</file>
         <name>autoinit.c.obj</name>
      </input_file>
      <input_file id="fl-134">
         <path>C:\ti\ccs1220\ccs\tools\compiler\ti-cgt-arm_20.2.7.LTS\lib\</path>
         <kind>archive</kind>
         <file>rtsv7M4_T_le_v4SPD16_eabi.lib</file>
         <name>pre_init.c.obj</name>
      </input_file>
      <input_file id="fl-135">
         <path>C:\ti\ccs1220\ccs\tools\compiler\ti-cgt-arm_20.2.7.LTS\lib\</path>
         <kind>archive</kind>
         <file>rtsv7M4_T_le_v4SPD16_eabi.lib</file>
         <name>cpy_tbl.c.obj</name>
      </input_file>
      <input_file id="fl-136">
         <path>C:\ti\ccs1220\ccs\tools\compiler\ti-cgt-arm_20.2.7.LTS\lib\</path>
         <kind>archive</kind>
         <file>rtsv7M4_T_le_v4SPD16_eabi.lib</file>
         <name>exit.c.obj</name>
      </input_file>
      <input_file id="fl-137">
         <path>C:\ti\ccs1220\ccs\tools\compiler\ti-cgt-arm_20.2.7.LTS\lib\</path>
         <kind>archive</kind>
         <file>rtsv7M4_T_le_v4SPD16_eabi.lib</file>
         <name>_lock.c.obj</name>
      </input_file>
      <input_file id="fl-138">
         <path>C:\ti\ccs1220\ccs\tools\compiler\ti-cgt-arm_20.2.7.LTS\lib\</path>
         <kind>archive</kind>
         <file>rtsv7M4_T_le_v4SPD16_eabi.lib</file>
         <name>_ltoa.c.obj</name>
      </input_file>
      <input_file id="fl-139">
         <path>C:\ti\ccs1220\ccs\tools\compiler\ti-cgt-arm_20.2.7.LTS\lib\</path>
         <kind>archive</kind>
         <file>rtsv7M4_T_le_v4SPD16_eabi.lib</file>
         <name>args_main.c.obj</name>
      </input_file>
      <input_file id="fl-13a">
         <path>C:\ti\ccs1220\ccs\tools\compiler\ti-cgt-arm_20.2.7.LTS\lib\</path>
         <kind>archive</kind>
         <file>rtsv7M4_T_le_v4SPD16_eabi.lib</file>
         <name>atoi.c.obj</name>
      </input_file>
      <input_file id="fl-13b">
         <path>C:\ti\ccs1220\ccs\tools\compiler\ti-cgt-arm_20.2.7.LTS\lib\</path>
         <kind>archive</kind>
         <file>rtsv7M4_T_le_v4SPD16_eabi.lib</file>
         <name>ctype.c.obj</name>
      </input_file>
      <input_file id="fl-13c">
         <path>C:\ti\ccs1220\ccs\tools\compiler\ti-cgt-arm_20.2.7.LTS\lib\</path>
         <kind>archive</kind>
         <file>rtsv7M4_T_le_v4SPD16_eabi.lib</file>
         <name>memccpy.c.obj</name>
      </input_file>
      <input_file id="fl-13d">
         <path>C:\ti\ccs1220\ccs\tools\compiler\ti-cgt-arm_20.2.7.LTS\lib\</path>
         <kind>archive</kind>
         <file>rtsv7M4_T_le_v4SPD16_eabi.lib</file>
         <name>strchr.c.obj</name>
      </input_file>
      <input_file id="fl-13e">
         <path>C:\ti\ccs1220\ccs\tools\compiler\ti-cgt-arm_20.2.7.LTS\lib\</path>
         <kind>archive</kind>
         <file>rtsv7M4_T_le_v4SPD16_eabi.lib</file>
         <name>wcslen.c.obj</name>
      </input_file>
      <input_file id="fl-13f">
         <path>C:\ti\ccs1220\ccs\tools\compiler\ti-cgt-arm_20.2.7.LTS\lib\</path>
         <kind>archive</kind>
         <file>rtsv7M4_T_le_v4SPD16_eabi.lib</file>
         <name>s_frexp.c.obj</name>
      </input_file>
      <input_file id="fl-140">
         <path>C:\ti\ccs1220\ccs\tools\compiler\ti-cgt-arm_20.2.7.LTS\lib\</path>
         <kind>archive</kind>
         <file>rtsv7M4_T_le_v4SPD16_eabi.lib</file>
         <name>s_scalbn.c.obj</name>
      </input_file>
      <input_file id="fl-141">
         <path>C:\ti\ccs1220\ccs\tools\compiler\ti-cgt-arm_20.2.7.LTS\lib\</path>
         <kind>archive</kind>
         <file>rtsv7M4_T_le_v4SPD16_eabi.lib</file>
         <name>s_copysign.c.obj</name>
      </input_file>
   </input_file_list>
   <object_component_list>
      <object_component id="oc-12">
         <name>.intvecs</name>
         <load_address>0x0</load_address>
         <run_address>0x0</run_address>
         <size>0x26c</size>
         <input_file_ref idref="fl-4"/>
      </object_component>
      <object_component id="oc-5df">
         <name>.text</name>
         <load_address>0x26c</load_address>
         <run_address>0x26c</run_address>
         <size>0x3084</size>
         <input_file_ref idref="fl-4f"/>
      </object_component>
      <object_component id="oc-9d">
         <name>.text</name>
         <load_address>0x32f0</load_address>
         <run_address>0x32f0</run_address>
         <size>0x2870</size>
         <input_file_ref idref="fl-a"/>
      </object_component>
      <object_component id="oc-3a0">
         <name>.text</name>
         <load_address>0x5b60</load_address>
         <run_address>0x5b60</run_address>
         <size>0x238c</size>
         <input_file_ref idref="fl-2e"/>
      </object_component>
      <object_component id="oc-be">
         <name>.text</name>
         <load_address>0x7eec</load_address>
         <run_address>0x7eec</run_address>
         <size>0x1688</size>
         <input_file_ref idref="fl-28"/>
      </object_component>
      <object_component id="oc-1a2">
         <name>.text</name>
         <load_address>0x9574</load_address>
         <run_address>0x9574</run_address>
         <size>0x1570</size>
         <input_file_ref idref="fl-42"/>
      </object_component>
      <object_component id="oc-ec">
         <name>.text</name>
         <load_address>0xaae4</load_address>
         <run_address>0xaae4</run_address>
         <size>0x1288</size>
         <input_file_ref idref="fl-1c"/>
      </object_component>
      <object_component id="oc-149">
         <name>.text</name>
         <load_address>0xbd6c</load_address>
         <run_address>0xbd6c</run_address>
         <size>0x1040</size>
         <input_file_ref idref="fl-f"/>
      </object_component>
      <object_component id="oc-476">
         <name>.text</name>
         <load_address>0xcdac</load_address>
         <run_address>0xcdac</run_address>
         <size>0xfdc</size>
         <input_file_ref idref="fl-3d"/>
      </object_component>
      <object_component id="oc-3ac">
         <name>.text</name>
         <load_address>0xdd88</load_address>
         <run_address>0xdd88</run_address>
         <size>0xfa8</size>
         <input_file_ref idref="fl-53"/>
      </object_component>
      <object_component id="oc-d6">
         <name>.text</name>
         <load_address>0xed30</load_address>
         <run_address>0xed30</run_address>
         <size>0xfa0</size>
         <input_file_ref idref="fl-8"/>
      </object_component>
      <object_component id="oc-191">
         <name>.text</name>
         <load_address>0xfcd0</load_address>
         <run_address>0xfcd0</run_address>
         <size>0xe60</size>
         <input_file_ref idref="fl-34"/>
      </object_component>
      <object_component id="oc-4a">
         <name>.text</name>
         <load_address>0x10b30</load_address>
         <run_address>0x10b30</run_address>
         <size>0xd5c</size>
         <input_file_ref idref="fl-2"/>
      </object_component>
      <object_component id="oc-155">
         <name>.text</name>
         <load_address>0x1188c</load_address>
         <run_address>0x1188c</run_address>
         <size>0xd20</size>
         <input_file_ref idref="fl-2b"/>
      </object_component>
      <object_component id="oc-197">
         <name>.text</name>
         <load_address>0x125ac</load_address>
         <run_address>0x125ac</run_address>
         <size>0xbb8</size>
         <input_file_ref idref="fl-1e"/>
      </object_component>
      <object_component id="oc-3e">
         <name>.text</name>
         <load_address>0x13164</load_address>
         <run_address>0x13164</run_address>
         <size>0xb8c</size>
         <input_file_ref idref="fl-5c"/>
      </object_component>
      <object_component id="oc-11f">
         <name>.text</name>
         <load_address>0x13cf0</load_address>
         <run_address>0x13cf0</run_address>
         <size>0xb08</size>
         <input_file_ref idref="fl-2c"/>
      </object_component>
      <object_component id="oc-32b">
         <name>.text:__TI_printfi</name>
         <load_address>0x147f8</load_address>
         <run_address>0x147f8</run_address>
         <size>0xa4e</size>
         <input_file_ref idref="fl-129"/>
      </object_component>
      <object_component id="oc-2eb">
         <name>.text</name>
         <load_address>0x15246</load_address>
         <run_address>0x15246</run_address>
         <size>0x2</size>
         <input_file_ref idref="fl-12b"/>
      </object_component>
      <object_component id="oc-38">
         <name>.text</name>
         <load_address>0x15248</load_address>
         <run_address>0x15248</run_address>
         <size>0x968</size>
         <input_file_ref idref="fl-3"/>
      </object_component>
      <object_component id="oc-711">
         <name>.text</name>
         <load_address>0x15bb0</load_address>
         <run_address>0x15bb0</run_address>
         <size>0x924</size>
         <input_file_ref idref="fl-4d"/>
      </object_component>
      <object_component id="oc-d0">
         <name>.text</name>
         <load_address>0x164d4</load_address>
         <run_address>0x164d4</run_address>
         <size>0x79c</size>
         <input_file_ref idref="fl-b"/>
      </object_component>
      <object_component id="oc-46a">
         <name>.text</name>
         <load_address>0x16c70</load_address>
         <run_address>0x16c70</run_address>
         <size>0x598</size>
         <input_file_ref idref="fl-51"/>
      </object_component>
      <object_component id="oc-470">
         <name>.text</name>
         <load_address>0x17208</load_address>
         <run_address>0x17208</run_address>
         <size>0x570</size>
         <input_file_ref idref="fl-55"/>
      </object_component>
      <object_component id="oc-14f">
         <name>.text</name>
         <load_address>0x17778</load_address>
         <run_address>0x17778</run_address>
         <size>0x490</size>
         <input_file_ref idref="fl-1f"/>
      </object_component>
      <object_component id="oc-5d7">
         <name>.text</name>
         <load_address>0x17c08</load_address>
         <run_address>0x17c08</run_address>
         <size>0x48c</size>
         <input_file_ref idref="fl-56"/>
      </object_component>
      <object_component id="oc-163">
         <name>.text</name>
         <load_address>0x18094</load_address>
         <run_address>0x18094</run_address>
         <size>0x478</size>
         <input_file_ref idref="fl-e"/>
      </object_component>
      <object_component id="oc-f8">
         <name>.text</name>
         <load_address>0x1850c</load_address>
         <run_address>0x1850c</run_address>
         <size>0x42c</size>
         <input_file_ref idref="fl-35"/>
      </object_component>
      <object_component id="oc-25f">
         <name>.text</name>
         <load_address>0x18938</load_address>
         <run_address>0x18938</run_address>
         <size>0x3cc</size>
         <input_file_ref idref="fl-39"/>
      </object_component>
      <object_component id="oc-178">
         <name>.text:strtof</name>
         <load_address>0x18d04</load_address>
         <run_address>0x18d04</run_address>
         <size>0x3c8</size>
         <input_file_ref idref="fl-124"/>
      </object_component>
      <object_component id="oc-3d1">
         <name>.text</name>
         <load_address>0x190cc</load_address>
         <run_address>0x190cc</run_address>
         <size>0x3bc</size>
         <input_file_ref idref="fl-40"/>
      </object_component>
      <object_component id="oc-c4">
         <name>.text</name>
         <load_address>0x19488</load_address>
         <run_address>0x19488</run_address>
         <size>0x39c</size>
         <input_file_ref idref="fl-31"/>
      </object_component>
      <object_component id="oc-f2">
         <name>.text</name>
         <load_address>0x19824</load_address>
         <run_address>0x19824</run_address>
         <size>0x364</size>
         <input_file_ref idref="fl-30"/>
      </object_component>
      <object_component id="oc-44">
         <name>.text</name>
         <load_address>0x19b88</load_address>
         <run_address>0x19b88</run_address>
         <size>0x33c</size>
         <input_file_ref idref="fl-33"/>
      </object_component>
      <object_component id="oc-e6">
         <name>.text</name>
         <load_address>0x19ec4</load_address>
         <run_address>0x19ec4</run_address>
         <size>0x2f2</size>
         <input_file_ref idref="fl-38"/>
      </object_component>
      <object_component id="oc-3cb">
         <name>.text</name>
         <load_address>0x1a1b6</load_address>
         <run_address>0x1a1b6</run_address>
         <size>0x2de</size>
         <input_file_ref idref="fl-3e"/>
      </object_component>
      <object_component id="oc-32">
         <name>.text</name>
         <load_address>0x1a494</load_address>
         <run_address>0x1a494</run_address>
         <size>0x2d0</size>
         <input_file_ref idref="fl-c"/>
      </object_component>
      <object_component id="oc-ca">
         <name>.text</name>
         <load_address>0x1a764</load_address>
         <run_address>0x1a764</run_address>
         <size>0x2d0</size>
         <input_file_ref idref="fl-37"/>
      </object_component>
      <object_component id="oc-524">
         <name>.text:_pconv_a</name>
         <load_address>0x1aa34</load_address>
         <run_address>0x1aa34</run_address>
         <size>0x270</size>
         <input_file_ref idref="fl-129"/>
      </object_component>
      <object_component id="oc-184">
         <name>.text</name>
         <load_address>0x1aca4</load_address>
         <run_address>0x1aca4</run_address>
         <size>0x22c</size>
         <input_file_ref idref="fl-62"/>
      </object_component>
      <object_component id="oc-598">
         <name>.text</name>
         <load_address>0x1aed0</load_address>
         <run_address>0x1aed0</run_address>
         <size>0x1d2</size>
         <input_file_ref idref="fl-52"/>
      </object_component>
      <object_component id="oc-512">
         <name>.text:_pconv_g</name>
         <load_address>0x1b0a4</load_address>
         <run_address>0x1b0a4</run_address>
         <size>0x1d0</size>
         <input_file_ref idref="fl-129"/>
      </object_component>
      <object_component id="oc-65a">
         <name>.text</name>
         <load_address>0x1b274</load_address>
         <run_address>0x1b274</run_address>
         <size>0x1b6</size>
         <input_file_ref idref="fl-12c"/>
      </object_component>
      <object_component id="oc-51e">
         <name>.text:_pconv_e</name>
         <load_address>0x1b42c</load_address>
         <run_address>0x1b42c</run_address>
         <size>0x13c</size>
         <input_file_ref idref="fl-129"/>
      </object_component>
      <object_component id="oc-640">
         <name>.text</name>
         <load_address>0x1b568</load_address>
         <run_address>0x1b568</run_address>
         <size>0x136</size>
         <input_file_ref idref="fl-12e"/>
      </object_component>
      <object_component id="oc-1e7">
         <name>.text</name>
         <load_address>0x1b69e</load_address>
         <run_address>0x1b69e</run_address>
         <size>0x12a</size>
         <input_file_ref idref="fl-7"/>
      </object_component>
      <object_component id="oc-fe">
         <name>.text</name>
         <load_address>0x1b7c8</load_address>
         <run_address>0x1b7c8</run_address>
         <size>0x128</size>
         <input_file_ref idref="fl-32"/>
      </object_component>
      <object_component id="oc-b8">
         <name>.text</name>
         <load_address>0x1b8f0</load_address>
         <run_address>0x1b8f0</run_address>
         <size>0x124</size>
         <input_file_ref idref="fl-5b"/>
      </object_component>
      <object_component id="oc-66c">
         <name>.text:fcvt</name>
         <load_address>0x1ba14</load_address>
         <run_address>0x1ba14</run_address>
         <size>0x124</size>
         <input_file_ref idref="fl-129"/>
      </object_component>
      <object_component id="oc-680">
         <name>.text:scalbn</name>
         <load_address>0x1bb38</load_address>
         <run_address>0x1bb38</run_address>
         <size>0x110</size>
         <input_file_ref idref="fl-140"/>
      </object_component>
      <object_component id="oc-17e">
         <name>.text:strtoul</name>
         <load_address>0x1bc48</load_address>
         <run_address>0x1bc48</run_address>
         <size>0x110</size>
         <input_file_ref idref="fl-125"/>
      </object_component>
      <object_component id="oc-63b">
         <name>.text</name>
         <load_address>0x1bd58</load_address>
         <run_address>0x1bd58</run_address>
         <size>0xfc</size>
         <input_file_ref idref="fl-12f"/>
      </object_component>
      <object_component id="oc-3b2">
         <name>.text</name>
         <load_address>0x1be54</load_address>
         <run_address>0x1be54</run_address>
         <size>0xec</size>
         <input_file_ref idref="fl-57"/>
      </object_component>
      <object_component id="oc-2d">
         <name>.text</name>
         <load_address>0x1bf40</load_address>
         <run_address>0x1bf40</run_address>
         <size>0xda</size>
         <input_file_ref idref="fl-d"/>
      </object_component>
      <object_component id="oc-34f">
         <name>.text:scalbnf</name>
         <load_address>0x1c01c</load_address>
         <run_address>0x1c01c</run_address>
         <size>0xd0</size>
         <input_file_ref idref="fl-128"/>
      </object_component>
      <object_component id="oc-3a6">
         <name>.text</name>
         <load_address>0x1c0ec</load_address>
         <run_address>0x1c0ec</run_address>
         <size>0xc8</size>
         <input_file_ref idref="fl-58"/>
      </object_component>
      <object_component id="oc-507">
         <name>.text:_ltostr</name>
         <load_address>0x1c1b4</load_address>
         <run_address>0x1c1b4</run_address>
         <size>0xb1</size>
         <input_file_ref idref="fl-129"/>
      </object_component>
      <object_component id="oc-18b">
         <name>.text</name>
         <load_address>0x1c268</load_address>
         <run_address>0x1c268</run_address>
         <size>0xac</size>
         <input_file_ref idref="fl-5a"/>
      </object_component>
      <object_component id="oc-64">
         <name>.text</name>
         <load_address>0x1c314</load_address>
         <run_address>0x1c314</run_address>
         <size>0x9c</size>
         <input_file_ref idref="fl-11a"/>
      </object_component>
      <object_component id="oc-634">
         <name>.text</name>
         <load_address>0x1c3b0</load_address>
         <run_address>0x1c3b0</run_address>
         <size>0x96</size>
         <input_file_ref idref="fl-132"/>
      </object_component>
      <object_component id="oc-50d">
         <name>.text:__aeabi_cdcmple</name>
         <load_address>0x1c446</load_address>
         <run_address>0x1c446</run_address>
         <size>0x86</size>
         <input_file_ref idref="fl-12d"/>
      </object_component>
      <object_component id="oc-645">
         <name>.text:__aeabi_cdrcmple</name>
         <load_address>0x1c4cc</load_address>
         <run_address>0x1c4cc</run_address>
         <size>0x86</size>
         <input_file_ref idref="fl-12d"/>
      </object_component>
      <object_component id="oc-1c5">
         <name>.text</name>
         <load_address>0x1c552</load_address>
         <run_address>0x1c552</run_address>
         <size>0x7a</size>
         <input_file_ref idref="fl-11b"/>
      </object_component>
      <object_component id="oc-665">
         <name>.text:_mcpy</name>
         <load_address>0x1c5cc</load_address>
         <run_address>0x1c5cc</run_address>
         <size>0x6e</size>
         <input_file_ref idref="fl-129"/>
      </object_component>
      <object_component id="oc-2aa">
         <name>.text</name>
         <load_address>0x1c63c</load_address>
         <run_address>0x1c63c</run_address>
         <size>0x68</size>
         <input_file_ref idref="fl-36"/>
      </object_component>
      <object_component id="oc-1f9">
         <name>.text</name>
         <load_address>0x1c6a4</load_address>
         <run_address>0x1c6a4</run_address>
         <size>0x68</size>
         <input_file_ref idref="fl-59"/>
      </object_component>
      <object_component id="oc-15">
         <name>.text:decompress:lzss:__TI_decompress_lzss</name>
         <load_address>0x1c70c</load_address>
         <run_address>0x1c70c</run_address>
         <size>0x68</size>
         <input_file_ref idref="fl-11f"/>
      </object_component>
      <object_component id="oc-67a">
         <name>.text:frexp</name>
         <load_address>0x1c774</load_address>
         <run_address>0x1c774</run_address>
         <size>0x64</size>
         <input_file_ref idref="fl-13f"/>
      </object_component>
      <object_component id="oc-518">
         <name>.text:_pconv_f</name>
         <load_address>0x1c7d8</load_address>
         <run_address>0x1c7d8</run_address>
         <size>0x56</size>
         <input_file_ref idref="fl-129"/>
      </object_component>
      <object_component id="oc-64f">
         <name>.text:__TI_ltoa</name>
         <load_address>0x1c82e</load_address>
         <run_address>0x1c82e</run_address>
         <size>0x54</size>
         <input_file_ref idref="fl-138"/>
      </object_component>
      <object_component id="oc-65f">
         <name>.text:_ecpy</name>
         <load_address>0x1c882</load_address>
         <run_address>0x1c882</run_address>
         <size>0x52</size>
         <input_file_ref idref="fl-129"/>
      </object_component>
      <object_component id="oc-2c2">
         <name>.text</name>
         <load_address>0x1c8d4</load_address>
         <run_address>0x1c8d4</run_address>
         <size>0x50</size>
         <input_file_ref idref="fl-119"/>
      </object_component>
      <object_component id="oc-501">
         <name>.text:atoi</name>
         <load_address>0x1c924</load_address>
         <run_address>0x1c924</run_address>
         <size>0x4c</size>
         <input_file_ref idref="fl-13a"/>
      </object_component>
      <object_component id="oc-64a">
         <name>.text</name>
         <load_address>0x1c970</load_address>
         <run_address>0x1c970</run_address>
         <size>0x48</size>
         <input_file_ref idref="fl-130"/>
      </object_component>
      <object_component id="oc-3f7">
         <name>.text:__TI_auto_init_nobinit_nopinit:__TI_auto_init_nobinit_nopinit</name>
         <load_address>0x1c9b8</load_address>
         <run_address>0x1c9b8</run_address>
         <size>0x44</size>
         <input_file_ref idref="fl-133"/>
      </object_component>
      <object_component id="oc-13a">
         <name>.text</name>
         <load_address>0x1c9fc</load_address>
         <run_address>0x1c9fc</run_address>
         <size>0x40</size>
         <input_file_ref idref="fl-11c"/>
      </object_component>
      <object_component id="oc-169">
         <name>.text:sprintf</name>
         <load_address>0x1ca3c</load_address>
         <run_address>0x1ca3c</run_address>
         <size>0x40</size>
         <input_file_ref idref="fl-118"/>
      </object_component>
      <object_component id="oc-27">
         <name>.text</name>
         <load_address>0x1ca7c</load_address>
         <run_address>0x1ca7c</run_address>
         <size>0x40</size>
         <input_file_ref idref="fl-4"/>
      </object_component>
      <object_component id="oc-672">
         <name>.text:_fcpy</name>
         <load_address>0x1cabc</load_address>
         <run_address>0x1cabc</run_address>
         <size>0x3e</size>
         <input_file_ref idref="fl-129"/>
      </object_component>
      <object_component id="oc-243">
         <name>.text</name>
         <load_address>0x1cafa</load_address>
         <run_address>0x1cafa</run_address>
         <size>0x3e</size>
         <input_file_ref idref="fl-13"/>
      </object_component>
      <object_component id="oc-375">
         <name>.text:I2CMRead</name>
         <load_address>0x1cb38</load_address>
         <run_address>0x1cb38</run_address>
         <size>0x36</size>
         <input_file_ref idref="fl-2"/>
      </object_component>
      <object_component id="oc-36e">
         <name>.text:I2CMWrite</name>
         <load_address>0x1cb6e</load_address>
         <run_address>0x1cb6e</run_address>
         <size>0x36</size>
         <input_file_ref idref="fl-2"/>
      </object_component>
      <object_component id="oc-37c">
         <name>.text:I2CMWriteBatched</name>
         <load_address>0x1cba4</load_address>
         <run_address>0x1cba4</run_address>
         <size>0x36</size>
         <input_file_ref idref="fl-2"/>
      </object_component>
      <object_component id="oc-82">
         <name>.text:_c_int00_noargs:_c_int00_noargs</name>
         <load_address>0x1cbdc</load_address>
         <run_address>0x1cbdc</run_address>
         <size>0x34</size>
         <input_file_ref idref="fl-126"/>
      </object_component>
      <object_component id="oc-655">
         <name>.text</name>
         <load_address>0x1cc10</load_address>
         <run_address>0x1cc10</run_address>
         <size>0x2e</size>
         <input_file_ref idref="fl-131"/>
      </object_component>
      <object_component id="oc-16f">
         <name>.text:strncmp</name>
         <load_address>0x1cc3e</load_address>
         <run_address>0x1cc3e</run_address>
         <size>0x2c</size>
         <input_file_ref idref="fl-123"/>
      </object_component>
      <object_component id="oc-205">
         <name>.text:GetOverflowCounts</name>
         <load_address>0x1cc6c</load_address>
         <run_address>0x1cc6c</run_address>
         <size>0x24</size>
         <input_file_ref idref="fl-59"/>
      </object_component>
      <object_component id="oc-50">
         <name>.text</name>
         <load_address>0x1cc90</load_address>
         <run_address>0x1cc90</run_address>
         <size>0x24</size>
         <input_file_ref idref="fl-43"/>
      </object_component>
      <object_component id="oc-52a">
         <name>.text:memccpy</name>
         <load_address>0x1ccb4</load_address>
         <run_address>0x1ccb4</run_address>
         <size>0x1c</size>
         <input_file_ref idref="fl-13c"/>
      </object_component>
      <object_component id="oc-771">
         <name>.text:copysign</name>
         <load_address>0x1ccd0</load_address>
         <run_address>0x1ccd0</run_address>
         <size>0x1a</size>
         <input_file_ref idref="fl-141"/>
      </object_component>
      <object_component id="oc-331">
         <name>.text:_outs</name>
         <load_address>0x1ccea</load_address>
         <run_address>0x1ccea</run_address>
         <size>0x18</size>
         <input_file_ref idref="fl-118"/>
      </object_component>
      <object_component id="oc-54d">
         <name>.text:copysignf</name>
         <load_address>0x1cd02</load_address>
         <run_address>0x1cd02</run_address>
         <size>0x18</size>
         <input_file_ref idref="fl-12a"/>
      </object_component>
      <object_component id="oc-363">
         <name>.text:strcmp</name>
         <load_address>0x1cd1a</load_address>
         <run_address>0x1cd1a</run_address>
         <size>0x18</size>
         <input_file_ref idref="fl-120"/>
      </object_component>
      <object_component id="oc-686">
         <name>.text:strchr</name>
         <load_address>0x1cd32</load_address>
         <run_address>0x1cd32</run_address>
         <size>0x16</size>
         <input_file_ref idref="fl-13d"/>
      </object_component>
      <object_component id="oc-212">
         <name>.text:strcpy</name>
         <load_address>0x1cd48</load_address>
         <run_address>0x1cd48</run_address>
         <size>0x14</size>
         <input_file_ref idref="fl-121"/>
      </object_component>
      <object_component id="oc-185">
         <name>.text:strlen</name>
         <load_address>0x1cd5c</load_address>
         <run_address>0x1cd5c</run_address>
         <size>0x14</size>
         <input_file_ref idref="fl-122"/>
      </object_component>
      <object_component id="oc-530">
         <name>.text:wcslen</name>
         <load_address>0x1cd70</load_address>
         <run_address>0x1cd70</run_address>
         <size>0x12</size>
         <input_file_ref idref="fl-13e"/>
      </object_component>
      <object_component id="oc-1b">
         <name>.text:decompress:none:__TI_decompress_none</name>
         <load_address>0x1cd82</load_address>
         <run_address>0x1cd82</run_address>
         <size>0xe</size>
         <input_file_ref idref="fl-11e"/>
      </object_component>
      <object_component id="oc-76">
         <name>.text:decompress:ZI:__TI_zero_init</name>
         <load_address>0x1cd90</load_address>
         <run_address>0x1cd90</run_address>
         <size>0xc</size>
         <input_file_ref idref="fl-11d"/>
      </object_component>
      <object_component id="oc-337">
         <name>.text:_outc</name>
         <load_address>0x1cd9c</load_address>
         <run_address>0x1cd9c</run_address>
         <size>0xa</size>
         <input_file_ref idref="fl-118"/>
      </object_component>
      <object_component id="oc-349">
         <name>.text:__aeabi_errno_addr</name>
         <load_address>0x1cda8</load_address>
         <run_address>0x1cda8</run_address>
         <size>0x8</size>
         <input_file_ref idref="fl-127"/>
      </object_component>
      <object_component id="oc-252">
         <name>.text:SysCtlDelay</name>
         <load_address>0x1cdb0</load_address>
         <run_address>0x1cdb0</run_address>
         <size>0x6</size>
         <input_file_ref idref="fl-28"/>
      </object_component>
      <object_component id="oc-1cb">
         <name>.text:_system_pre_init</name>
         <load_address>0x1cdb6</load_address>
         <run_address>0x1cdb6</run_address>
         <size>0x4</size>
         <input_file_ref idref="fl-134"/>
      </object_component>
      <object_component id="oc-3eb">
         <name>.text:abort:abort</name>
         <load_address>0x1cdba</load_address>
         <run_address>0x1cdba</run_address>
         <size>0x4</size>
         <input_file_ref idref="fl-136"/>
      </object_component>
      <object_component id="oc-346">
         <name>.const:.string</name>
         <load_address>0x1cdc0</load_address>
         <run_address>0x1cdc0</run_address>
         <size>0x21e</size>
         <input_file_ref idref="fl-2"/>
      </object_component>
      <object_component id="oc-4ab">
         <name>.const:crctttab</name>
         <load_address>0x1cfde</load_address>
         <run_address>0x1cfde</run_address>
         <size>0x200</size>
         <input_file_ref idref="fl-36"/>
      </object_component>
      <object_component id="oc-24f">
         <name>.const:g_pppui32XTALtoVCO</name>
         <load_address>0x1d1e0</load_address>
         <run_address>0x1d1e0</run_address>
         <size>0x1b0</size>
         <input_file_ref idref="fl-28"/>
      </object_component>
      <object_component id="oc-355">
         <name>.const:.string:_ctypes_</name>
         <load_address>0x1d390</load_address>
         <run_address>0x1d390</run_address>
         <size>0x101</size>
         <input_file_ref idref="fl-13b"/>
      </object_component>
      <object_component id="oc-2b5">
         <name>.const:g_ppui32GPIOIntMapSnowflake</name>
         <load_address>0x1d494</load_address>
         <run_address>0x1d494</run_address>
         <size>0xd8</size>
         <input_file_ref idref="fl-1c"/>
      </object_component>
      <object_component id="oc-2b2">
         <name>.const:g_ppui32GPIOIntMapBlizzard</name>
         <load_address>0x1d56c</load_address>
         <run_address>0x1d56c</run_address>
         <size>0xc0</size>
         <input_file_ref idref="fl-1c"/>
      </object_component>
      <object_component id="oc-301">
         <name>.const:g_pui32Regs</name>
         <load_address>0x1d62c</load_address>
         <run_address>0x1d62c</run_address>
         <size>0x9c</size>
         <input_file_ref idref="fl-1f"/>
      </object_component>
      <object_component id="oc-2b8">
         <name>.const:g_pui32GPIOBaseAddrs</name>
         <load_address>0x1d6c8</load_address>
         <run_address>0x1d6c8</run_address>
         <size>0x90</size>
         <input_file_ref idref="fl-1c"/>
      </object_component>
      <object_component id="oc-249">
         <name>.const:g_pui32Xtals</name>
         <load_address>0x1d758</load_address>
         <run_address>0x1d758</run_address>
         <size>0x6c</size>
         <input_file_ref idref="fl-28"/>
      </object_component>
      <object_component id="oc-312">
         <name>.const:g_ppui32TimerIntMap</name>
         <load_address>0x1d7c4</load_address>
         <run_address>0x1d7c4</run_address>
         <size>0x60</size>
         <input_file_ref idref="fl-2b"/>
      </object_component>
      <object_component id="oc-358">
         <name>.const:$O1$$</name>
         <load_address>0x1d824</load_address>
         <run_address>0x1d824</run_address>
         <size>0x58</size>
         <input_file_ref idref="fl-124"/>
      </object_component>
      <object_component id="oc-388">
         <name>.const:g_ppui32I2CIntMapSnowflake</name>
         <load_address>0x1d87c</load_address>
         <run_address>0x1d87c</run_address>
         <size>0x50</size>
         <input_file_ref idref="fl-1e"/>
      </object_component>
      <object_component id="oc-315">
         <name>.const:g_ppui32TimerIntMapSnowflake</name>
         <load_address>0x1d8cc</load_address>
         <run_address>0x1d8cc</run_address>
         <size>0x40</size>
         <input_file_ref idref="fl-2b"/>
      </object_component>
      <object_component id="oc-2d5">
         <name>.const:g_ppui32UARTIntMap</name>
         <load_address>0x1d90c</load_address>
         <run_address>0x1d90c</run_address>
         <size>0x40</size>
         <input_file_ref idref="fl-2c"/>
      </object_component>
      <object_component id="oc-2d8">
         <name>.const:g_ppui32UARTIntMapSnowflake</name>
         <load_address>0x1d94c</load_address>
         <run_address>0x1d94c</run_address>
         <size>0x40</size>
         <input_file_ref idref="fl-2c"/>
      </object_component>
      <object_component id="oc-75b">
         <name>.const:.string:g_pui8ConfigString</name>
         <load_address>0x1d98c</load_address>
         <run_address>0x1d98c</run_address>
         <size>0x36</size>
         <input_file_ref idref="fl-3a"/>
      </object_component>
      <object_component id="oc-3c8">
         <name>.const:g_psUSBDStdRequests</name>
         <load_address>0x1d9c4</load_address>
         <run_address>0x1d9c4</run_address>
         <size>0x34</size>
         <input_file_ref idref="fl-42"/>
      </object_component>
      <object_component id="oc-385">
         <name>.const:g_ppui32I2CIntMap</name>
         <load_address>0x1d9f8</load_address>
         <run_address>0x1d9f8</run_address>
         <size>0x30</size>
         <input_file_ref idref="fl-1e"/>
      </object_component>
      <object_component id="oc-5ee">
         <name>.const:g_sCDCHandlers</name>
         <load_address>0x1da28</load_address>
         <run_address>0x1da28</run_address>
         <size>0x30</size>
         <input_file_ref idref="fl-3d"/>
      </object_component>
      <object_component id="oc-240">
         <name>.const:g_sXTALtoMEMTIM</name>
         <load_address>0x1da58</load_address>
         <run_address>0x1da58</run_address>
         <size>0x30</size>
         <input_file_ref idref="fl-28"/>
      </object_component>
      <object_component id="oc-758">
         <name>.const:.string:g_pui8ControlInterfaceString</name>
         <load_address>0x1da88</load_address>
         <run_address>0x1da88</run_address>
         <size>0x2c</size>
         <input_file_ref idref="fl-3a"/>
      </object_component>
      <object_component id="oc-74f">
         <name>.const:.string:g_pui8ManufacturerString</name>
         <load_address>0x1dab4</load_address>
         <run_address>0x1dab4</run_address>
         <size>0x24</size>
         <input_file_ref idref="fl-3a"/>
      </object_component>
      <object_component id="oc-824">
         <name>.const:.string:g_pui8CDCSerCommInterface</name>
         <load_address>0x1dad8</load_address>
         <run_address>0x1dad8</run_address>
         <size>0x23</size>
         <input_file_ref idref="fl-3d"/>
      </object_component>
      <object_component id="oc-752">
         <name>.const:.string:g_pui8ProductString</name>
         <load_address>0x1dafb</load_address>
         <run_address>0x1dafb</run_address>
         <size>0x22</size>
         <input_file_ref idref="fl-3a"/>
      </object_component>
      <object_component id="oc-2fe">
         <name>.const:g_pui32Priority</name>
         <load_address>0x1db20</load_address>
         <run_address>0x1db20</run_address>
         <size>0x20</size>
         <input_file_ref idref="fl-1f"/>
      </object_component>
      <object_component id="oc-61d">
         <name>.const:g_ppui8StringDescriptors</name>
         <load_address>0x1db40</load_address>
         <run_address>0x1db40</run_address>
         <size>0x18</size>
         <input_file_ref idref="fl-3a"/>
      </object_component>
      <object_component id="oc-829">
         <name>.const:.string:g_pui8CDCSerDataInterface</name>
         <load_address>0x1db58</load_address>
         <run_address>0x1db58</run_address>
         <size>0x17</size>
         <input_file_ref idref="fl-3d"/>
      </object_component>
      <object_component id="oc-82e">
         <name>.const:.string:g_pui8CDCSerDataInterfaceHS</name>
         <load_address>0x1db6f</load_address>
         <run_address>0x1db6f</run_address>
         <size>0x17</size>
         <input_file_ref idref="fl-3d"/>
      </object_component>
      <object_component id="oc-307">
         <name>.const:g_pui32Dii16Regs</name>
         <load_address>0x1db88</load_address>
         <run_address>0x1db88</run_address>
         <size>0x14</size>
         <input_file_ref idref="fl-1f"/>
      </object_component>
      <object_component id="oc-304">
         <name>.const:g_pui32EnRegs</name>
         <load_address>0x1db9c</load_address>
         <run_address>0x1db9c</run_address>
         <size>0x14</size>
         <input_file_ref idref="fl-1f"/>
      </object_component>
      <object_component id="oc-30a">
         <name>.const:g_pui32PendRegs</name>
         <load_address>0x1dbb0</load_address>
         <run_address>0x1dbb0</run_address>
         <size>0x14</size>
         <input_file_ref idref="fl-1f"/>
      </object_component>
      <object_component id="oc-30d">
         <name>.const:g_pui32UnpendRegs</name>
         <load_address>0x1dbc4</load_address>
         <run_address>0x1dbc4</run_address>
         <size>0x14</size>
         <input_file_ref idref="fl-1f"/>
      </object_component>
      <object_component id="oc-755">
         <name>.const:.string:g_pui8SerialNumberString</name>
         <load_address>0x1dbd8</load_address>
         <run_address>0x1dbd8</run_address>
         <size>0x12</size>
         <input_file_ref idref="fl-3a"/>
      </object_component>
      <object_component id="oc-2f1">
         <name>.const:.string</name>
         <load_address>0x1dbec</load_address>
         <run_address>0x1dbec</run_address>
         <size>0x12</size>
         <input_file_ref idref="fl-5c"/>
      </object_component>
      <object_component id="oc-128">
         <name>.const:g_ui32UARTBase</name>
         <load_address>0x1dc00</load_address>
         <run_address>0x1dc00</run_address>
         <size>0xc</size>
         <input_file_ref idref="fl-5c"/>
      </object_component>
      <object_component id="oc-12e">
         <name>.const:g_ui32UARTInt</name>
         <load_address>0x1dc0c</load_address>
         <run_address>0x1dc0c</run_address>
         <size>0xc</size>
         <input_file_ref idref="fl-5c"/>
      </object_component>
      <object_component id="oc-12b">
         <name>.const:g_ui32UARTPeriph</name>
         <load_address>0x1dc18</load_address>
         <run_address>0x1dc18</run_address>
         <size>0xc</size>
         <input_file_ref idref="fl-5c"/>
      </object_component>
      <object_component id="oc-24c">
         <name>.const:g_pui32VCOFrequencies</name>
         <load_address>0x1dc24</load_address>
         <run_address>0x1dc24</run_address>
         <size>0x8</size>
         <input_file_ref idref="fl-28"/>
      </object_component>
      <object_component id="oc-73c">
         <name>.const:g_sCDCCompSerConfigHeader</name>
         <load_address>0x1dc2c</load_address>
         <run_address>0x1dc2c</run_address>
         <size>0x8</size>
         <input_file_ref idref="fl-3d"/>
      </object_component>
      <object_component id="oc-741">
         <name>.const:g_sCDCCompSerConfigHeaderHS</name>
         <load_address>0x1dc34</load_address>
         <run_address>0x1dc34</run_address>
         <size>0x8</size>
         <input_file_ref idref="fl-3d"/>
      </object_component>
      <object_component id="oc-809">
         <name>.const:g_sCDCSerCommInterfaceSection</name>
         <load_address>0x1dc3c</load_address>
         <run_address>0x1dc3c</run_address>
         <size>0x8</size>
         <input_file_ref idref="fl-3d"/>
      </object_component>
      <object_component id="oc-732">
         <name>.const:g_sCDCSerConfigHeader</name>
         <load_address>0x1dc44</load_address>
         <run_address>0x1dc44</run_address>
         <size>0x8</size>
         <input_file_ref idref="fl-3d"/>
      </object_component>
      <object_component id="oc-737">
         <name>.const:g_sCDCSerConfigHeaderHS</name>
         <load_address>0x1dc4c</load_address>
         <run_address>0x1dc4c</run_address>
         <size>0x8</size>
         <input_file_ref idref="fl-3d"/>
      </object_component>
      <object_component id="oc-806">
         <name>.const:g_sCDCSerConfigSection</name>
         <load_address>0x1dc54</load_address>
         <run_address>0x1dc54</run_address>
         <size>0x8</size>
         <input_file_ref idref="fl-3d"/>
      </object_component>
      <object_component id="oc-80c">
         <name>.const:g_sCDCSerDataInterfaceSection</name>
         <load_address>0x1dc5c</load_address>
         <run_address>0x1dc5c</run_address>
         <size>0x8</size>
         <input_file_ref idref="fl-3d"/>
      </object_component>
      <object_component id="oc-811">
         <name>.const:g_sCDCSerDataInterfaceSectionHS</name>
         <load_address>0x1dc64</load_address>
         <run_address>0x1dc64</run_address>
         <size>0x8</size>
         <input_file_ref idref="fl-3d"/>
      </object_component>
      <object_component id="oc-816">
         <name>.const:g_sIADSerConfigSection</name>
         <load_address>0x1dc6c</load_address>
         <run_address>0x1dc6c</run_address>
         <size>0x8</size>
         <input_file_ref idref="fl-3d"/>
      </object_component>
      <object_component id="oc-9a">
         <name>.const</name>
         <load_address>0x1dc74</load_address>
         <run_address>0x1dc74</run_address>
         <size>0x8</size>
         <input_file_ref idref="fl-c"/>
      </object_component>
      <object_component id="oc-74c">
         <name>.const:.string:g_pui8LangDescriptor</name>
         <load_address>0x1dc7c</load_address>
         <run_address>0x1dc7c</run_address>
         <size>0x4</size>
         <input_file_ref idref="fl-3a"/>
      </object_component>
      <object_component id="oc-5fa">
         <name>.const:g_pCDCCompSerConfigDescriptors</name>
         <load_address>0x1dc80</load_address>
         <run_address>0x1dc80</run_address>
         <size>0x4</size>
         <input_file_ref idref="fl-3d"/>
      </object_component>
      <object_component id="oc-5fd">
         <name>.const:g_pCDCCompSerConfigDescriptorsHS</name>
         <load_address>0x1dc84</load_address>
         <run_address>0x1dc84</run_address>
         <size>0x4</size>
         <input_file_ref idref="fl-3d"/>
      </object_component>
      <object_component id="oc-5f4">
         <name>.const:g_ppCDCSerConfigDescriptors</name>
         <load_address>0x1dc88</load_address>
         <run_address>0x1dc88</run_address>
         <size>0x4</size>
         <input_file_ref idref="fl-3d"/>
      </object_component>
      <object_component id="oc-5f7">
         <name>.const:g_ppCDCSerConfigDescriptorsHS</name>
         <load_address>0x1dc8c</load_address>
         <run_address>0x1dc8c</run_address>
         <size>0x4</size>
         <input_file_ref idref="fl-3d"/>
      </object_component>
      <object_component id="oc-202">
         <name>.const</name>
         <load_address>0x1dc90</load_address>
         <run_address>0x1dc90</run_address>
         <size>0x4</size>
         <input_file_ref idref="fl-a"/>
      </object_component>
      <object_component id="oc-13f">
         <name>.const</name>
         <load_address>0x1dc94</load_address>
         <run_address>0x1dc94</run_address>
         <size>0x4</size>
         <input_file_ref idref="fl-5c"/>
      </object_component>
      <object_component id="oc-86c">
         <name>.cinit..data.load</name>
         <load_address>0x1dc98</load_address>
         <run_address>0x1dc98</run_address>
         <size>0x182</size>
      </object_component>
      <object_component id="oc-869">
         <name>__TI_handler_table</name>
         <load_address>0x1de1c</load_address>
         <run_address>0x1de1c</run_address>
         <size>0xc</size>
      </object_component>
      <object_component id="oc-86d">
         <name>.cinit..bss.load</name>
         <load_address>0x1de28</load_address>
         <run_address>0x1de28</run_address>
         <size>0x8</size>
      </object_component>
      <object_component id="oc-86b">
         <name>.cinit..vtable.load</name>
         <load_address>0x1de30</load_address>
         <run_address>0x1de30</run_address>
         <size>0x8</size>
      </object_component>
      <object_component id="oc-86a">
         <name>__TI_cinit_table</name>
         <load_address>0x1de38</load_address>
         <run_address>0x1de38</run_address>
         <size>0x18</size>
      </object_component>
      <object_component id="oc-2fb">
         <name>.vtable</name>
         <uninitialized>true</uninitialized>
         <run_address>0x20000000</run_address>
         <size>0x26c</size>
         <input_file_ref idref="fl-1f"/>
      </object_component>
      <object_component id="oc-175">
         <name>.data:g_psCmdTable</name>
         <load_address>0x20006344</load_address>
         <run_address>0x20006344</run_address>
         <size>0xa8</size>
         <input_file_ref idref="fl-2"/>
      </object_component>
      <object_component id="oc-dc">
         <name>.data</name>
         <load_address>0x2000659c</load_address>
         <run_address>0x2000659c</run_address>
         <size>0xd</size>
         <input_file_ref idref="fl-3"/>
      </object_component>
      <object_component id="oc-97">
         <name>.data</name>
         <load_address>0x2000644c</load_address>
         <run_address>0x2000644c</run_address>
         <size>0x3c</size>
         <input_file_ref idref="fl-a"/>
      </object_component>
      <object_component id="oc-273">
         <name>.data</name>
         <load_address>0x200065ec</load_address>
         <run_address>0x200065ec</run_address>
         <size>0xc</size>
         <input_file_ref idref="fl-b"/>
      </object_component>
      <object_component id="oc-a4">
         <name>.data</name>
         <load_address>0x200065e0</load_address>
         <run_address>0x200065e0</run_address>
         <size>0xc</size>
         <input_file_ref idref="fl-c"/>
      </object_component>
      <object_component id="oc-320">
         <name>.data</name>
         <load_address>0x20006540</load_address>
         <run_address>0x20006540</run_address>
         <size>0x14</size>
         <input_file_ref idref="fl-e"/>
      </object_component>
      <object_component id="oc-2d0">
         <name>.data</name>
         <load_address>0x200065a9</load_address>
         <run_address>0x200065a9</run_address>
         <size>0x3</size>
         <input_file_ref idref="fl-32"/>
      </object_component>
      <object_component id="oc-15e">
         <name>.data</name>
         <load_address>0x20006628</load_address>
         <run_address>0x20006628</run_address>
         <size>0x8</size>
         <input_file_ref idref="fl-33"/>
      </object_component>
      <object_component id="oc-2cb">
         <name>.data</name>
         <load_address>0x2000664c</load_address>
         <run_address>0x2000664c</run_address>
         <size>0x4</size>
         <input_file_ref idref="fl-35"/>
      </object_component>
      <object_component id="oc-26b">
         <name>.data</name>
         <load_address>0x20006648</load_address>
         <run_address>0x20006648</run_address>
         <size>0x4</size>
         <input_file_ref idref="fl-37"/>
      </object_component>
      <object_component id="oc-482">
         <name>.data</name>
         <load_address>0x200065ac</load_address>
         <run_address>0x200065ac</run_address>
         <size>0xd</size>
         <input_file_ref idref="fl-39"/>
      </object_component>
      <object_component id="oc-488">
         <name>.data:ConfigLinea</name>
         <load_address>0x20006640</load_address>
         <run_address>0x20006640</run_address>
         <size>0x7</size>
         <input_file_ref idref="fl-39"/>
      </object_component>
      <object_component id="oc-48b">
         <name>.data:g_sCDCDevice</name>
         <load_address>0x200063ec</load_address>
         <run_address>0x200063ec</run_address>
         <size>0x60</size>
         <input_file_ref idref="fl-3a"/>
      </object_component>
      <object_component id="oc-47c">
         <name>.data:g_sRxBuffer</name>
         <load_address>0x20006488</load_address>
         <run_address>0x20006488</run_address>
         <size>0x38</size>
         <input_file_ref idref="fl-3a"/>
      </object_component>
      <object_component id="oc-485">
         <name>.data:g_sTxBuffer</name>
         <load_address>0x200064c0</load_address>
         <run_address>0x200064c0</run_address>
         <size>0x38</size>
         <input_file_ref idref="fl-3a"/>
      </object_component>
      <object_component id="oc-5f1">
         <name>.data:g_pui8CDCSerDeviceDescriptor</name>
         <load_address>0x20006568</load_address>
         <run_address>0x20006568</run_address>
         <size>0x12</size>
         <input_file_ref idref="fl-3d"/>
      </object_component>
      <object_component id="oc-600">
         <name>.data:g_pui8CDCSerDescriptor</name>
         <load_address>0x20006610</load_address>
         <run_address>0x20006610</run_address>
         <size>0x9</size>
         <input_file_ref idref="fl-3d"/>
      </object_component>
      <object_component id="oc-833">
         <name>.data:g_pui8IADSerDescriptor</name>
         <load_address>0x20006630</load_address>
         <run_address>0x20006630</run_address>
         <size>0x8</size>
         <input_file_ref idref="fl-3d"/>
      </object_component>
      <object_component id="oc-7cb">
         <name>.data:g_psCDCSerSections</name>
         <load_address>0x200065c8</load_address>
         <run_address>0x200065c8</run_address>
         <size>0xc</size>
         <input_file_ref idref="fl-3d"/>
      </object_component>
      <object_component id="oc-7d0">
         <name>.data:g_psCDCSerSectionsHS</name>
         <load_address>0x200065d4</load_address>
         <run_address>0x200065d4</run_address>
         <size>0xc</size>
         <input_file_ref idref="fl-3d"/>
      </object_component>
      <object_component id="oc-7d5">
         <name>.data:g_psCDCCompSerSections</name>
         <load_address>0x2000657c</load_address>
         <run_address>0x2000657c</run_address>
         <size>0x10</size>
         <input_file_ref idref="fl-3d"/>
      </object_component>
      <object_component id="oc-7da">
         <name>.data:g_psCDCCompSerSectionsHS</name>
         <load_address>0x2000658c</load_address>
         <run_address>0x2000658c</run_address>
         <size>0x10</size>
         <input_file_ref idref="fl-3d"/>
      </object_component>
      <object_component id="oc-5eb">
         <name>.data</name>
         <load_address>0x2000657a</load_address>
         <run_address>0x2000657a</run_address>
         <size>0x2</size>
         <input_file_ref idref="fl-3d"/>
      </object_component>
      <object_component id="oc-3bf">
         <name>.data</name>
         <load_address>0x20006638</load_address>
         <run_address>0x20006638</run_address>
         <size>0x8</size>
         <input_file_ref idref="fl-42"/>
      </object_component>
      <object_component id="oc-70e">
         <name>.data</name>
         <load_address>0x20006554</load_address>
         <run_address>0x20006554</run_address>
         <size>0x14</size>
         <input_file_ref idref="fl-4f"/>
      </object_component>
      <object_component id="oc-720">
         <name>.data:g_sUSBHEP0State</name>
         <load_address>0x20006528</load_address>
         <run_address>0x20006528</run_address>
         <size>0x18</size>
         <input_file_ref idref="fl-4f"/>
      </object_component>
      <object_component id="oc-3bc">
         <name>.data</name>
         <load_address>0x2000661c</load_address>
         <run_address>0x2000661c</run_address>
         <size>0x9</size>
         <input_file_ref idref="fl-55"/>
      </object_component>
      <object_component id="oc-3d7">
         <name>.data</name>
         <load_address>0x20006604</load_address>
         <run_address>0x20006604</run_address>
         <size>0xc</size>
         <input_file_ref idref="fl-57"/>
      </object_component>
      <object_component id="oc-23c">
         <name>.data:g_pui32CPUUsageTimerPeriph</name>
         <load_address>0x20006510</load_address>
         <run_address>0x20006510</run_address>
         <size>0x18</size>
         <input_file_ref idref="fl-5b"/>
      </object_component>
      <object_component id="oc-236">
         <name>.data:g_pui32CPUUsageTimerBase</name>
         <load_address>0x200064f8</load_address>
         <run_address>0x200064f8</run_address>
         <size>0x18</size>
         <input_file_ref idref="fl-5b"/>
      </object_component>
      <object_component id="oc-131">
         <name>.data</name>
         <load_address>0x200065f8</load_address>
         <run_address>0x200065f8</run_address>
         <size>0xc</size>
         <input_file_ref idref="fl-5c"/>
      </object_component>
      <object_component id="oc-360">
         <name>.data:$O1$$</name>
         <load_address>0x200065bc</load_address>
         <run_address>0x200065bc</run_address>
         <size>0xc</size>
         <input_file_ref idref="fl-62"/>
      </object_component>
      <object_component id="oc-548">
         <name>.data</name>
         <load_address>0x20006650</load_address>
         <run_address>0x20006650</run_address>
         <size>0x4</size>
         <input_file_ref idref="fl-127"/>
      </object_component>
      <object_component id="oc-19d">
         <name>.bss:g_sI2CInst</name>
         <uninitialized>true</uninitialized>
         <run_address>0x20006134</run_address>
         <size>0x2c</size>
         <input_file_ref idref="fl-2"/>
      </object_component>
      <object_component id="oc-1ed">
         <name>.bss:pxReadyTasksLists</name>
[...]
         <value>0x172d3</value>
         <object_component_ref idref="oc-470"/>
      </symbol>
      <symbol id="sm-2100">
         <name>USBOTGMain</name>
         <value>0x1767f</value>
         <object_component_ref idref="oc-470"/>
      </symbol>
      <symbol id="sm-2101">
         <name>USB0OTGModeIntHandler</name>
         <value>0x1757d</value>
         <object_component_ref idref="oc-470"/>
      </symbol>
      <symbol id="sm-2102">
         <name>USBDualModeInit</name>
         <value>0x1731f</value>
         <object_component_ref idref="oc-470"/>
      </symbol>
      <symbol id="sm-2103">
         <name>USBDualModeTerm</name>
         <value>0x1739d</value>
         <object_component_ref idref="oc-470"/>
      </symbol>
      <symbol id="sm-2104">
         <name>g_iUSBMode</name>
         <value>0x2000661c</value>
         <object_component_ref idref="oc-3bc"/>
      </symbol>
      <symbol id="sm-2105">
         <name>USBOTGModeInit</name>
         <value>0x17427</value>
         <object_component_ref idref="oc-470"/>
      </symbol>
      <symbol id="sm-2106">
         <name>USBStackModeSet</name>
         <value>0x17289</value>
         <object_component_ref idref="oc-470"/>
      </symbol>
      <symbol id="sm-2107">
         <name>g_ui32WaitTicks</name>
         <value>0x20006620</value>
         <object_component_ref idref="oc-3bc"/>
      </symbol>
      <symbol id="sm-2108">
         <name>USBOTGPollRate</name>
         <value>0x1754d</value>
         <object_component_ref idref="oc-470"/>
      </symbol>
      <symbol id="sm-2109">
         <name>OTGDeviceDisconnect</name>
         <value>0x17665</value>
         <object_component_ref idref="oc-470"/>
      </symbol>
      <symbol id="sm-210a">
         <name>USBOTGFeatureSet</name>
         <value>0x1771d</value>
         <object_component_ref idref="oc-470"/>
      </symbol>
      <symbol id="sm-2161">
         <name>USBRingBufWrite</name>
         <value>0x17fcf</value>
         <object_component_ref idref="oc-5d7"/>
      </symbol>
      <symbol id="sm-2162">
         <name>USBRingBufContigUsed</name>
         <value>0x17d51</value>
         <object_component_ref idref="oc-5d7"/>
      </symbol>
      <symbol id="sm-2163">
         <name>USBRingBufFlush</name>
         <value>0x17cc7</value>
         <object_component_ref idref="oc-5d7"/>
      </symbol>
      <symbol id="sm-2164">
         <name>USBRingBufAdvanceWrite</name>
         <value>0x17ef9</value>
         <object_component_ref idref="oc-5d7"/>
      </symbol>
      <symbol id="sm-2165">
         <name>USBRingBufWriteOne</name>
         <value>0x17f89</value>
         <object_component_ref idref="oc-5d7"/>
      </symbol>
      <symbol id="sm-2166">
         <name>USBRingBufUsed</name>
         <value>0x17cf3</value>
         <object_component_ref idref="oc-5d7"/>
      </symbol>
      <symbol id="sm-2167">
         <name>USBRingBufFree</name>
         <value>0x17d2d</value>
         <object_component_ref idref="oc-5d7"/>
      </symbol>
      <symbol id="sm-2168">
         <name>USBRingBufAdvanceRead</name>
         <value>0x17ea3</value>
         <object_component_ref idref="oc-5d7"/>
      </symbol>
      <symbol id="sm-2169">
         <name>USBRingBufFull</name>
         <value>0x17c53</value>
         <object_component_ref idref="oc-5d7"/>
      </symbol>
      <symbol id="sm-216a">
         <name>USBRingBufReadOne</name>
         <value>0x17de7</value>
         <object_component_ref idref="oc-5d7"/>
      </symbol>
      <symbol id="sm-216b">
         <name>USBRingBufEmpty</name>
         <value>0x17c95</value>
         <object_component_ref idref="oc-5d7"/>
      </symbol>
      <symbol id="sm-216c">
         <name>USBRingBufSize</name>
         <value>0x17dcf</value>
         <object_component_ref idref="oc-5d7"/>
      </symbol>
      <symbol id="sm-216d">
         <name>USBRingBufInit</name>
         <value>0x18045</value>
         <object_component_ref idref="oc-5d7"/>
      </symbol>
      <symbol id="sm-216e">
         <name>USBRingBufRead</name>
         <value>0x17e2d</value>
         <object_component_ref idref="oc-5d7"/>
      </symbol>
      <symbol id="sm-216f">
         <name>USBRingBufContigFree</name>
         <value>0x17d89</value>
         <object_component_ref idref="oc-5d7"/>
      </symbol>
      <symbol id="sm-2198">
         <name>g_pfnTickHandlers</name>
         <value>0x200061d4</value>
      </symbol>
      <symbol id="sm-2199">
         <name>g_pvTickInstance</name>
         <value>0x200061ec</value>
      </symbol>
      <symbol id="sm-219a">
         <name>g_ui32USBSOFCount</name>
         <value>0x2000660c</value>
         <object_component_ref idref="oc-3d7"/>
      </symbol>
      <symbol id="sm-219b">
         <name>InternalUSBTickReset</name>
         <value>0x1be93</value>
         <object_component_ref idref="oc-3b2"/>
      </symbol>
      <symbol id="sm-219c">
         <name>g_bUSBTimerInitialized</name>
         <value>0x20006604</value>
         <object_component_ref idref="oc-3d7"/>
      </symbol>
      <symbol id="sm-219d">
         <name>g_ui32CurrentUSBTick</name>
         <value>0x20006608</value>
         <object_component_ref idref="oc-3d7"/>
      </symbol>
      <symbol id="sm-219e">
         <name>InternalUSBStartOfFrameTick</name>
         <value>0x1beeb</value>
         <object_component_ref idref="oc-3b2"/>
      </symbol>
      <symbol id="sm-219f">
         <name>InternalUSBRegisterTickHandler</name>
         <value>0x1be9b</value>
         <object_component_ref idref="oc-3b2"/>
      </symbol>
      <symbol id="sm-21a0">
         <name>InternalUSBTickInit</name>
         <value>0x1be55</value>
         <object_component_ref idref="oc-3b2"/>
      </symbol>
      <symbol id="sm-21ad">
         <name>ULPIPowerTransceiver</name>
         <value>0x1c18f</value>
         <object_component_ref idref="oc-3a6"/>
      </symbol>
      <symbol id="sm-21ae">
         <name>ULPIConfigSet</name>
         <value>0x1c0ed</value>
         <object_component_ref idref="oc-3a6"/>
      </symbol>
      <symbol id="sm-21c8">
         <name>GetOverflowCounts</name>
         <value>0x1cc6d</value>
         <object_component_ref idref="oc-205"/>
      </symbol>
      <symbol id="sm-21c9">
         <name>vConfigureTimerForRunTimeStats</name>
         <value>0x1c6a5</value>
         <object_component_ref idref="oc-1f9"/>
      </symbol>
      <symbol id="sm-21e9">
         <name>CmdLineProcess</name>
         <value>0x1c269</value>
         <object_component_ref idref="oc-18b"/>
      </symbol>
      <symbol id="sm-2219">
         <name>CPUUsageInit</name>
         <value>0x1b92f</value>
         <object_component_ref idref="oc-b8"/>
      </symbol>
      <symbol id="sm-221a">
         <name>CPUUsageTick</name>
         <value>0x1b8f1</value>
         <object_component_ref idref="oc-b8"/>
      </symbol>
      <symbol id="sm-2324">
         <name>UARTTxBytesFree</name>
         <value>0x13b7f</value>
         <object_component_ref idref="oc-3e"/>
      </symbol>
      <symbol id="sm-2325">
         <name>UARTFlushRx</name>
         <value>0x13b8b</value>
         <object_component_ref idref="oc-3e"/>
      </symbol>
      <symbol id="sm-2326">
         <name>UARTgetc</name>
         <value>0x13815</value>
         <object_component_ref idref="oc-3e"/>
      </symbol>
      <symbol id="sm-2327">
         <name>UARTgets</name>
         <value>0x133b5</value>
         <object_component_ref idref="oc-3e"/>
      </symbol>
      <symbol id="sm-2328">
         <name>UARTFlushTx</name>
         <value>0x13b99</value>
         <object_component_ref idref="oc-3e"/>
      </symbol>
      <symbol id="sm-2329">
         <name>UARTStdioConfig</name>
         <value>0x131bf</value>
         <object_component_ref idref="oc-3e"/>
      </symbol>
      <symbol id="sm-232a">
         <name>UARTStdioIntHandler</name>
         <value>0x13be7</value>
         <object_component_ref idref="oc-3e"/>
      </symbol>
      <symbol id="sm-232b">
         <name>UARTRxBytesAvail</name>
         <value>0x13b73</value>
         <object_component_ref idref="oc-3e"/>
      </symbol>
      <symbol id="sm-232c">
         <name>UARTwrite</name>
         <value>0x132eb</value>
         <object_component_ref idref="oc-3e"/>
      </symbol>
      <symbol id="sm-232d">
         <name>UARTEchoSet</name>
         <value>0x13bbf</value>
         <object_component_ref idref="oc-3e"/>
      </symbol>
      <symbol id="sm-232e">
         <name>UARTprintf</name>
         <value>0x13b4f</value>
         <object_component_ref idref="oc-3e"/>
      </symbol>
      <symbol id="sm-232f">
         <name>UARTvprintf</name>
         <value>0x1383d</value>
         <object_component_ref idref="oc-3e"/>
      </symbol>
      <symbol id="sm-2356">
         <name>g_internalAddress</name>
         <value>0x200065bc</value>
         <object_component_ref idref="oc-360"/>
      </symbol>
      <symbol id="sm-2357">
         <name>ACMEsim_I2C1SlaveIntHandler</name>
         <value>0x1ad63</value>
         <object_component_ref idref="oc-184"/>
      </symbol>
      <symbol id="sm-2358">
         <name>ACMEsim_SlaveEnable</name>
         <value>0x1aca5</value>
         <object_component_ref idref="oc-184"/>
      </symbol>
      <symbol id="sm-2359">
         <name>ACMEsim_InitSlave</name>
         <value>0x1acc7</value>
         <object_component_ref idref="oc-184"/>
      </symbol>
      <symbol id="sm-235a">
         <name>ACMEsim_SlaveDisable</name>
         <value>0x1acab</value>
         <object_component_ref idref="oc-184"/>
      </symbol>
      <symbol id="sm-235b">
         <name>g_internalData</name>
         <value>0x200065c0</value>
         <object_component_ref idref="oc-360"/>
      </symbol>
      <symbol id="sm-2382">
         <name>sprintf</name>
         <value>0x1ca3d</value>
         <object_component_ref idref="oc-169"/>
      </symbol>
      <symbol id="sm-238c">
         <name>__aeabi_f2ulz</name>
         <value>0x1c8d5</value>
         <object_component_ref idref="oc-2c2"/>
      </symbol>
      <symbol id="sm-23a7">
         <name>memcpy</name>
         <value>0x1c315</value>
         <object_component_ref idref="oc-64"/>
      </symbol>
      <symbol id="sm-23a8">
         <name>__aeabi_memcpy</name>
         <value>0x1c315</value>
         <object_component_ref idref="oc-64"/>
      </symbol>
      <symbol id="sm-23a9">
         <name>__aeabi_memcpy8</name>
         <value>0x1c315</value>
         <object_component_ref idref="oc-64"/>
      </symbol>
      <symbol id="sm-23aa">
         <name>__aeabi_memcpy4</name>
         <value>0x1c315</value>
         <object_component_ref idref="oc-64"/>
      </symbol>
      <symbol id="sm-23b9">
         <name>__aeabi_memset</name>
         <value>0x1c555</value>
         <object_component_ref idref="oc-1c5"/>
      </symbol>
      <symbol id="sm-23ba">
         <name>memset</name>
         <value>0x1c55b</value>
         <object_component_ref idref="oc-1c5"/>
      </symbol>
      <symbol id="sm-23bb">
         <name>__aeabi_memset8</name>
         <value>0x1c555</value>
         <object_component_ref idref="oc-1c5"/>
      </symbol>
      <symbol id="sm-23bc">
         <name>__aeabi_memset4</name>
         <value>0x1c555</value>
         <object_component_ref idref="oc-1c5"/>
      </symbol>
      <symbol id="sm-23bd">
         <name>__aeabi_memclr8</name>
         <value>0x1c553</value>
         <object_component_ref idref="oc-1c5"/>
      </symbol>
      <symbol id="sm-23be">
         <name>__aeabi_memclr4</name>
         <value>0x1c553</value>
         <object_component_ref idref="oc-1c5"/>
      </symbol>
      <symbol id="sm-23bf">
         <name>__aeabi_memclr</name>
         <value>0x1c553</value>
         <object_component_ref idref="oc-1c5"/>
      </symbol>
      <symbol id="sm-23ce">
         <name>__aeabi_uidivmod</name>
         <value>0x1c9fd</value>
         <object_component_ref idref="oc-13a"/>
      </symbol>
      <symbol id="sm-23cf">
         <name>__aeabi_uidiv</name>
         <value>0x1c9fd</value>
         <object_component_ref idref="oc-13a"/>
      </symbol>
      <symbol id="sm-23e1">
         <name>__TI_zero_init</name>
         <value>0x1cd91</value>
         <object_component_ref idref="oc-76"/>
      </symbol>
      <symbol id="sm-23f8">
         <name>__TI_decompress_none</name>
         <value>0x1cd83</value>
         <object_component_ref idref="oc-1b"/>
      </symbol>
      <symbol id="sm-241b">
         <name>__TI_decompress_lzss</name>
         <value>0x1c70d</value>
         <object_component_ref idref="oc-15"/>
      </symbol>
      <symbol id="sm-242a">
         <name>strcmp</name>
         <value>0x1cd1b</value>
         <object_component_ref idref="oc-363"/>
      </symbol>
      <symbol id="sm-2438">
         <name>strcpy</name>
         <value>0x1cd49</value>
         <object_component_ref idref="oc-212"/>
      </symbol>
      <symbol id="sm-2446">
         <name>strlen</name>
         <value>0x1cd5d</value>
         <object_component_ref idref="oc-185"/>
      </symbol>
      <symbol id="sm-2456">
         <name>strncmp</name>
         <value>0x1cc3f</value>
         <object_component_ref idref="oc-16f"/>
      </symbol>
      <symbol id="sm-24a8">
         <name>strtof</name>
         <value>0x18d05</value>
         <object_component_ref idref="oc-178"/>
      </symbol>
      <symbol id="sm-24c8">
         <name>strtoul</name>
         <value>0x1bc49</value>
         <object_component_ref idref="oc-17e"/>
      </symbol>
      <symbol id="sm-24db">
         <name>__stack</name>
         <value>0x20006658</value>
         <object_component_ref idref="oc-24"/>
      </symbol>
      <symbol id="sm-24dc">
         <name>_c_int00_noargs</name>
         <value>0x1cbdd</value>
         <object_component_ref idref="oc-82"/>
      </symbol>
      <symbol id="sm-24f2">
         <name>__aeabi_errno_addr</name>
         <value>0x1cda9</value>
         <object_component_ref idref="oc-349"/>
      </symbol>
      <symbol id="sm-24f3">
         <name>errno</name>
         <value>0x20006650</value>
         <object_component_ref idref="oc-548"/>
      </symbol>
      <symbol id="sm-251a">
         <name>scalbnf</name>
         <value>0x1c01d</value>
         <object_component_ref idref="oc-34f"/>
      </symbol>
      <symbol id="sm-251b">
         <name>ldexpf</name>
         <value>0x1c01d</value>
         <object_component_ref idref="oc-34f"/>
      </symbol>
      <symbol id="sm-2680">
         <name>__TI_printfi</name>
         <value>0x147f9</value>
         <object_component_ref idref="oc-32b"/>
      </symbol>
      <symbol id="sm-268d">
         <name>copysignf</name>
         <value>0x1cd03</value>
         <object_component_ref idref="oc-54d"/>
      </symbol>
      <symbol id="sm-2697">
         <name>__aeabi_idiv0</name>
         <value>0x15247</value>
         <object_component_ref idref="oc-2eb"/>
      </symbol>
      <symbol id="sm-2698">
         <name>__aeabi_ldiv0</name>
         <value>0x15247</value>
         <object_component_ref idref="oc-2eb"/>
      </symbol>
      <symbol id="sm-26af">
         <name>__aeabi_dsub</name>
         <value>0x1b275</value>
         <object_component_ref idref="oc-65a"/>
      </symbol>
      <symbol id="sm-26b0">
         <name>__aeabi_dadd</name>
         <value>0x1b27f</value>
         <object_component_ref idref="oc-65a"/>
      </symbol>
      <symbol id="sm-26d2">
         <name>__aeabi_cdcmpeq</name>
         <value>0x1c447</value>
         <object_component_ref idref="oc-50d"/>
      </symbol>
      <symbol id="sm-26d3">
         <name>__aeabi_cdcmple</name>
         <value>0x1c447</value>
         <object_component_ref idref="oc-50d"/>
      </symbol>
      <symbol id="sm-26d4">
         <name>__aeabi_cdrcmple</name>
         <value>0x1c4cd</value>
         <object_component_ref idref="oc-645"/>
      </symbol>
      <symbol id="sm-26e8">
         <name>__aeabi_ddiv</name>
         <value>0x1b569</value>
         <object_component_ref idref="oc-640"/>
      </symbol>
      <symbol id="sm-26f3">
         <name>__aeabi_dmul</name>
         <value>0x1bd59</value>
         <object_component_ref idref="oc-63b"/>
      </symbol>
      <symbol id="sm-26fd">
         <name>__aeabi_d2iz</name>
         <value>0x1c971</value>
         <object_component_ref idref="oc-64a"/>
      </symbol>
      <symbol id="sm-2707">
         <name>__aeabi_i2d</name>
         <value>0x1cc11</value>
         <object_component_ref idref="oc-655"/>
      </symbol>
      <symbol id="sm-2714">
         <name>__aeabi_uldivmod</name>
         <value>0x1c3b1</value>
         <object_component_ref idref="oc-634"/>
      </symbol>
      <symbol id="sm-273c">
         <name>__TI_auto_init_nobinit_nopinit</name>
         <value>0x1c9b9</value>
         <object_component_ref idref="oc-3f7"/>
      </symbol>
      <symbol id="sm-2746">
         <name>_system_pre_init</name>
         <value>0x1cdb7</value>
         <object_component_ref idref="oc-1cb"/>
      </symbol>
      <symbol id="sm-2752">
         <name>C$$EXIT</name>
         <value>0x1cdbb</value>
         <object_component_ref idref="oc-3eb"/>
      </symbol>
      <symbol id="sm-2753">
         <name>abort</name>
         <value>0x1cdbb</value>
         <object_component_ref idref="oc-3eb"/>
      </symbol>
      <symbol id="sm-2763">
         <name>__TI_ltoa</name>
         <value>0x1c82f</value>
         <object_component_ref idref="oc-64f"/>
      </symbol>
      <symbol id="sm-277a">
         <name>atoi</name>
         <value>0x1c925</value>
         <object_component_ref idref="oc-501"/>
      </symbol>
      <symbol id="sm-2785">
         <name>_ctypes_</name>
         <value>0x1d390</value>
         <object_component_ref idref="oc-355"/>
      </symbol>
      <symbol id="sm-2795">
         <name>memccpy</name>
         <value>0x1ccb5</value>
         <object_component_ref idref="oc-52a"/>
      </symbol>
      <symbol id="sm-27a5">
         <name>strchr</name>
         <value>0x1cd33</value>
         <object_component_ref idref="oc-686"/>
      </symbol>
      <symbol id="sm-27be">
         <name>wcslen</name>
         <value>0x1cd71</value>
         <object_component_ref idref="oc-530"/>
      </symbol>
      <symbol id="sm-27d4">
         <name>frexpl</name>
         <value>0x1c775</value>
         <object_component_ref idref="oc-67a"/>
      </symbol>
      <symbol id="sm-27d5">
         <name>frexp</name>
         <value>0x1c775</value>
         <object_component_ref idref="oc-67a"/>
      </symbol>
      <symbol id="sm-27f2">
         <name>scalbn</name>
         <value>0x1bb39</value>
         <object_component_ref idref="oc-680"/>
      </symbol>
      <symbol id="sm-27f3">
         <name>scalbnl</name>
         <value>0x1bb39</value>
         <object_component_ref idref="oc-680"/>
      </symbol>
      <symbol id="sm-27f4">
         <name>ldexpl</name>
         <value>0x1bb39</value>
         <object_component_ref idref="oc-680"/>
      </symbol>
      <symbol id="sm-27f5">
         <name>ldexp</name>
         <value>0x1bb39</value>
         <object_component_ref idref="oc-680"/>
      </symbol>
      <symbol id="sm-27ff">
         <name>copysign</name>
         <value>0x1ccd1</value>
         <object_component_ref idref="oc-771"/>
      </symbol>
      <symbol id="sm-2800">
         <name>copysignl</name>
         <value>0x1ccd1</value>
         <object_component_ref idref="oc-771"/>
      </symbol>
      <symbol id="sm-2801">
         <name>__TI_static_base__</name>
         <value>0x0</value>
      </symbol>
      <symbol id="sm-2804">
         <name>__mpu_init</name>
         <value>0x0</value>
      </symbol>
      <symbol id="sm-2805">
         <name>_system_post_cinit</name>
         <value>0x0</value>
      </symbol>
   </symbol_table>
   <title>Link successful</title>
</link_info>
