<?xml version="1.0" encoding="ISO-8859-1" ?>
<link_info>
   <banner>TI ARM Linker PC v20.2.7.LTS</banner>
   <copyright>Copyright (c) 1996-2018 Texas Instruments Incorporated</copyright>
   <link_time>0x67046494</link_time>
   <link_errors>0x0</link_errors>
   <output_file>base-practica1-TIVA-2023-ADC.out</output_file>
   <entry_point>
      <name>_c_int00_noargs</name>
      <address>0x1ac11</address>
   </entry_point>
   <input_file_list>
      <input_file id="fl-2">
         <path>.\</path>
         <kind>object</kind>
         <file>commands.obj</file>
         <name>commands.obj</name>
      </input_file>
      <input_file id="fl-3">
         <path>.\</path>
         <kind>object</kind>
         <file>main.obj</file>
         <name>main.obj</name>
      </input_file>
      <input_file id="fl-4">
         <path>.\</path>
         <kind>object</kind>
         <file>startup_ccs.obj</file>
         <name>startup_ccs.obj</name>
      </input_file>
      <input_file id="fl-5">
         <path>.\FreeRTOS\Source\</path>
         <kind>object</kind>
         <file>croutine.obj</file>
         <name>croutine.obj</name>
      </input_file>
      <input_file id="fl-6">
         <path>.\FreeRTOS\Source\</path>
         <kind>object</kind>
         <file>event_groups.obj</file>
         <name>event_groups.obj</name>
      </input_file>
      <input_file id="fl-7">
         <path>.\FreeRTOS\Source\</path>
         <kind>object</kind>
         <file>list.obj</file>
         <name>list.obj</name>
      </input_file>
      <input_file id="fl-8">
         <path>.\FreeRTOS\Source\</path>
         <kind>object</kind>
         <file>queue.obj</file>
         <name>queue.obj</name>
      </input_file>
      <input_file id="fl-9">
         <path>.\FreeRTOS\Source\</path>
         <kind>object</kind>
         <file>stream_buffer.obj</file>
         <name>stream_buffer.obj</name>
      </input_file>
      <input_file id="fl-a">
         <path>.\FreeRTOS\Source\</path>
         <kind>object</kind>
         <file>tasks.obj</file>
         <name>tasks.obj</name>
      </input_file>
      <input_file id="fl-b">
         <path>.\FreeRTOS\Source\</path>
         <kind>object</kind>
         <file>timers.obj</file>
         <name>timers.obj</name>
      </input_file>
      <input_file id="fl-c">
         <path>.\FreeRTOS\Source\portable\CCS\ARM_CM4F\</path>
         <kind>object</kind>
         <file>port.obj</file>
         <name>port.obj</name>
      </input_file>
      <input_file id="fl-d">
         <path>.\FreeRTOS\Source\portable\CCS\ARM_CM4F\</path>
         <kind>object</kind>
         <file>portasm.obj</file>
         <name>portasm.obj</name>
      </input_file>
      <input_file id="fl-e">
         <path>.\FreeRTOS\Source\portable\MemMang\</path>
         <kind>object</kind>
         <file>heap_4.obj</file>
         <name>heap_4.obj</name>
      </input_file>
      <input_file id="fl-f">
         <path>.\driverlib\</path>
         <kind>object</kind>
         <file>adc.obj</file>
         <name>adc.obj</name>
      </input_file>
      <input_file id="fl-10">
         <path>.\driverlib\</path>
         <kind>object</kind>
         <file>aes.obj</file>
         <name>aes.obj</name>
      </input_file>
      <input_file id="fl-11">
         <path>.\driverlib\</path>
         <kind>object</kind>
         <file>can.obj</file>
         <name>can.obj</name>
      </input_file>
      <input_file id="fl-12">
         <path>.\driverlib\</path>
         <kind>object</kind>
         <file>comp.obj</file>
         <name>comp.obj</name>
      </input_file>
      <input_file id="fl-13">
         <path>.\driverlib\</path>
         <kind>object</kind>
         <file>cpu.obj</file>
         <name>cpu.obj</name>
      </input_file>
      <input_file id="fl-14">
         <path>.\driverlib\</path>
         <kind>object</kind>
         <file>crc.obj</file>
         <name>crc.obj</name>
      </input_file>
      <input_file id="fl-15">
         <path>.\driverlib\</path>
         <kind>object</kind>
         <file>des.obj</file>
         <name>des.obj</name>
      </input_file>
      <input_file id="fl-16">
         <path>.\driverlib\</path>
         <kind>object</kind>
         <file>eeprom.obj</file>
         <name>eeprom.obj</name>
      </input_file>
      <input_file id="fl-17">
         <path>.\driverlib\</path>
         <kind>object</kind>
         <file>emac.obj</file>
         <name>emac.obj</name>
      </input_file>
      <input_file id="fl-18">
         <path>.\driverlib\</path>
         <kind>object</kind>
         <file>epi.obj</file>
         <name>epi.obj</name>
      </input_file>
      <input_file id="fl-19">
         <path>.\driverlib\</path>
         <kind>object</kind>
         <file>epi_workaround_ccs.obj</file>
         <name>epi_workaround_ccs.obj</name>
      </input_file>
      <input_file id="fl-1a">
         <path>.\driverlib\</path>
         <kind>object</kind>
         <file>flash.obj</file>
         <name>flash.obj</name>
      </input_file>
      <input_file id="fl-1b">
         <path>.\driverlib\</path>
         <kind>object</kind>
         <file>fpu.obj</file>
         <name>fpu.obj</name>
      </input_file>
      <input_file id="fl-1c">
         <path>.\driverlib\</path>
         <kind>object</kind>
         <file>gpio.obj</file>
         <name>gpio.obj</name>
      </input_file>
      <input_file id="fl-1d">
         <path>.\driverlib\</path>
         <kind>object</kind>
         <file>hibernate.obj</file>
         <name>hibernate.obj</name>
      </input_file>
      <input_file id="fl-1e">
         <path>.\driverlib\</path>
         <kind>object</kind>
         <file>i2c.obj</file>
         <name>i2c.obj</name>
      </input_file>
      <input_file id="fl-1f">
         <path>.\driverlib\</path>
         <kind>object</kind>
         <file>interrupt.obj</file>
         <name>interrupt.obj</name>
      </input_file>
      <input_file id="fl-20">
         <path>.\driverlib\</path>
         <kind>object</kind>
         <file>lcd.obj</file>
         <name>lcd.obj</name>
      </input_file>
      <input_file id="fl-21">
         <path>.\driverlib\</path>
         <kind>object</kind>
         <file>mpu.obj</file>
         <name>mpu.obj</name>
      </input_file>
      <input_file id="fl-22">
         <path>.\driverlib\</path>
         <kind>object</kind>
         <file>onewire.obj</file>
         <name>onewire.obj</name>
      </input_file>
      <input_file id="fl-23">
         <path>.\driverlib\</path>
         <kind>object</kind>
         <file>pwm.obj</file>
         <name>pwm.obj</name>
      </input_file>
      <input_file id="fl-24">
         <path>.\driverlib\</path>
         <kind>object</kind>
         <file>qei.obj</file>
         <name>qei.obj</name>
      </input_file>
      <input_file id="fl-25">
         <path>.\driverlib\</path>
         <kind>object</kind>
         <file>shamd5.obj</file>
         <name>shamd5.obj</name>
      </input_file>
      <input_file id="fl-26">
         <path>.\driverlib\</path>
         <kind>object</kind>
         <file>ssi.obj</file>
         <name>ssi.obj</name>
      </input_file>
      <input_file id="fl-27">
         <path>.\driverlib\</path>
         <kind>object</kind>
         <file>sw_crc.obj</file>
         <name>sw_crc.obj</name>
      </input_file>
      <input_file id="fl-28">
         <path>.\driverlib\</path>
         <kind>object</kind>
         <file>sysctl.obj</file>
         <name>sysctl.obj</name>
      </input_file>
      <input_file id="fl-29">
         <path>.\driverlib\</path>
         <kind>object</kind>
         <file>sysexc.obj</file>
         <name>sysexc.obj</name>
      </input_file>
      <input_file id="fl-2a">
         <path>.\driverlib\</path>
         <kind>object</kind>
         <file>systick.obj</file>
         <name>systick.obj</name>
      </input_file>
      <input_file id="fl-2b">
         <path>.\driverlib\</path>
         <kind>object</kind>
         <file>timer.obj</file>
         <name>timer.obj</name>
      </input_file>
      <input_file id="fl-2c">
         <path>.\driverlib\</path>
         <kind>object</kind>
         <file>uart.obj</file>
         <name>uart.obj</name>
      </input_file>
      <input_file id="fl-2d">
         <path>.\driverlib\</path>
         <kind>object</kind>
         <file>udma.obj</file>
         <name>udma.obj</name>
      </input_file>
      <input_file id="fl-2e">
         <path>.\driverlib\</path>
         <kind>object</kind>
         <file>usb.obj</file>
         <name>usb.obj</name>
      </input_file>
      <input_file id="fl-2f">
         <path>.\driverlib\</path>
         <kind>object</kind>
         <file>watchdog.obj</file>
         <name>watchdog.obj</name>
      </input_file>
      <input_file id="fl-30">
         <path>.\drivers\</path>
         <kind>object</kind>
         <file>ACME_3416.obj</file>
         <name>ACME_3416.obj</name>
      </input_file>
      <input_file id="fl-31">
         <path>.\drivers\</path>
         <kind>object</kind>
         <file>BMI160.obj</file>
         <name>BMI160.obj</name>
      </input_file>
      <input_file id="fl-32">
         <path>.\drivers\</path>
         <kind>object</kind>
         <file>buttons.obj</file>
         <name>buttons.obj</name>
      </input_file>
      <input_file id="fl-33">
         <path>.\drivers\</path>
         <kind>object</kind>
         <file>configADC.obj</file>
         <name>configADC.obj</name>
      </input_file>
      <input_file id="fl-34">
         <path>.\drivers\</path>
         <kind>object</kind>
         <file>i2cm_drv.obj</file>
         <name>i2cm_drv.obj</name>
      </input_file>
      <input_file id="fl-35">
         <path>.\drivers\</path>
         <kind>object</kind>
         <file>rgb.obj</file>
         <name>rgb.obj</name>
      </input_file>
      <input_file id="fl-36">
         <path>.\remotelink\</path>
         <kind>object</kind>
         <file>crc.obj</file>
         <name>crc.obj</name>
      </input_file>
      <input_file id="fl-37">
         <path>.\remotelink\</path>
         <kind>object</kind>
         <file>remotelink.obj</file>
         <name>remotelink.obj</name>
      </input_file>
      <input_file id="fl-38">
         <path>.\remotelink\</path>
         <kind>object</kind>
         <file>serialprotocol.obj</file>
         <name>serialprotocol.obj</name>
      </input_file>
      <input_file id="fl-39">
         <path>.\remotelink\</path>
         <kind>object</kind>
         <file>usb_dev_serial.obj</file>
         <name>usb_dev_serial.obj</name>
      </input_file>
      <input_file id="fl-3a">
         <path>.\remotelink\</path>
         <kind>object</kind>
         <file>usb_serial_structs.obj</file>
         <name>usb_serial_structs.obj</name>
      </input_file>
      <input_file id="fl-3b">
         <path>.\usblib\device\</path>
         <kind>object</kind>
         <file>usbdaudio.obj</file>
         <name>usbdaudio.obj</name>
      </input_file>
      <input_file id="fl-3c">
         <path>.\usblib\device\</path>
         <kind>object</kind>
         <file>usbdbulk.obj</file>
         <name>usbdbulk.obj</name>
      </input_file>
      <input_file id="fl-3d">
         <path>.\usblib\device\</path>
         <kind>object</kind>
         <file>usbdcdc.obj</file>
         <name>usbdcdc.obj</name>
      </input_file>
      <input_file id="fl-3e">
         <path>.\usblib\device\</path>
         <kind>object</kind>
         <file>usbdcdesc.obj</file>
         <name>usbdcdesc.obj</name>
      </input_file>
      <input_file id="fl-3f">
         <path>.\usblib\device\</path>
         <kind>object</kind>
         <file>usbdcomp.obj</file>
         <name>usbdcomp.obj</name>
      </input_file>
      <input_file id="fl-40">
         <path>.\usblib\device\</path>
         <kind>object</kind>
         <file>usbdconfig.obj</file>
         <name>usbdconfig.obj</name>
      </input_file>
      <input_file id="fl-41">
         <path>.\usblib\device\</path>
         <kind>object</kind>
         <file>usbddfu-rt.obj</file>
         <name>usbddfu-rt.obj</name>
      </input_file>
      <input_file id="fl-42">
         <path>.\usblib\device\</path>
         <kind>object</kind>
         <file>usbdenum.obj</file>
         <name>usbdenum.obj</name>
      </input_file>
      <input_file id="fl-43">
         <path>.\usblib\device\</path>
         <kind>object</kind>
         <file>usbdhandler.obj</file>
         <name>usbdhandler.obj</name>
      </input_file>
      <input_file id="fl-44">
         <path>.\usblib\device\</path>
         <kind>object</kind>
         <file>usbdhid.obj</file>
         <name>usbdhid.obj</name>
      </input_file>
      <input_file id="fl-45">
         <path>.\usblib\device\</path>
         <kind>object</kind>
         <file>usbdhidgamepad.obj</file>
         <name>usbdhidgamepad.obj</name>
      </input_file>
      <input_file id="fl-46">
         <path>.\usblib\device\</path>
         <kind>object</kind>
         <file>usbdhidkeyb.obj</file>
         <name>usbdhidkeyb.obj</name>
      </input_file>
      <input_file id="fl-47">
         <path>.\usblib\device\</path>
         <kind>object</kind>
         <file>usbdhidmouse.obj</file>
         <name>usbdhidmouse.obj</name>
      </input_file>
      <input_file id="fl-48">
         <path>.\usblib\device\</path>
         <kind>object</kind>
         <file>usbdmsc.obj</file>
         <name>usbdmsc.obj</name>
      </input_file>
      <input_file id="fl-49">
         <path>.\usblib\host\</path>
         <kind>object</kind>
         <file>usbhaudio.obj</file>
         <name>usbhaudio.obj</name>
      </input_file>
      <input_file id="fl-4a">
         <path>.\usblib\host\</path>
         <kind>object</kind>
         <file>usbhhid.obj</file>
         <name>usbhhid.obj</name>
      </input_file>
      <input_file id="fl-4b">
         <path>.\usblib\host\</path>
         <kind>object</kind>
         <file>usbhhidkeyboard.obj</file>
         <name>usbhhidkeyboard.obj</name>
      </input_file>
      <input_file id="fl-4c">
         <path>.\usblib\host\</path>
         <kind>object</kind>
         <file>usbhhidmouse.obj</file>
         <name>usbhhidmouse.obj</name>
      </input_file>
      <input_file id="fl-4d">
         <path>.\usblib\host\</path>
         <kind>object</kind>
         <file>usbhhub.obj</file>
         <name>usbhhub.obj</name>
      </input_file>
      <input_file id="fl-4e">
         <path>.\usblib\host\</path>
         <kind>object</kind>
         <file>usbhmsc.obj</file>
         <name>usbhmsc.obj</name>
      </input_file>
      <input_file id="fl-4f">
         <path>.\usblib\host\</path>
         <kind>object</kind>
         <file>usbhostenum.obj</file>
         <name>usbhostenum.obj</name>
      </input_file>
      <input_file id="fl-50">
         <path>.\usblib\host\</path>
         <kind>object</kind>
         <file>usbhscsi.obj</file>
         <name>usbhscsi.obj</name>
      </input_file>
      <input_file id="fl-51">
         <path>.\usblib\</path>
         <kind>object</kind>
         <file>usbbuffer.obj</file>
         <name>usbbuffer.obj</name>
      </input_file>
      <input_file id="fl-52">
         <path>.\usblib\</path>
         <kind>object</kind>
         <file>usbdesc.obj</file>
         <name>usbdesc.obj</name>
      </input_file>
      <input_file id="fl-53">
         <path>.\usblib\</path>
         <kind>object</kind>
         <file>usbdma.obj</file>
         <name>usbdma.obj</name>
      </input_file>
      <input_file id="fl-54">
         <path>.\usblib\</path>
         <kind>object</kind>
         <file>usbkeyboardmap.obj</file>
         <name>usbkeyboardmap.obj</name>
      </input_file>
      <input_file id="fl-55">
         <path>.\usblib\</path>
         <kind>object</kind>
         <file>usbmode.obj</file>
         <name>usbmode.obj</name>
      </input_file>
      <input_file id="fl-56">
         <path>.\usblib\</path>
         <kind>object</kind>
         <file>usbringbuf.obj</file>
         <name>usbringbuf.obj</name>
      </input_file>
      <input_file id="fl-57">
         <path>.\usblib\</path>
         <kind>object</kind>
         <file>usbtick.obj</file>
         <name>usbtick.obj</name>
      </input_file>
      <input_file id="fl-58">
         <path>.\usblib\</path>
         <kind>object</kind>
         <file>usbulpi.obj</file>
         <name>usbulpi.obj</name>
      </input_file>
      <input_file id="fl-59">
         <path>.\utils\</path>
         <kind>object</kind>
         <file>RunTimeStatsConfig.obj</file>
         <name>RunTimeStatsConfig.obj</name>
      </input_file>
      <input_file id="fl-5a">
         <path>.\utils\</path>
         <kind>object</kind>
         <file>cmdline.obj</file>
         <name>cmdline.obj</name>
      </input_file>
      <input_file id="fl-5b">
         <path>.\utils\</path>
         <kind>object</kind>
         <file>cpu_usage.obj</file>
         <name>cpu_usage.obj</name>
      </input_file>
      <input_file id="fl-5c">
         <path>.\utils\</path>
         <kind>object</kind>
         <file>uartstdio.obj</file>
         <name>uartstdio.obj</name>
      </input_file>
      <input_file id="fl-60">
         <kind>object</kind>
         <file>&lt;internal&gt;</file>
         <name>&lt;internal&gt;</name>
      </input_file>
      <input_file id="fl-116">
         <path>C:\ti\ccs1220\ccs\tools\compiler\ti-cgt-arm_20.2.7.LTS\lib\</path>
         <kind>archive</kind>
         <file>rtsv7M4_T_le_v4SPD16_eabi.lib</file>
         <name>sprintf.c.obj</name>
      </input_file>
      <input_file id="fl-117">
         <path>C:\ti\ccs1220\ccs\tools\compiler\ti-cgt-arm_20.2.7.LTS\lib\</path>
         <kind>archive</kind>
         <file>rtsv7M4_T_le_v4SPD16_eabi.lib</file>
         <name>fs_toull_t2.asm.obj</name>
      </input_file>
      <input_file id="fl-118">
         <path>C:\ti\ccs1220\ccs\tools\compiler\ti-cgt-arm_20.2.7.LTS\lib\</path>
         <kind>archive</kind>
         <file>rtsv7M4_T_le_v4SPD16_eabi.lib</file>
         <name>memcpy_t2.asm.obj</name>
      </input_file>
      <input_file id="fl-119">
         <path>C:\ti\ccs1220\ccs\tools\compiler\ti-cgt-arm_20.2.7.LTS\lib\</path>
         <kind>archive</kind>
         <file>rtsv7M4_T_le_v4SPD16_eabi.lib</file>
         <name>memset_t2.asm.obj</name>
      </input_file>
      <input_file id="fl-11a">
         <path>C:\ti\ccs1220\ccs\tools\compiler\ti-cgt-arm_20.2.7.LTS\lib\</path>
         <kind>archive</kind>
         <file>rtsv7M4_T_le_v4SPD16_eabi.lib</file>
         <name>u_divt2.asm.obj</name>
      </input_file>
      <input_file id="fl-11b">
         <path>C:\ti\ccs1220\ccs\tools\compiler\ti-cgt-arm_20.2.7.LTS\lib\</path>
         <kind>archive</kind>
         <file>rtsv7M4_T_le_v4SPD16_eabi.lib</file>
         <name>copy_zero_init.c.obj</name>
      </input_file>
      <input_file id="fl-11c">
         <path>C:\ti\ccs1220\ccs\tools\compiler\ti-cgt-arm_20.2.7.LTS\lib\</path>
         <kind>archive</kind>
         <file>rtsv7M4_T_le_v4SPD16_eabi.lib</file>
         <name>copy_decompress_none.c.obj</name>
      </input_file>
      <input_file id="fl-11d">
         <path>C:\ti\ccs1220\ccs\tools\compiler\ti-cgt-arm_20.2.7.LTS\lib\</path>
         <kind>archive</kind>
         <file>rtsv7M4_T_le_v4SPD16_eabi.lib</file>
         <name>copy_decompress_lzss.c.obj</name>
      </input_file>
      <input_file id="fl-11e">
         <path>C:\ti\ccs1220\ccs\tools\compiler\ti-cgt-arm_20.2.7.LTS\lib\</path>
         <kind>archive</kind>
         <file>rtsv7M4_T_le_v4SPD16_eabi.lib</file>
         <name>strcmp.c.obj</name>
      </input_file>
      <input_file id="fl-11f">
         <path>C:\ti\ccs1220\ccs\tools\compiler\ti-cgt-arm_20.2.7.LTS\lib\</path>
         <kind>archive</kind>
         <file>rtsv7M4_T_le_v4SPD16_eabi.lib</file>
         <name>strcpy.c.obj</name>
      </input_file>
      <input_file id="fl-120">
         <path>C:\ti\ccs1220\ccs\tools\compiler\ti-cgt-arm_20.2.7.LTS\lib\</path>
         <kind>archive</kind>
         <file>rtsv7M4_T_le_v4SPD16_eabi.lib</file>
         <name>strlen.c.obj</name>
      </input_file>
      <input_file id="fl-121">
         <path>C:\ti\ccs1220\ccs\tools\compiler\ti-cgt-arm_20.2.7.LTS\lib\</path>
         <kind>archive</kind>
         <file>rtsv7M4_T_le_v4SPD16_eabi.lib</file>
         <name>strncmp.c.obj</name>
      </input_file>
      <input_file id="fl-122">
         <path>C:\ti\ccs1220\ccs\tools\compiler\ti-cgt-arm_20.2.7.LTS\lib\</path>
         <kind>archive</kind>
         <file>rtsv7M4_T_le_v4SPD16_eabi.lib</file>
         <name>strtof.c.obj</name>
      </input_file>
      <input_file id="fl-123">
         <path>C:\ti\ccs1220\ccs\tools\compiler\ti-cgt-arm_20.2.7.LTS\lib\</path>
         <kind>archive</kind>
         <file>rtsv7M4_T_le_v4SPD16_eabi.lib</file>
         <name>strtoul.c.obj</name>
      </input_file>
      <input_file id="fl-124">
         <path>C:\ti\ccs1220\ccs\tools\compiler\ti-cgt-arm_20.2.7.LTS\lib\</path>
         <kind>archive</kind>
         <file>rtsv7M4_T_le_v4SPD16_eabi.lib</file>
         <name>boot_cortex_m.c.obj</name>
      </input_file>
      <input_file id="fl-125">
         <path>C:\ti\ccs1220\ccs\tools\compiler\ti-cgt-arm_20.2.7.LTS\lib\</path>
         <kind>archive</kind>
         <file>rtsv7M4_T_le_v4SPD16_eabi.lib</file>
         <name>errno.c.obj</name>
      </input_file>
      <input_file id="fl-126">
         <path>C:\ti\ccs1220\ccs\tools\compiler\ti-cgt-arm_20.2.7.LTS\lib\</path>
         <kind>archive</kind>
         <file>rtsv7M4_T_le_v4SPD16_eabi.lib</file>
         <name>s_scalbnf.c.obj</name>
      </input_file>
      <input_file id="fl-127">
         <path>C:\ti\ccs1220\ccs\tools\compiler\ti-cgt-arm_20.2.7.LTS\lib\</path>
         <kind>archive</kind>
         <file>rtsv7M4_T_le_v4SPD16_eabi.lib</file>
         <name>_printfi.c.obj</name>
      </input_file>
      <input_file id="fl-128">
         <path>C:\ti\ccs1220\ccs\tools\compiler\ti-cgt-arm_20.2.7.LTS\lib\</path>
         <kind>archive</kind>
         <file>rtsv7M4_T_le_v4SPD16_eabi.lib</file>
         <name>s_copysignf.c.obj</name>
      </input_file>
      <input_file id="fl-129">
         <path>C:\ti\ccs1220\ccs\tools\compiler\ti-cgt-arm_20.2.7.LTS\lib\</path>
         <kind>archive</kind>
         <file>rtsv7M4_T_le_v4SPD16_eabi.lib</file>
         <name>div0.asm.obj</name>
      </input_file>
      <input_file id="fl-12a">
         <path>C:\ti\ccs1220\ccs\tools\compiler\ti-cgt-arm_20.2.7.LTS\lib\</path>
         <kind>archive</kind>
         <file>rtsv7M4_T_le_v4SPD16_eabi.lib</file>
         <name>fd_add_t2.asm.obj</name>
      </input_file>
      <input_file id="fl-12b">
         <path>C:\ti\ccs1220\ccs\tools\compiler\ti-cgt-arm_20.2.7.LTS\lib\</path>
         <kind>archive</kind>
         <file>rtsv7M4_T_le_v4SPD16_eabi.lib</file>
         <name>fd_cmp_t2.asm.obj</name>
      </input_file>
      <input_file id="fl-12c">
         <path>C:\ti\ccs1220\ccs\tools\compiler\ti-cgt-arm_20.2.7.LTS\lib\</path>
         <kind>archive</kind>
         <file>rtsv7M4_T_le_v4SPD16_eabi.lib</file>
         <name>fd_div_t2.asm.obj</name>
      </input_file>
      <input_file id="fl-12d">
         <path>C:\ti\ccs1220\ccs\tools\compiler\ti-cgt-arm_20.2.7.LTS\lib\</path>
         <kind>archive</kind>
         <file>rtsv7M4_T_le_v4SPD16_eabi.lib</file>
         <name>fd_mul_t2.asm.obj</name>
      </input_file>
      <input_file id="fl-12e">
         <path>C:\ti\ccs1220\ccs\tools\compiler\ti-cgt-arm_20.2.7.LTS\lib\</path>
         <kind>archive</kind>
         <file>rtsv7M4_T_le_v4SPD16_eabi.lib</file>
         <name>fd_toi_t2.asm.obj</name>
      </input_file>
      <input_file id="fl-12f">
         <path>C:\ti\ccs1220\ccs\tools\compiler\ti-cgt-arm_20.2.7.LTS\lib\</path>
         <kind>archive</kind>
         <file>rtsv7M4_T_le_v4SPD16_eabi.lib</file>
         <name>i_tofd_t2.asm.obj</name>
      </input_file>
      <input_file id="fl-130">
         <path>C:\ti\ccs1220\ccs\tools\compiler\ti-cgt-arm_20.2.7.LTS\lib\</path>
         <kind>archive</kind>
         <file>rtsv7M4_T_le_v4SPD16_eabi.lib</file>
         <name>ull_div_t2.asm.obj</name>
      </input_file>
      <input_file id="fl-131">
         <path>C:\ti\ccs1220\ccs\tools\compiler\ti-cgt-arm_20.2.7.LTS\lib\</path>
         <kind>archive</kind>
         <file>rtsv7M4_T_le_v4SPD16_eabi.lib</file>
         <name>autoinit.c.obj</name>
      </input_file>
      <input_file id="fl-132">
         <path>C:\ti\ccs1220\ccs\tools\compiler\ti-cgt-arm_20.2.7.LTS\lib\</path>
         <kind>archive</kind>
         <file>rtsv7M4_T_le_v4SPD16_eabi.lib</file>
         <name>pre_init.c.obj</name>
      </input_file>
      <input_file id="fl-133">
         <path>C:\ti\ccs1220\ccs\tools\compiler\ti-cgt-arm_20.2.7.LTS\lib\</path>
         <kind>archive</kind>
         <file>rtsv7M4_T_le_v4SPD16_eabi.lib</file>
         <name>cpy_tbl.c.obj</name>
      </input_file>
      <input_file id="fl-134">
         <path>C:\ti\ccs1220\ccs\tools\compiler\ti-cgt-arm_20.2.7.LTS\lib\</path>
         <kind>archive</kind>
         <file>rtsv7M4_T_le_v4SPD16_eabi.lib</file>
         <name>exit.c.obj</name>
      </input_file>
      <input_file id="fl-135">
         <path>C:\ti\ccs1220\ccs\tools\compiler\ti-cgt-arm_20.2.7.LTS\lib\</path>
         <kind>archive</kind>
         <file>rtsv7M4_T_le_v4SPD16_eabi.lib</file>
         <name>_lock.c.obj</name>
      </input_file>
      <input_file id="fl-136">
         <path>C:\ti\ccs1220\ccs\tools\compiler\ti-cgt-arm_20.2.7.LTS\lib\</path>
         <kind>archive</kind>
         <file>rtsv7M4_T_le_v4SPD16_eabi.lib</file>
         <name>_ltoa.c.obj</name>
      </input_file>
      <input_file id="fl-137">
         <path>C:\ti\ccs1220\ccs\tools\compiler\ti-cgt-arm_20.2.7.LTS\lib\</path>
         <kind>archive</kind>
         <file>rtsv7M4_T_le_v4SPD16_eabi.lib</file>
         <name>args_main.c.obj</name>
      </input_file>
      <input_file id="fl-138">
         <path>C:\ti\ccs1220\ccs\tools\compiler\ti-cgt-arm_20.2.7.LTS\lib\</path>
         <kind>archive</kind>
         <file>rtsv7M4_T_le_v4SPD16_eabi.lib</file>
         <name>atoi.c.obj</name>
      </input_file>
      <input_file id="fl-139">
         <path>C:\ti\ccs1220\ccs\tools\compiler\ti-cgt-arm_20.2.7.LTS\lib\</path>
         <kind>archive</kind>
         <file>rtsv7M4_T_le_v4SPD16_eabi.lib</file>
         <name>ctype.c.obj</name>
      </input_file>
      <input_file id="fl-13a">
         <path>C:\ti\ccs1220\ccs\tools\compiler\ti-cgt-arm_20.2.7.LTS\lib\</path>
         <kind>archive</kind>
         <file>rtsv7M4_T_le_v4SPD16_eabi.lib</file>
         <name>memccpy.c.obj</name>
      </input_file>
      <input_file id="fl-13b">
         <path>C:\ti\ccs1220\ccs\tools\compiler\ti-cgt-arm_20.2.7.LTS\lib\</path>
         <kind>archive</kind>
         <file>rtsv7M4_T_le_v4SPD16_eabi.lib</file>
         <name>strchr.c.obj</name>
      </input_file>
      <input_file id="fl-13c">
         <path>C:\ti\ccs1220\ccs\tools\compiler\ti-cgt-arm_20.2.7.LTS\lib\</path>
         <kind>archive</kind>
         <file>rtsv7M4_T_le_v4SPD16_eabi.lib</file>
         <name>wcslen.c.obj</name>
      </input_file>
      <input_file id="fl-13d">
         <path>C:\ti\ccs1220\ccs\tools\compiler\ti-cgt-arm_20.2.7.LTS\lib\</path>
         <kind>archive</kind>
         <file>rtsv7M4_T_le_v4SPD16_eabi.lib</file>
         <name>s_frexp.c.obj</name>
      </input_file>
      <input_file id="fl-13e">
         <path>C:\ti\ccs1220\ccs\tools\compiler\ti-cgt-arm_20.2.7.LTS\lib\</path>
         <kind>archive</kind>
         <file>rtsv7M4_T_le_v4SPD16_eabi.lib</file>
         <name>s_scalbn.c.obj</name>
      </input_file>
      <input_file id="fl-13f">
         <path>C:\ti\ccs1220\ccs\tools\compiler\ti-cgt-arm_20.2.7.LTS\lib\</path>
         <kind>archive</kind>
         <file>rtsv7M4_T_le_v4SPD16_eabi.lib</file>
         <name>s_copysign.c.obj</name>
      </input_file>
   </input_file_list>
   <object_component_list>
      <object_component id="oc-12">
         <name>.intvecs</name>
         <load_address>0x0</load_address>
         <run_address>0x0</run_address>
         <size>0x26c</size>
         <input_file_ref idref="fl-4"/>
      </object_component>
      <object_component id="oc-557">
         <name>.text</name>
         <load_address>0x26c</load_address>
         <run_address>0x26c</run_address>
         <size>0x3084</size>
         <input_file_ref idref="fl-4f"/>
      </object_component>
      <object_component id="oc-97">
         <name>.text</name>
         <load_address>0x32f0</load_address>
         <run_address>0x32f0</run_address>
         <size>0x2870</size>
         <input_file_ref idref="fl-a"/>
      </object_component>
      <object_component id="oc-2ce">
         <name>.text</name>
         <load_address>0x5b60</load_address>
         <run_address>0x5b60</run_address>
         <size>0x238c</size>
         <input_file_ref idref="fl-2e"/>
      </object_component>
      <object_component id="oc-ed">
         <name>.text</name>
         <load_address>0x7eec</load_address>
         <run_address>0x7eec</run_address>
         <size>0x1688</size>
         <input_file_ref idref="fl-28"/>
      </object_component>
      <object_component id="oc-147">
         <name>.text</name>
         <load_address>0x9574</load_address>
         <run_address>0x9574</run_address>
         <size>0x1570</size>
         <input_file_ref idref="fl-42"/>
      </object_component>
      <object_component id="oc-f3">
         <name>.text</name>
         <load_address>0xaae4</load_address>
         <run_address>0xaae4</run_address>
         <size>0x1288</size>
         <input_file_ref idref="fl-1c"/>
      </object_component>
      <object_component id="oc-e7">
         <name>.text</name>
         <load_address>0xbd6c</load_address>
         <run_address>0xbd6c</run_address>
         <size>0x1040</size>
         <input_file_ref idref="fl-f"/>
      </object_component>
      <object_component id="oc-421">
         <name>.text</name>
         <load_address>0xcdac</load_address>
         <run_address>0xcdac</run_address>
         <size>0xfdc</size>
         <input_file_ref idref="fl-3d"/>
      </object_component>
      <object_component id="oc-2da">
         <name>.text</name>
         <load_address>0xdd88</load_address>
         <run_address>0xdd88</run_address>
         <size>0xfa8</size>
         <input_file_ref idref="fl-53"/>
      </object_component>
      <object_component id="oc-b2">
         <name>.text</name>
         <load_address>0xed30</load_address>
         <run_address>0xed30</run_address>
         <size>0xfa0</size>
         <input_file_ref idref="fl-8"/>
      </object_component>
      <object_component id="oc-109">
         <name>.text</name>
         <load_address>0xfcd0</load_address>
         <run_address>0xfcd0</run_address>
         <size>0xf4c</size>
         <input_file_ref idref="fl-23"/>
      </object_component>
      <object_component id="oc-39a">
         <name>.text</name>
         <load_address>0x10c1c</load_address>
         <run_address>0x10c1c</run_address>
         <size>0xd20</size>
         <input_file_ref idref="fl-2b"/>
      </object_component>
      <object_component id="oc-38">
         <name>.text</name>
         <load_address>0x1193c</load_address>
         <run_address>0x1193c</run_address>
         <size>0xb8c</size>
         <input_file_ref idref="fl-5c"/>
      </object_component>
      <object_component id="oc-b8">
         <name>.text</name>
         <load_address>0x124c8</load_address>
         <run_address>0x124c8</run_address>
         <size>0xb08</size>
         <input_file_ref idref="fl-2c"/>
      </object_component>
      <object_component id="oc-3ad">
         <name>.text:__TI_printfi</name>
         <load_address>0x12fd0</load_address>
         <run_address>0x12fd0</run_address>
         <size>0xa4e</size>
         <input_file_ref idref="fl-127"/>
      </object_component>
      <object_component id="oc-220">
         <name>.text</name>
         <load_address>0x13a1e</load_address>
         <run_address>0x13a1e</run_address>
         <size>0x2</size>
         <input_file_ref idref="fl-129"/>
      </object_component>
      <object_component id="oc-12d">
         <name>.text</name>
         <load_address>0x13a20</load_address>
         <run_address>0x13a20</run_address>
         <size>0x930</size>
         <input_file_ref idref="fl-2"/>
      </object_component>
      <object_component id="oc-6a1">
         <name>.text</name>
         <load_address>0x14350</load_address>
         <run_address>0x14350</run_address>
         <size>0x924</size>
         <input_file_ref idref="fl-4d"/>
      </object_component>
      <object_component id="oc-1a4">
         <name>.text</name>
         <load_address>0x14c74</load_address>
         <run_address>0x14c74</run_address>
         <size>0x79c</size>
         <input_file_ref idref="fl-b"/>
      </object_component>
      <object_component id="oc-415">
         <name>.text</name>
         <load_address>0x15410</load_address>
         <run_address>0x15410</run_address>
         <size>0x598</size>
         <input_file_ref idref="fl-51"/>
      </object_component>
      <object_component id="oc-41b">
         <name>.text</name>
         <load_address>0x159a8</load_address>
         <run_address>0x159a8</run_address>
         <size>0x570</size>
         <input_file_ref idref="fl-55"/>
      </object_component>
      <object_component id="oc-f9">
         <name>.text</name>
         <load_address>0x15f18</load_address>
         <run_address>0x15f18</run_address>
         <size>0x490</size>
         <input_file_ref idref="fl-1f"/>
      </object_component>
      <object_component id="oc-54f">
         <name>.text</name>
         <load_address>0x163a8</load_address>
         <run_address>0x163a8</run_address>
         <size>0x48c</size>
         <input_file_ref idref="fl-56"/>
      </object_component>
      <object_component id="oc-18c">
         <name>.text</name>
         <load_address>0x16834</load_address>
         <run_address>0x16834</run_address>
         <size>0x478</size>
         <input_file_ref idref="fl-e"/>
      </object_component>
      <object_component id="oc-44">
         <name>.text</name>
         <load_address>0x16cac</load_address>
         <run_address>0x16cac</run_address>
         <size>0x458</size>
         <input_file_ref idref="fl-3"/>
      </object_component>
      <object_component id="oc-121">
         <name>.text</name>
         <load_address>0x17104</load_address>
         <run_address>0x17104</run_address>
         <size>0x42c</size>
         <input_file_ref idref="fl-35"/>
      </object_component>
      <object_component id="oc-277">
         <name>.text</name>
         <load_address>0x17530</load_address>
         <run_address>0x17530</run_address>
         <size>0x3cc</size>
         <input_file_ref idref="fl-39"/>
      </object_component>
      <object_component id="oc-2af">
         <name>.text:strtof</name>
         <load_address>0x178fc</load_address>
         <run_address>0x178fc</run_address>
         <size>0x3c8</size>
         <input_file_ref idref="fl-122"/>
      </object_component>
      <object_component id="oc-2ff">
         <name>.text</name>
         <load_address>0x17cc4</load_address>
         <run_address>0x17cc4</run_address>
         <size>0x3bc</size>
         <input_file_ref idref="fl-40"/>
      </object_component>
      <object_component id="oc-11b">
         <name>.text</name>
         <load_address>0x18080</load_address>
         <run_address>0x18080</run_address>
         <size>0x2f2</size>
         <input_file_ref idref="fl-38"/>
      </object_component>
      <object_component id="oc-2f9">
         <name>.text</name>
         <load_address>0x18372</load_address>
         <run_address>0x18372</run_address>
         <size>0x2de</size>
         <input_file_ref idref="fl-3e"/>
      </object_component>
      <object_component id="oc-32">
         <name>.text</name>
         <load_address>0x18650</load_address>
         <run_address>0x18650</run_address>
         <size>0x2d0</size>
         <input_file_ref idref="fl-c"/>
      </object_component>
      <object_component id="oc-115">
         <name>.text</name>
         <load_address>0x18920</load_address>
         <run_address>0x18920</run_address>
         <size>0x2d0</size>
         <input_file_ref idref="fl-37"/>
      </object_component>
      <object_component id="oc-51f">
         <name>.text:_pconv_a</name>
         <load_address>0x18bf0</load_address>
         <run_address>0x18bf0</run_address>
         <size>0x270</size>
         <input_file_ref idref="fl-127"/>
      </object_component>
      <object_component id="oc-4a5">
         <name>.text</name>
         <load_address>0x18e60</load_address>
         <run_address>0x18e60</run_address>
         <size>0x1d2</size>
         <input_file_ref idref="fl-52"/>
      </object_component>
      <object_component id="oc-50d">
         <name>.text:_pconv_g</name>
         <load_address>0x19034</load_address>
         <run_address>0x19034</run_address>
         <size>0x1d0</size>
         <input_file_ref idref="fl-127"/>
      </object_component>
      <object_component id="oc-647">
         <name>.text</name>
         <load_address>0x19204</load_address>
         <run_address>0x19204</run_address>
         <size>0x1b6</size>
         <input_file_ref idref="fl-12a"/>
      </object_component>
      <object_component id="oc-3e">
         <name>.text</name>
         <load_address>0x193bc</load_address>
         <run_address>0x193bc</run_address>
         <size>0x148</size>
         <input_file_ref idref="fl-33"/>
      </object_component>
      <object_component id="oc-519">
         <name>.text:_pconv_e</name>
         <load_address>0x19504</load_address>
         <run_address>0x19504</run_address>
         <size>0x13c</size>
         <input_file_ref idref="fl-127"/>
      </object_component>
      <object_component id="oc-62d">
         <name>.text</name>
         <load_address>0x19640</load_address>
         <run_address>0x19640</run_address>
         <size>0x136</size>
         <input_file_ref idref="fl-12c"/>
      </object_component>
      <object_component id="oc-192">
         <name>.text</name>
         <load_address>0x19776</load_address>
         <run_address>0x19776</run_address>
         <size>0x12a</size>
         <input_file_ref idref="fl-7"/>
      </object_component>
      <object_component id="oc-127">
         <name>.text</name>
         <load_address>0x198a0</load_address>
         <run_address>0x198a0</run_address>
         <size>0x128</size>
         <input_file_ref idref="fl-32"/>
      </object_component>
      <object_component id="oc-10f">
         <name>.text</name>
         <load_address>0x199c8</load_address>
         <run_address>0x199c8</run_address>
         <size>0x124</size>
         <input_file_ref idref="fl-5b"/>
      </object_component>
      <object_component id="oc-659">
         <name>.text:fcvt</name>
         <load_address>0x19aec</load_address>
         <run_address>0x19aec</run_address>
         <size>0x124</size>
         <input_file_ref idref="fl-127"/>
      </object_component>
      <object_component id="oc-66d">
         <name>.text:scalbn</name>
         <load_address>0x19c10</load_address>
         <run_address>0x19c10</run_address>
         <size>0x110</size>
         <input_file_ref idref="fl-13e"/>
      </object_component>
      <object_component id="oc-2b5">
         <name>.text:strtoul</name>
         <load_address>0x19d20</load_address>
         <run_address>0x19d20</run_address>
         <size>0x110</size>
         <input_file_ref idref="fl-123"/>
      </object_component>
      <object_component id="oc-628">
         <name>.text</name>
         <load_address>0x19e30</load_address>
         <run_address>0x19e30</run_address>
         <size>0xfc</size>
         <input_file_ref idref="fl-12d"/>
      </object_component>
      <object_component id="oc-2e0">
         <name>.text</name>
         <load_address>0x19f2c</load_address>
         <run_address>0x19f2c</run_address>
         <size>0xec</size>
         <input_file_ref idref="fl-57"/>
      </object_component>
      <object_component id="oc-2d">
         <name>.text</name>
         <load_address>0x1a018</load_address>
         <run_address>0x1a018</run_address>
         <size>0xda</size>
         <input_file_ref idref="fl-d"/>
      </object_component>
      <object_component id="oc-462">
         <name>.text:scalbnf</name>
         <load_address>0x1a0f4</load_address>
         <run_address>0x1a0f4</run_address>
         <size>0xd0</size>
         <input_file_ref idref="fl-126"/>
      </object_component>
      <object_component id="oc-2d4">
         <name>.text</name>
         <load_address>0x1a1c4</load_address>
         <run_address>0x1a1c4</run_address>
         <size>0xc8</size>
         <input_file_ref idref="fl-58"/>
      </object_component>
      <object_component id="oc-502">
         <name>.text:_ltostr</name>
         <load_address>0x1a28c</load_address>
         <run_address>0x1a28c</run_address>
         <size>0xb1</size>
         <input_file_ref idref="fl-127"/>
      </object_component>
      <object_component id="oc-2bb">
         <name>.text</name>
         <load_address>0x1a340</load_address>
         <run_address>0x1a340</run_address>
         <size>0xac</size>
         <input_file_ref idref="fl-5a"/>
      </object_component>
      <object_component id="oc-5e">
         <name>.text</name>
         <load_address>0x1a3ec</load_address>
         <run_address>0x1a3ec</run_address>
         <size>0x9c</size>
         <input_file_ref idref="fl-118"/>
      </object_component>
      <object_component id="oc-621">
         <name>.text</name>
         <load_address>0x1a488</load_address>
         <run_address>0x1a488</run_address>
         <size>0x96</size>
         <input_file_ref idref="fl-130"/>
      </object_component>
      <object_component id="oc-508">
         <name>.text:__aeabi_cdcmple</name>
         <load_address>0x1a51e</load_address>
         <run_address>0x1a51e</run_address>
         <size>0x86</size>
         <input_file_ref idref="fl-12b"/>
      </object_component>
      <object_component id="oc-632">
         <name>.text:__aeabi_cdrcmple</name>
         <load_address>0x1a5a4</load_address>
         <run_address>0x1a5a4</run_address>
         <size>0x86</size>
         <input_file_ref idref="fl-12b"/>
      </object_component>
      <object_component id="oc-16a">
         <name>.text</name>
         <load_address>0x1a62a</load_address>
         <run_address>0x1a62a</run_address>
         <size>0x7a</size>
         <input_file_ref idref="fl-119"/>
      </object_component>
      <object_component id="oc-652">
         <name>.text:_mcpy</name>
         <load_address>0x1a6a4</load_address>
         <run_address>0x1a6a4</run_address>
         <size>0x6e</size>
         <input_file_ref idref="fl-127"/>
      </object_component>
      <object_component id="oc-28b">
         <name>.text</name>
         <load_address>0x1a714</load_address>
         <run_address>0x1a714</run_address>
         <size>0x68</size>
         <input_file_ref idref="fl-36"/>
      </object_component>
      <object_component id="oc-1aa">
         <name>.text</name>
         <load_address>0x1a77c</load_address>
         <run_address>0x1a77c</run_address>
         <size>0x68</size>
         <input_file_ref idref="fl-59"/>
      </object_component>
      <object_component id="oc-15">
         <name>.text:decompress:lzss:__TI_decompress_lzss</name>
         <load_address>0x1a7e4</load_address>
         <run_address>0x1a7e4</run_address>
         <size>0x68</size>
         <input_file_ref idref="fl-11d"/>
      </object_component>
      <object_component id="oc-667">
         <name>.text:frexp</name>
         <load_address>0x1a84c</load_address>
         <run_address>0x1a84c</run_address>
         <size>0x64</size>
         <input_file_ref idref="fl-13d"/>
      </object_component>
      <object_component id="oc-513">
         <name>.text:_pconv_f</name>
         <load_address>0x1a8b0</load_address>
         <run_address>0x1a8b0</run_address>
         <size>0x56</size>
         <input_file_ref idref="fl-127"/>
      </object_component>
      <object_component id="oc-63c">
         <name>.text:__TI_ltoa</name>
         <load_address>0x1a906</load_address>
         <run_address>0x1a906</run_address>
         <size>0x54</size>
         <input_file_ref idref="fl-136"/>
      </object_component>
      <object_component id="oc-64c">
         <name>.text:_ecpy</name>
         <load_address>0x1a95a</load_address>
         <run_address>0x1a95a</run_address>
         <size>0x52</size>
         <input_file_ref idref="fl-127"/>
      </object_component>
      <object_component id="oc-293">
         <name>.text</name>
         <load_address>0x1a9ac</load_address>
         <run_address>0x1a9ac</run_address>
         <size>0x50</size>
         <input_file_ref idref="fl-117"/>
      </object_component>
      <object_component id="oc-4fc">
         <name>.text:atoi</name>
         <load_address>0x1a9fc</load_address>
         <run_address>0x1a9fc</run_address>
         <size>0x4c</size>
         <input_file_ref idref="fl-138"/>
      </object_component>
      <object_component id="oc-637">
         <name>.text</name>
         <load_address>0x1aa48</load_address>
         <run_address>0x1aa48</run_address>
         <size>0x48</size>
         <input_file_ref idref="fl-12e"/>
      </object_component>
      <object_component id="oc-32a">
         <name>.text:__TI_auto_init_nobinit_nopinit:__TI_auto_init_nobinit_nopinit</name>
         <load_address>0x1aa90</load_address>
         <run_address>0x1aa90</run_address>
         <size>0x44</size>
         <input_file_ref idref="fl-131"/>
      </object_component>
      <object_component id="oc-d3">
         <name>.text</name>
         <load_address>0x1aad4</load_address>
         <run_address>0x1aad4</run_address>
         <size>0x40</size>
         <input_file_ref idref="fl-11a"/>
      </object_component>
      <object_component id="oc-1cf">
         <name>.text:sprintf</name>
         <load_address>0x1ab14</load_address>
         <run_address>0x1ab14</run_address>
         <size>0x40</size>
         <input_file_ref idref="fl-116"/>
      </object_component>
      <object_component id="oc-27">
         <name>.text</name>
         <load_address>0x1ab54</load_address>
         <run_address>0x1ab54</run_address>
         <size>0x40</size>
         <input_file_ref idref="fl-4"/>
      </object_component>
      <object_component id="oc-65f">
         <name>.text:_fcpy</name>
         <load_address>0x1ab94</load_address>
         <run_address>0x1ab94</run_address>
         <size>0x3e</size>
         <input_file_ref idref="fl-127"/>
      </object_component>
      <object_component id="oc-233">
         <name>.text</name>
         <load_address>0x1abd2</load_address>
         <run_address>0x1abd2</run_address>
         <size>0x3e</size>
         <input_file_ref idref="fl-13"/>
      </object_component>
      <object_component id="oc-7c">
         <name>.text:_c_int00_noargs:_c_int00_noargs</name>
         <load_address>0x1ac10</load_address>
         <run_address>0x1ac10</run_address>
         <size>0x34</size>
         <input_file_ref idref="fl-124"/>
      </object_component>
      <object_component id="oc-642">
         <name>.text</name>
         <load_address>0x1ac44</load_address>
         <run_address>0x1ac44</run_address>
         <size>0x2e</size>
         <input_file_ref idref="fl-12f"/>
      </object_component>
      <object_component id="oc-2a6">
         <name>.text:strncmp</name>
         <load_address>0x1ac72</load_address>
         <run_address>0x1ac72</run_address>
         <size>0x2c</size>
         <input_file_ref idref="fl-121"/>
      </object_component>
      <object_component id="oc-1b6">
         <name>.text:GetOverflowCounts</name>
         <load_address>0x1aca0</load_address>
         <run_address>0x1aca0</run_address>
         <size>0x24</size>
         <input_file_ref idref="fl-59"/>
      </object_component>
      <object_component id="oc-4a">
         <name>.text</name>
         <load_address>0x1acc4</load_address>
         <run_address>0x1acc4</run_address>
         <size>0x24</size>
         <input_file_ref idref="fl-43"/>
      </object_component>
      <object_component id="oc-525">
         <name>.text:memccpy</name>
         <load_address>0x1ace8</load_address>
         <run_address>0x1ace8</run_address>
         <size>0x1c</size>
         <input_file_ref idref="fl-13a"/>
      </object_component>
      <object_component id="oc-729">
         <name>.text:copysign</name>
         <load_address>0x1ad04</load_address>
         <run_address>0x1ad04</run_address>
         <size>0x1a</size>
         <input_file_ref idref="fl-13f"/>
      </object_component>
      <object_component id="oc-3b3">
         <name>.text:_outs</name>
         <load_address>0x1ad1e</load_address>
         <run_address>0x1ad1e</run_address>
         <size>0x18</size>
         <input_file_ref idref="fl-116"/>
      </object_component>
      <object_component id="oc-5b1">
         <name>.text:copysignf</name>
         <load_address>0x1ad36</load_address>
         <run_address>0x1ad36</run_address>
         <size>0x18</size>
         <input_file_ref idref="fl-128"/>
      </object_component>
      <object_component id="oc-473">
         <name>.text:strcmp</name>
         <load_address>0x1ad4e</load_address>
         <run_address>0x1ad4e</run_address>
         <size>0x18</size>
         <input_file_ref idref="fl-11e"/>
      </object_component>
      <object_component id="oc-673">
         <name>.text:strchr</name>
         <load_address>0x1ad66</load_address>
         <run_address>0x1ad66</run_address>
         <size>0x16</size>
         <input_file_ref idref="fl-13b"/>
      </object_component>
      <object_component id="oc-1c3">
         <name>.text:strcpy</name>
         <load_address>0x1ad7c</load_address>
         <run_address>0x1ad7c</run_address>
         <size>0x14</size>
         <input_file_ref idref="fl-11f"/>
      </object_component>
      <object_component id="oc-1c9">
         <name>.text:strlen</name>
         <load_address>0x1ad90</load_address>
         <run_address>0x1ad90</run_address>
         <size>0x14</size>
         <input_file_ref idref="fl-120"/>
      </object_component>
      <object_component id="oc-52b">
         <name>.text:wcslen</name>
         <load_address>0x1ada4</load_address>
         <run_address>0x1ada4</run_address>
         <size>0x12</size>
         <input_file_ref idref="fl-13c"/>
      </object_component>
      <object_component id="oc-1b">
         <name>.text:decompress:none:__TI_decompress_none</name>
         <load_address>0x1adb6</load_address>
         <run_address>0x1adb6</run_address>
         <size>0xe</size>
         <input_file_ref idref="fl-11c"/>
      </object_component>
      <object_component id="oc-70">
         <name>.text:decompress:ZI:__TI_zero_init</name>
         <load_address>0x1adc4</load_address>
         <run_address>0x1adc4</run_address>
         <size>0xc</size>
         <input_file_ref idref="fl-11b"/>
      </object_component>
      <object_component id="oc-3b9">
         <name>.text:_outc</name>
         <load_address>0x1add0</load_address>
         <run_address>0x1add0</run_address>
         <size>0xa</size>
         <input_file_ref idref="fl-116"/>
      </object_component>
      <object_component id="oc-45c">
         <name>.text:__aeabi_errno_addr</name>
         <load_address>0x1addc</load_address>
         <run_address>0x1addc</run_address>
         <size>0x8</size>
         <input_file_ref idref="fl-125"/>
      </object_component>
      <object_component id="oc-242">
         <name>.text:SysCtlDelay</name>
         <load_address>0x1ade4</load_address>
         <run_address>0x1ade4</run_address>
         <size>0x6</size>
         <input_file_ref idref="fl-28"/>
      </object_component>
      <object_component id="oc-170">
         <name>.text:_system_pre_init</name>
         <load_address>0x1adea</load_address>
         <run_address>0x1adea</run_address>
         <size>0x4</size>
         <input_file_ref idref="fl-132"/>
      </object_component>
      <object_component id="oc-31e">
         <name>.text:abort:abort</name>
         <load_address>0x1adee</load_address>
         <run_address>0x1adee</run_address>
         <size>0x4</size>
         <input_file_ref idref="fl-134"/>
      </object_component>
      <object_component id="oc-459">
         <name>.const:.string</name>
         <load_address>0x1adf4</load_address>
         <run_address>0x1adf4</run_address>
         <size>0x252</size>
         <input_file_ref idref="fl-2"/>
      </object_component>
      <object_component id="oc-445">
         <name>.const:crctttab</name>
         <load_address>0x1b046</load_address>
         <run_address>0x1b046</run_address>
         <size>0x200</size>
         <input_file_ref idref="fl-36"/>
      </object_component>
      <object_component id="oc-23f">
         <name>.const:g_pppui32XTALtoVCO</name>
         <load_address>0x1b248</load_address>
         <run_address>0x1b248</run_address>
         <size>0x1b0</size>
         <input_file_ref idref="fl-28"/>
      </object_component>
      <object_component id="oc-468">
         <name>.const:.string:_ctypes_</name>
         <load_address>0x1b3f8</load_address>
         <run_address>0x1b3f8</run_address>
         <size>0x101</size>
         <input_file_ref idref="fl-139"/>
      </object_component>
      <object_component id="oc-248">
         <name>.const:g_ppui32GPIOIntMapSnowflake</name>
         <load_address>0x1b4fc</load_address>
         <run_address>0x1b4fc</run_address>
         <size>0xd8</size>
         <input_file_ref idref="fl-1c"/>
      </object_component>
      <object_component id="oc-245">
         <name>.const:g_ppui32GPIOIntMapBlizzard</name>
         <load_address>0x1b5d4</load_address>
         <run_address>0x1b5d4</run_address>
         <size>0xc0</size>
         <input_file_ref idref="fl-1c"/>
      </object_component>
      <object_component id="oc-256">
         <name>.const:g_pui32Regs</name>
         <load_address>0x1b694</load_address>
         <run_address>0x1b694</run_address>
         <size>0x9c</size>
         <input_file_ref idref="fl-1f"/>
      </object_component>
      <object_component id="oc-24b">
         <name>.const:g_pui32GPIOBaseAddrs</name>
         <load_address>0x1b730</load_address>
         <run_address>0x1b730</run_address>
         <size>0x90</size>
         <input_file_ref idref="fl-1c"/>
      </object_component>
      <object_component id="oc-239">
         <name>.const:g_pui32Xtals</name>
         <load_address>0x1b7c0</load_address>
         <run_address>0x1b7c0</run_address>
         <size>0x6c</size>
         <input_file_ref idref="fl-28"/>
      </object_component>
      <object_component id="oc-4f0">
         <name>.const:g_ppui32TimerIntMap</name>
         <load_address>0x1b82c</load_address>
         <run_address>0x1b82c</run_address>
         <size>0x60</size>
         <input_file_ref idref="fl-2b"/>
      </object_component>
      <object_component id="oc-46b">
         <name>.const:$O1$$</name>
         <load_address>0x1b88c</load_address>
         <run_address>0x1b88c</run_address>
         <size>0x58</size>
         <input_file_ref idref="fl-122"/>
      </object_component>
      <object_component id="oc-4f3">
         <name>.const:g_ppui32TimerIntMapSnowflake</name>
         <load_address>0x1b8e4</load_address>
         <run_address>0x1b8e4</run_address>
         <size>0x40</size>
         <input_file_ref idref="fl-2b"/>
      </object_component>
      <object_component id="oc-1fb">
         <name>.const:g_ppui32UARTIntMap</name>
         <load_address>0x1b924</load_address>
         <run_address>0x1b924</run_address>
         <size>0x40</size>
         <input_file_ref idref="fl-2c"/>
      </object_component>
      <object_component id="oc-1fe">
         <name>.const:g_ppui32UARTIntMapSnowflake</name>
         <load_address>0x1b964</load_address>
         <run_address>0x1b964</run_address>
         <size>0x40</size>
         <input_file_ref idref="fl-2c"/>
      </object_component>
      <object_component id="oc-6eb">
         <name>.const:.string:g_pui8ConfigString</name>
         <load_address>0x1b9a4</load_address>
         <run_address>0x1b9a4</run_address>
         <size>0x36</size>
         <input_file_ref idref="fl-3a"/>
      </object_component>
      <object_component id="oc-2f6">
         <name>.const:g_psUSBDStdRequests</name>
         <load_address>0x1b9dc</load_address>
         <run_address>0x1b9dc</run_address>
         <size>0x34</size>
         <input_file_ref idref="fl-42"/>
      </object_component>
      <object_component id="oc-566">
         <name>.const:g_sCDCHandlers</name>
         <load_address>0x1ba10</load_address>
         <run_address>0x1ba10</run_address>
         <size>0x30</size>
         <input_file_ref idref="fl-3d"/>
      </object_component>
      <object_component id="oc-230">
         <name>.const:g_sXTALtoMEMTIM</name>
         <load_address>0x1ba40</load_address>
         <run_address>0x1ba40</run_address>
         <size>0x30</size>
         <input_file_ref idref="fl-28"/>
      </object_component>
      <object_component id="oc-6e8">
         <name>.const:.string:g_pui8ControlInterfaceString</name>
         <load_address>0x1ba70</load_address>
         <run_address>0x1ba70</run_address>
         <size>0x2c</size>
         <input_file_ref idref="fl-3a"/>
      </object_component>
      <object_component id="oc-6df">
         <name>.const:.string:g_pui8ManufacturerString</name>
         <load_address>0x1ba9c</load_address>
         <run_address>0x1ba9c</run_address>
         <size>0x24</size>
         <input_file_ref idref="fl-3a"/>
      </object_component>
      <object_component id="oc-7c5">
         <name>.const:.string:g_pui8CDCSerCommInterface</name>
         <load_address>0x1bac0</load_address>
         <run_address>0x1bac0</run_address>
         <size>0x23</size>
         <input_file_ref idref="fl-3d"/>
      </object_component>
      <object_component id="oc-6e2">
         <name>.const:.string:g_pui8ProductString</name>
         <load_address>0x1bae3</load_address>
         <run_address>0x1bae3</run_address>
         <size>0x22</size>
         <input_file_ref idref="fl-3a"/>
      </object_component>
      <object_component id="oc-253">
         <name>.const:g_pui32Priority</name>
         <load_address>0x1bb08</load_address>
         <run_address>0x1bb08</run_address>
         <size>0x20</size>
         <input_file_ref idref="fl-1f"/>
      </object_component>
      <object_component id="oc-595">
         <name>.const:g_ppui8StringDescriptors</name>
         <load_address>0x1bb28</load_address>
         <run_address>0x1bb28</run_address>
         <size>0x18</size>
         <input_file_ref idref="fl-3a"/>
      </object_component>
      <object_component id="oc-7ca">
         <name>.const:.string:g_pui8CDCSerDataInterface</name>
         <load_address>0x1bb40</load_address>
         <run_address>0x1bb40</run_address>
         <size>0x17</size>
         <input_file_ref idref="fl-3d"/>
      </object_component>
      <object_component id="oc-7cf">
         <name>.const:.string:g_pui8CDCSerDataInterfaceHS</name>
         <load_address>0x1bb57</load_address>
         <run_address>0x1bb57</run_address>
         <size>0x17</size>
         <input_file_ref idref="fl-3d"/>
      </object_component>
      <object_component id="oc-25c">
         <name>.const:g_pui32Dii16Regs</name>
         <load_address>0x1bb70</load_address>
         <run_address>0x1bb70</run_address>
         <size>0x14</size>
         <input_file_ref idref="fl-1f"/>
      </object_component>
      <object_component id="oc-259">
         <name>.const:g_pui32EnRegs</name>
         <load_address>0x1bb84</load_address>
         <run_address>0x1bb84</run_address>
         <size>0x14</size>
         <input_file_ref idref="fl-1f"/>
      </object_component>
      <object_component id="oc-25f">
         <name>.const:g_pui32PendRegs</name>
         <load_address>0x1bb98</load_address>
         <run_address>0x1bb98</run_address>
         <size>0x14</size>
         <input_file_ref idref="fl-1f"/>
      </object_component>
      <object_component id="oc-262">
         <name>.const:g_pui32UnpendRegs</name>
         <load_address>0x1bbac</load_address>
         <run_address>0x1bbac</run_address>
         <size>0x14</size>
         <input_file_ref idref="fl-1f"/>
      </object_component>
      <object_component id="oc-6e5">
         <name>.const:.string:g_pui8SerialNumberString</name>
         <load_address>0x1bbc0</load_address>
         <run_address>0x1bbc0</run_address>
         <size>0x12</size>
         <input_file_ref idref="fl-3a"/>
      </object_component>
      <object_component id="oc-226">
         <name>.const:.string</name>
         <load_address>0x1bbd4</load_address>
         <run_address>0x1bbd4</run_address>
         <size>0x12</size>
         <input_file_ref idref="fl-5c"/>
      </object_component>
      <object_component id="oc-c1">
         <name>.const:g_ui32UARTBase</name>
         <load_address>0x1bbe8</load_address>
         <run_address>0x1bbe8</run_address>
         <size>0xc</size>
         <input_file_ref idref="fl-5c"/>
      </object_component>
      <object_component id="oc-c7">
         <name>.const:g_ui32UARTInt</name>
         <load_address>0x1bbf4</load_address>
         <run_address>0x1bbf4</run_address>
         <size>0xc</size>
         <input_file_ref idref="fl-5c"/>
      </object_component>
      <object_component id="oc-c4">
         <name>.const:g_ui32UARTPeriph</name>
         <load_address>0x1bc00</load_address>
         <run_address>0x1bc00</run_address>
         <size>0xc</size>
         <input_file_ref idref="fl-5c"/>
      </object_component>
      <object_component id="oc-23c">
         <name>.const:g_pui32VCOFrequencies</name>
         <load_address>0x1bc0c</load_address>
         <run_address>0x1bc0c</run_address>
         <size>0x8</size>
         <input_file_ref idref="fl-28"/>
      </object_component>
      <object_component id="oc-6cc">
         <name>.const:g_sCDCCompSerConfigHeader</name>
         <load_address>0x1bc14</load_address>
         <run_address>0x1bc14</run_address>
         <size>0x8</size>
         <input_file_ref idref="fl-3d"/>
      </object_component>
      <object_component id="oc-6d1">
         <name>.const:g_sCDCCompSerConfigHeaderHS</name>
         <load_address>0x1bc1c</load_address>
         <run_address>0x1bc1c</run_address>
         <size>0x8</size>
         <input_file_ref idref="fl-3d"/>
      </object_component>
      <object_component id="oc-7aa">
         <name>.const:g_sCDCSerCommInterfaceSection</name>
         <load_address>0x1bc24</load_address>
         <run_address>0x1bc24</run_address>
         <size>0x8</size>
         <input_file_ref idref="fl-3d"/>
      </object_component>
      <object_component id="oc-6c2">
         <name>.const:g_sCDCSerConfigHeader</name>
         <load_address>0x1bc2c</load_address>
         <run_address>0x1bc2c</run_address>
         <size>0x8</size>
         <input_file_ref idref="fl-3d"/>
      </object_component>
      <object_component id="oc-6c7">
         <name>.const:g_sCDCSerConfigHeaderHS</name>
         <load_address>0x1bc34</load_address>
         <run_address>0x1bc34</run_address>
         <size>0x8</size>
         <input_file_ref idref="fl-3d"/>
      </object_component>
      <object_component id="oc-7a7">
         <name>.const:g_sCDCSerConfigSection</name>
         <load_address>0x1bc3c</load_address>
         <run_address>0x1bc3c</run_address>
         <size>0x8</size>
         <input_file_ref idref="fl-3d"/>
      </object_component>
      <object_component id="oc-7ad">
         <name>.const:g_sCDCSerDataInterfaceSection</name>
         <load_address>0x1bc44</load_address>
         <run_address>0x1bc44</run_address>
         <size>0x8</size>
         <input_file_ref idref="fl-3d"/>
      </object_component>
      <object_component id="oc-7b2">
         <name>.const:g_sCDCSerDataInterfaceSectionHS</name>
         <load_address>0x1bc4c</load_address>
         <run_address>0x1bc4c</run_address>
         <size>0x8</size>
         <input_file_ref idref="fl-3d"/>
      </object_component>
      <object_component id="oc-7b7">
         <name>.const:g_sIADSerConfigSection</name>
         <load_address>0x1bc54</load_address>
         <run_address>0x1bc54</run_address>
         <size>0x8</size>
         <input_file_ref idref="fl-3d"/>
      </object_component>
      <object_component id="oc-94">
         <name>.const</name>
         <load_address>0x1bc5c</load_address>
         <run_address>0x1bc5c</run_address>
         <size>0x8</size>
         <input_file_ref idref="fl-c"/>
      </object_component>
      <object_component id="oc-6dc">
         <name>.const:.string:g_pui8LangDescriptor</name>
         <load_address>0x1bc64</load_address>
         <run_address>0x1bc64</run_address>
         <size>0x4</size>
         <input_file_ref idref="fl-3a"/>
      </object_component>
      <object_component id="oc-572">
         <name>.const:g_pCDCCompSerConfigDescriptors</name>
         <load_address>0x1bc68</load_address>
         <run_address>0x1bc68</run_address>
         <size>0x4</size>
         <input_file_ref idref="fl-3d"/>
      </object_component>
      <object_component id="oc-575">
         <name>.const:g_pCDCCompSerConfigDescriptorsHS</name>
         <load_address>0x1bc6c</load_address>
         <run_address>0x1bc6c</run_address>
         <size>0x4</size>
         <input_file_ref idref="fl-3d"/>
      </object_component>
      <object_component id="oc-56c">
         <name>.const:g_ppCDCSerConfigDescriptors</name>
         <load_address>0x1bc70</load_address>
         <run_address>0x1bc70</run_address>
         <size>0x4</size>
         <input_file_ref idref="fl-3d"/>
      </object_component>
      <object_component id="oc-56f">
         <name>.const:g_ppCDCSerConfigDescriptorsHS</name>
         <load_address>0x1bc74</load_address>
         <run_address>0x1bc74</run_address>
         <size>0x4</size>
         <input_file_ref idref="fl-3d"/>
      </object_component>
      <object_component id="oc-1b3">
         <name>.const</name>
         <load_address>0x1bc78</load_address>
         <run_address>0x1bc78</run_address>
         <size>0x4</size>
         <input_file_ref idref="fl-a"/>
      </object_component>
      <object_component id="oc-d8">
         <name>.const</name>
         <load_address>0x1bc7c</load_address>
         <run_address>0x1bc7c</run_address>
         <size>0x4</size>
         <input_file_ref idref="fl-5c"/>
      </object_component>
      <object_component id="oc-80d">
         <name>.cinit..data.load</name>
         <load_address>0x1bc80</load_address>
         <run_address>0x1bc80</run_address>
         <size>0x18a</size>
      </object_component>
      <object_component id="oc-80a">
         <name>__TI_handler_table</name>
         <load_address>0x1be0c</load_address>
         <run_address>0x1be0c</run_address>
         <size>0xc</size>
      </object_component>
      <object_component id="oc-80e">
         <name>.cinit..bss.load</name>
         <load_address>0x1be18</load_address>
         <run_address>0x1be18</run_address>
         <size>0x8</size>
      </object_component>
      <object_component id="oc-80c">
         <name>.cinit..vtable.load</name>
         <load_address>0x1be20</load_address>
         <run_address>0x1be20</run_address>
         <size>0x8</size>
      </object_component>
      <object_component id="oc-80b">
         <name>__TI_cinit_table</name>
         <load_address>0x1be28</load_address>
         <run_address>0x1be28</run_address>
         <size>0x18</size>
      </object_component>
      <object_component id="oc-250">
         <name>.vtable</name>
         <uninitialized>true</uninitialized>
         <run_address>0x20000000</run_address>
         <size>0x26c</size>
         <input_file_ref idref="fl-1f"/>
      </object_component>
      <object_component id="oc-2c1">
         <name>.data</name>
         <load_address>0x200065f4</load_address>
         <run_address>0x200065f4</run_address>
         <size>0x4</size>
         <input_file_ref idref="fl-2"/>
      </object_component>
      <object_component id="oc-2ac">
         <name>.data:g_psCmdTable</name>
         <load_address>0x200062fc</load_address>
         <run_address>0x200062fc</run_address>
         <size>0xb4</size>
         <input_file_ref idref="fl-2"/>
      </object_component>
      <object_component id="oc-133">
         <name>.data</name>
         <load_address>0x200065c4</load_address>
         <run_address>0x200065c4</run_address>
         <size>0x9</size>
         <input_file_ref idref="fl-3"/>
      </object_component>
      <object_component id="oc-91">
         <name>.data</name>
         <load_address>0x20006410</load_address>
         <run_address>0x20006410</run_address>
         <size>0x3c</size>
         <input_file_ref idref="fl-a"/>
      </object_component>
      <object_component id="oc-382">
         <name>.data</name>
         <load_address>0x20006594</load_address>
         <run_address>0x20006594</run_address>
         <size>0xc</size>
         <input_file_ref idref="fl-b"/>
      </object_component>
      <object_component id="oc-9e">
         <name>.data</name>
         <load_address>0x20006588</load_address>
         <run_address>0x20006588</run_address>
         <size>0xc</size>
         <input_file_ref idref="fl-c"/>
      </object_component>
      <object_component id="oc-36d">
         <name>.data</name>
         <load_address>0x20006504</load_address>
         <run_address>0x20006504</run_address>
         <size>0x14</size>
         <input_file_ref idref="fl-e"/>
      </object_component>
      <object_component id="oc-2a1">
         <name>.data</name>
         <load_address>0x2000656d</load_address>
         <run_address>0x2000656d</run_address>
         <size>0x3</size>
         <input_file_ref idref="fl-32"/>
      </object_component>
      <object_component id="oc-29c">
         <name>.data</name>
         <load_address>0x200065fc</load_address>
         <run_address>0x200065fc</run_address>
         <size>0x4</size>
         <input_file_ref idref="fl-35"/>
      </object_component>
      <object_component id="oc-283">
         <name>.data</name>
         <load_address>0x200065f8</load_address>
         <run_address>0x200065f8</run_address>
         <size>0x4</size>
         <input_file_ref idref="fl-37"/>
      </object_component>
      <object_component id="oc-42d">
         <name>.data</name>
         <load_address>0x20006560</load_address>
         <run_address>0x20006560</run_address>
         <size>0xd</size>
         <input_file_ref idref="fl-39"/>
      </object_component>
      <object_component id="oc-433">
         <name>.data:ConfigLinea</name>
         <load_address>0x200065ec</load_address>
         <run_address>0x200065ec</run_address>
         <size>0x7</size>
         <input_file_ref idref="fl-39"/>
      </object_component>
      <object_component id="oc-436">
         <name>.data:g_sCDCDevice</name>
         <load_address>0x200063b0</load_address>
         <run_address>0x200063b0</run_address>
         <size>0x60</size>
         <input_file_ref idref="fl-3a"/>
      </object_component>
      <object_component id="oc-427">
         <name>.data:g_sRxBuffer</name>
         <load_address>0x2000644c</load_address>
         <run_address>0x2000644c</run_address>
         <size>0x38</size>
         <input_file_ref idref="fl-3a"/>
      </object_component>
      <object_component id="oc-430">
         <name>.data:g_sTxBuffer</name>
         <load_address>0x20006484</load_address>
         <run_address>0x20006484</run_address>
         <size>0x38</size>
         <input_file_ref idref="fl-3a"/>
      </object_component>
      <object_component id="oc-569">
         <name>.data:g_pui8CDCSerDeviceDescriptor</name>
         <load_address>0x2000652c</load_address>
         <run_address>0x2000652c</run_address>
         <size>0x12</size>
         <input_file_ref idref="fl-3d"/>
      </object_component>
      <object_component id="oc-578">
         <name>.data:g_pui8CDCSerDescriptor</name>
         <load_address>0x200065b8</load_address>
         <run_address>0x200065b8</run_address>
         <size>0x9</size>
         <input_file_ref idref="fl-3d"/>
      </object_component>
      <object_component id="oc-7d4">
         <name>.data:g_pui8IADSerDescriptor</name>
         <load_address>0x200065d9</load_address>
         <run_address>0x200065d9</run_address>
         <size>0x8</size>
         <input_file_ref idref="fl-3d"/>
      </object_component>
      <object_component id="oc-76a">
         <name>.data:g_psCDCSerSections</name>
         <load_address>0x20006570</load_address>
         <run_address>0x20006570</run_address>
         <size>0xc</size>
         <input_file_ref idref="fl-3d"/>
      </object_component>
      <object_component id="oc-76f">
         <name>.data:g_psCDCSerSectionsHS</name>
         <load_address>0x2000657c</load_address>
         <run_address>0x2000657c</run_address>
         <size>0xc</size>
         <input_file_ref idref="fl-3d"/>
      </object_component>
      <object_component id="oc-774">
         <name>.data:g_psCDCCompSerSections</name>
         <load_address>0x20006540</load_address>
         <run_address>0x20006540</run_address>
         <size>0x10</size>
         <input_file_ref idref="fl-3d"/>
      </object_component>
      <object_component id="oc-779">
         <name>.data:g_psCDCCompSerSectionsHS</name>
         <load_address>0x20006550</load_address>
         <run_address>0x20006550</run_address>
         <size>0x10</size>
         <input_file_ref idref="fl-3d"/>
      </object_component>
      <object_component id="oc-563">
         <name>.data</name>
         <load_address>0x2000653e</load_address>
         <run_address>0x2000653e</run_address>
         <size>0x2</size>
         <input_file_ref idref="fl-3d"/>
      </object_component>
      <object_component id="oc-2ed">
         <name>.data</name>
         <load_address>0x200065e4</load_address>
         <run_address>0x200065e4</run_address>
         <size>0x8</size>
         <input_file_ref idref="fl-42"/>
      </object_component>
      <object_component id="oc-69e">
         <name>.data</name>
         <load_address>0x20006518</load_address>
         <run_address>0x20006518</run_address>
         <size>0x14</size>
         <input_file_ref idref="fl-4f"/>
      </object_component>
      <object_component id="oc-6b0">
         <name>.data:g_sUSBHEP0State</name>
         <load_address>0x200064ec</load_address>
         <run_address>0x200064ec</run_address>
         <size>0x18</size>
         <input_file_ref idref="fl-4f"/>
      </object_component>
      <object_component id="oc-2ea">
         <name>.data</name>
         <load_address>0x200065d0</load_address>
         <run_address>0x200065d0</run_address>
         <size>0x9</size>
         <input_file_ref idref="fl-55"/>
      </object_component>
      <object_component id="oc-305">
         <name>.data</name>
         <load_address>0x200065ac</load_address>
         <run_address>0x200065ac</run_address>
         <size>0xc</size>
         <input_file_ref idref="fl-57"/>
      </object_component>
      <object_component id="oc-273">
         <name>.data:g_pui32CPUUsageTimerPeriph</name>
         <load_address>0x200064d4</load_address>
         <run_address>0x200064d4</run_address>
         <size>0x18</size>
         <input_file_ref idref="fl-5b"/>
      </object_component>
      <object_component id="oc-26d">
         <name>.data:g_pui32CPUUsageTimerBase</name>
         <load_address>0x200064bc</load_address>
         <run_address>0x200064bc</run_address>
         <size>0x18</size>
         <input_file_ref idref="fl-5b"/>
      </object_component>
      <object_component id="oc-ca">
         <name>.data</name>
         <load_address>0x200065a0</load_address>
         <run_address>0x200065a0</run_address>
         <size>0xc</size>
         <input_file_ref idref="fl-5c"/>
      </object_component>
      <object_component id="oc-5ac">
         <name>.data</name>
         <load_address>0x20006600</load_address>
         <run_address>0x20006600</run_address>
         <size>0x4</size>
         <input_file_ref idref="fl-125"/>
      </object_component>
      <object_component id="oc-198">
         <name>.bss:pxReadyTasksLists</name>
         <uninitialized>true</uninitialized>
         <run_address>0x20005b38</run_address>
         <size>0x140</size>
         <input_file_ref idref="fl-a"/>
      </object_component>
      <object_component id="oc-1bd">
         <name>.bss:xDelayedTaskList1</name>
         <uninitialized>true</uninitialized>
         <run_address>0x20006214</run_address>
         <size>0x14</size>
         <input_file_ref idref="fl-a"/>
      </object_component>
      <object_component id="oc-1c0">
         <name>.bss:xDelayedTaskList2</name>
         <uninitialized>true</uninitialized>
         <run_address>0x20006228</run_address>
         <size>0x14</size>
         <input_file_ref idref="fl-a"/>
      </object_component>
      <object_component id="oc-19e">
         <name>.bss</name>
         <uninitialized>true</uninitialized>
         <run_address>0x200062a0</run_address>
         <size>0x8</size>
         <input_file_ref idref="fl-a"/>
      </object_component>
      <object_component id="oc-1b0">
         <name>.bss:xPendingReadyList</name>
         <uninitialized>true</uninitialized>
         <run_address>0x2000623c</run_address>
         <size>0x14</size>
         <input_file_ref idref="fl-a"/>
      </object_component>
      <object_component id="oc-19b">
         <name>.bss:xTasksWaitingTermination</name>
         <uninitialized>true</uninitialized>
         <run_address>0x20006264</run_address>
         <size>0x14</size>
         <input_file_ref idref="fl-a"/>
      </object_component>
      <object_component id="oc-1a1">
         <name>.bss:xSuspendedTaskList</name>
         <uninitialized>true</uninitialized>
         <run_address>0x20006250</run_address>
         <size>0x14</size>
         <input_file_ref idref="fl-a"/>
      </object_component>
      <object_component id="oc-388">
         <name>.bss:xActiveTimerList1</name>
         <uninitialized>true</uninitialized>
         <run_address>0x200061ec</run_address>
         <size>0x14</size>
         <input_file_ref idref="fl-b"/>
      </object_component>
      <object_component id="oc-38b">
         <name>.bss:xActiveTimerList2</name>
         <uninitialized>true</uninitialized>
         <run_address>0x20006200</run_address>
         <size>0x14</size>
         <input_file_ref idref="fl-b"/>
      </object_component>
      <object_component id="oc-385">
         <name>.bss</name>
         <uninitialized>true</uninitialized>
         <run_address>0x200062a8</run_address>
         <size>0x8</size>
         <input_file_ref idref="fl-b"/>
      </object_component>
      <object_component id="oc-373">
         <name>.bss:ucHeap</name>
         <uninitialized>true</uninitialized>
         <run_address>0x2000026c</run_address>
         <size>0x5000</size>
         <input_file_ref idref="fl-e"/>
      </object_component>
      <object_component id="oc-370">
         <name>.bss:xStart</name>
         <uninitialized>true</uninitialized>
         <run_address>0x200062c0</run_address>
         <size>0x8</size>
         <input_file_ref idref="fl-e"/>
[...]
      </symbol>
      <symbol id="sm-1e6a">
         <name>USBLibDMASizeGet</name>
         <value>0xeb31</value>
         <object_component_ref idref="oc-2da"/>
      </symbol>
      <symbol id="sm-1e6b">
         <name>USBLibDMAAddrGet</name>
         <value>0xeb19</value>
         <object_component_ref idref="oc-2da"/>
      </symbol>
      <symbol id="sm-1e6c">
         <name>USBLibDMAInit</name>
         <value>0xeb49</value>
         <object_component_ref idref="oc-2da"/>
      </symbol>
      <symbol id="sm-1ee7">
         <name>g_ui32PollRate</name>
         <value>0x200062e8</value>
      </symbol>
      <symbol id="sm-1ee8">
         <name>g_eOTGModeState</name>
         <value>0x200062f8</value>
      </symbol>
      <symbol id="sm-1ee9">
         <name>USBOTGModeTerm</name>
         <value>0x15b7f</value>
         <object_component_ref idref="oc-41b"/>
      </symbol>
      <symbol id="sm-1eea">
         <name>USB0DualModeIntHandler</name>
         <value>0x15a73</value>
         <object_component_ref idref="oc-41b"/>
      </symbol>
      <symbol id="sm-1eeb">
         <name>USBOTGMain</name>
         <value>0x15e1f</value>
         <object_component_ref idref="oc-41b"/>
      </symbol>
      <symbol id="sm-1eec">
         <name>USB0OTGModeIntHandler</name>
         <value>0x15d1d</value>
         <object_component_ref idref="oc-41b"/>
      </symbol>
      <symbol id="sm-1eed">
         <name>USBDualModeInit</name>
         <value>0x15abf</value>
         <object_component_ref idref="oc-41b"/>
      </symbol>
      <symbol id="sm-1eee">
         <name>USBDualModeTerm</name>
         <value>0x15b3d</value>
         <object_component_ref idref="oc-41b"/>
      </symbol>
      <symbol id="sm-1eef">
         <name>g_iUSBMode</name>
         <value>0x200065d0</value>
         <object_component_ref idref="oc-2ea"/>
      </symbol>
      <symbol id="sm-1ef0">
         <name>USBOTGModeInit</name>
         <value>0x15bc7</value>
         <object_component_ref idref="oc-41b"/>
      </symbol>
      <symbol id="sm-1ef1">
         <name>USBStackModeSet</name>
         <value>0x15a29</value>
         <object_component_ref idref="oc-41b"/>
      </symbol>
      <symbol id="sm-1ef2">
         <name>g_ui32WaitTicks</name>
         <value>0x200065d4</value>
         <object_component_ref idref="oc-2ea"/>
      </symbol>
      <symbol id="sm-1ef3">
         <name>USBOTGPollRate</name>
         <value>0x15ced</value>
         <object_component_ref idref="oc-41b"/>
      </symbol>
      <symbol id="sm-1ef4">
         <name>OTGDeviceDisconnect</name>
         <value>0x15e05</value>
         <object_component_ref idref="oc-41b"/>
      </symbol>
      <symbol id="sm-1ef5">
         <name>USBOTGFeatureSet</name>
         <value>0x15ebd</value>
         <object_component_ref idref="oc-41b"/>
      </symbol>
      <symbol id="sm-1f4c">
         <name>USBRingBufWrite</name>
         <value>0x1676f</value>
         <object_component_ref idref="oc-54f"/>
      </symbol>
      <symbol id="sm-1f4d">
         <name>USBRingBufContigUsed</name>
         <value>0x164f1</value>
         <object_component_ref idref="oc-54f"/>
      </symbol>
      <symbol id="sm-1f4e">
         <name>USBRingBufFlush</name>
         <value>0x16467</value>
         <object_component_ref idref="oc-54f"/>
      </symbol>
      <symbol id="sm-1f4f">
         <name>USBRingBufAdvanceWrite</name>
         <value>0x16699</value>
         <object_component_ref idref="oc-54f"/>
      </symbol>
      <symbol id="sm-1f50">
         <name>USBRingBufWriteOne</name>
         <value>0x16729</value>
         <object_component_ref idref="oc-54f"/>
      </symbol>
      <symbol id="sm-1f51">
         <name>USBRingBufUsed</name>
         <value>0x16493</value>
         <object_component_ref idref="oc-54f"/>
      </symbol>
      <symbol id="sm-1f52">
         <name>USBRingBufFree</name>
         <value>0x164cd</value>
         <object_component_ref idref="oc-54f"/>
      </symbol>
      <symbol id="sm-1f53">
         <name>USBRingBufAdvanceRead</name>
         <value>0x16643</value>
         <object_component_ref idref="oc-54f"/>
      </symbol>
      <symbol id="sm-1f54">
         <name>USBRingBufFull</name>
         <value>0x163f3</value>
         <object_component_ref idref="oc-54f"/>
      </symbol>
      <symbol id="sm-1f55">
         <name>USBRingBufReadOne</name>
         <value>0x16587</value>
         <object_component_ref idref="oc-54f"/>
      </symbol>
      <symbol id="sm-1f56">
         <name>USBRingBufEmpty</name>
         <value>0x16435</value>
         <object_component_ref idref="oc-54f"/>
      </symbol>
      <symbol id="sm-1f57">
         <name>USBRingBufSize</name>
         <value>0x1656f</value>
         <object_component_ref idref="oc-54f"/>
      </symbol>
      <symbol id="sm-1f58">
         <name>USBRingBufInit</name>
         <value>0x167e5</value>
         <object_component_ref idref="oc-54f"/>
      </symbol>
      <symbol id="sm-1f59">
         <name>USBRingBufRead</name>
         <value>0x165cd</value>
         <object_component_ref idref="oc-54f"/>
      </symbol>
      <symbol id="sm-1f5a">
         <name>USBRingBufContigFree</name>
         <value>0x16529</value>
         <object_component_ref idref="oc-54f"/>
      </symbol>
      <symbol id="sm-1f83">
         <name>g_pfnTickHandlers</name>
         <value>0x200061a8</value>
      </symbol>
      <symbol id="sm-1f84">
         <name>g_pvTickInstance</name>
         <value>0x200061c0</value>
      </symbol>
      <symbol id="sm-1f85">
         <name>g_ui32USBSOFCount</name>
         <value>0x200065b4</value>
         <object_component_ref idref="oc-305"/>
      </symbol>
      <symbol id="sm-1f86">
         <name>InternalUSBTickReset</name>
         <value>0x19f6b</value>
         <object_component_ref idref="oc-2e0"/>
      </symbol>
      <symbol id="sm-1f87">
         <name>g_bUSBTimerInitialized</name>
         <value>0x200065ac</value>
         <object_component_ref idref="oc-305"/>
      </symbol>
      <symbol id="sm-1f88">
         <name>g_ui32CurrentUSBTick</name>
         <value>0x200065b0</value>
         <object_component_ref idref="oc-305"/>
      </symbol>
      <symbol id="sm-1f89">
         <name>InternalUSBStartOfFrameTick</name>
         <value>0x19fc3</value>
         <object_component_ref idref="oc-2e0"/>
      </symbol>
      <symbol id="sm-1f8a">
         <name>InternalUSBRegisterTickHandler</name>
         <value>0x19f73</value>
         <object_component_ref idref="oc-2e0"/>
      </symbol>
      <symbol id="sm-1f8b">
         <name>InternalUSBTickInit</name>
         <value>0x19f2d</value>
         <object_component_ref idref="oc-2e0"/>
      </symbol>
      <symbol id="sm-1f98">
         <name>ULPIPowerTransceiver</name>
         <value>0x1a267</value>
         <object_component_ref idref="oc-2d4"/>
      </symbol>
      <symbol id="sm-1f99">
         <name>ULPIConfigSet</name>
         <value>0x1a1c5</value>
         <object_component_ref idref="oc-2d4"/>
      </symbol>
      <symbol id="sm-1fb3">
         <name>GetOverflowCounts</name>
         <value>0x1aca1</value>
         <object_component_ref idref="oc-1b6"/>
      </symbol>
      <symbol id="sm-1fb4">
         <name>vConfigureTimerForRunTimeStats</name>
         <value>0x1a77d</value>
         <object_component_ref idref="oc-1aa"/>
      </symbol>
      <symbol id="sm-1fd4">
         <name>CmdLineProcess</name>
         <value>0x1a341</value>
         <object_component_ref idref="oc-2bb"/>
      </symbol>
      <symbol id="sm-2004">
         <name>CPUUsageInit</name>
         <value>0x19a07</value>
         <object_component_ref idref="oc-10f"/>
      </symbol>
      <symbol id="sm-2005">
         <name>CPUUsageTick</name>
         <value>0x199c9</value>
         <object_component_ref idref="oc-10f"/>
      </symbol>
      <symbol id="sm-210f">
         <name>UARTTxBytesFree</name>
         <value>0x12357</value>
         <object_component_ref idref="oc-38"/>
      </symbol>
      <symbol id="sm-2110">
         <name>UARTFlushRx</name>
         <value>0x12363</value>
         <object_component_ref idref="oc-38"/>
      </symbol>
      <symbol id="sm-2111">
         <name>UARTgetc</name>
         <value>0x11fed</value>
         <object_component_ref idref="oc-38"/>
      </symbol>
      <symbol id="sm-2112">
         <name>UARTgets</name>
         <value>0x11b8d</value>
         <object_component_ref idref="oc-38"/>
      </symbol>
      <symbol id="sm-2113">
         <name>UARTFlushTx</name>
         <value>0x12371</value>
         <object_component_ref idref="oc-38"/>
      </symbol>
      <symbol id="sm-2114">
         <name>UARTStdioConfig</name>
         <value>0x11997</value>
         <object_component_ref idref="oc-38"/>
      </symbol>
      <symbol id="sm-2115">
         <name>UARTStdioIntHandler</name>
         <value>0x123bf</value>
         <object_component_ref idref="oc-38"/>
      </symbol>
      <symbol id="sm-2116">
         <name>UARTRxBytesAvail</name>
         <value>0x1234b</value>
         <object_component_ref idref="oc-38"/>
      </symbol>
      <symbol id="sm-2117">
         <name>UARTwrite</name>
         <value>0x11ac3</value>
         <object_component_ref idref="oc-38"/>
      </symbol>
      <symbol id="sm-2118">
         <name>UARTEchoSet</name>
         <value>0x12397</value>
         <object_component_ref idref="oc-38"/>
      </symbol>
      <symbol id="sm-2119">
         <name>UARTprintf</name>
         <value>0x12327</value>
         <object_component_ref idref="oc-38"/>
      </symbol>
      <symbol id="sm-211a">
         <name>UARTvprintf</name>
         <value>0x12015</value>
         <object_component_ref idref="oc-38"/>
      </symbol>
      <symbol id="sm-2141">
         <name>sprintf</name>
         <value>0x1ab15</value>
         <object_component_ref idref="oc-1cf"/>
      </symbol>
      <symbol id="sm-214b">
         <name>__aeabi_f2ulz</name>
         <value>0x1a9ad</value>
         <object_component_ref idref="oc-293"/>
      </symbol>
      <symbol id="sm-2166">
         <name>memcpy</name>
         <value>0x1a3ed</value>
         <object_component_ref idref="oc-5e"/>
      </symbol>
      <symbol id="sm-2167">
         <name>__aeabi_memcpy</name>
         <value>0x1a3ed</value>
         <object_component_ref idref="oc-5e"/>
      </symbol>
      <symbol id="sm-2168">
         <name>__aeabi_memcpy8</name>
         <value>0x1a3ed</value>
         <object_component_ref idref="oc-5e"/>
      </symbol>
      <symbol id="sm-2169">
         <name>__aeabi_memcpy4</name>
         <value>0x1a3ed</value>
         <object_component_ref idref="oc-5e"/>
      </symbol>
      <symbol id="sm-2178">
         <name>__aeabi_memset</name>
         <value>0x1a62d</value>
         <object_component_ref idref="oc-16a"/>
      </symbol>
      <symbol id="sm-2179">
         <name>memset</name>
         <value>0x1a633</value>
         <object_component_ref idref="oc-16a"/>
      </symbol>
      <symbol id="sm-217a">
         <name>__aeabi_memset8</name>
         <value>0x1a62d</value>
         <object_component_ref idref="oc-16a"/>
      </symbol>
      <symbol id="sm-217b">
         <name>__aeabi_memset4</name>
         <value>0x1a62d</value>
         <object_component_ref idref="oc-16a"/>
      </symbol>
      <symbol id="sm-217c">
         <name>__aeabi_memclr8</name>
         <value>0x1a62b</value>
         <object_component_ref idref="oc-16a"/>
      </symbol>
      <symbol id="sm-217d">
         <name>__aeabi_memclr4</name>
         <value>0x1a62b</value>
         <object_component_ref idref="oc-16a"/>
      </symbol>
      <symbol id="sm-217e">
         <name>__aeabi_memclr</name>
         <value>0x1a62b</value>
         <object_component_ref idref="oc-16a"/>
      </symbol>
      <symbol id="sm-218d">
         <name>__aeabi_uidivmod</name>
         <value>0x1aad5</value>
         <object_component_ref idref="oc-d3"/>
      </symbol>
      <symbol id="sm-218e">
         <name>__aeabi_uidiv</name>
         <value>0x1aad5</value>
         <object_component_ref idref="oc-d3"/>
      </symbol>
      <symbol id="sm-21a0">
         <name>__TI_zero_init</name>
         <value>0x1adc5</value>
         <object_component_ref idref="oc-70"/>
      </symbol>
      <symbol id="sm-21b7">
         <name>__TI_decompress_none</name>
         <value>0x1adb7</value>
         <object_component_ref idref="oc-1b"/>
      </symbol>
      <symbol id="sm-21da">
         <name>__TI_decompress_lzss</name>
         <value>0x1a7e5</value>
         <object_component_ref idref="oc-15"/>
      </symbol>
      <symbol id="sm-21e9">
         <name>strcmp</name>
         <value>0x1ad4f</value>
         <object_component_ref idref="oc-473"/>
      </symbol>
      <symbol id="sm-21f7">
         <name>strcpy</name>
         <value>0x1ad7d</value>
         <object_component_ref idref="oc-1c3"/>
      </symbol>
      <symbol id="sm-2205">
         <name>strlen</name>
         <value>0x1ad91</value>
         <object_component_ref idref="oc-1c9"/>
      </symbol>
      <symbol id="sm-2215">
         <name>strncmp</name>
         <value>0x1ac73</value>
         <object_component_ref idref="oc-2a6"/>
      </symbol>
      <symbol id="sm-2267">
         <name>strtof</name>
         <value>0x178fd</value>
         <object_component_ref idref="oc-2af"/>
      </symbol>
      <symbol id="sm-2287">
         <name>strtoul</name>
         <value>0x19d21</value>
         <object_component_ref idref="oc-2b5"/>
      </symbol>
      <symbol id="sm-229a">
         <name>__stack</name>
         <value>0x20006608</value>
         <object_component_ref idref="oc-24"/>
      </symbol>
      <symbol id="sm-229b">
         <name>_c_int00_noargs</name>
         <value>0x1ac11</value>
         <object_component_ref idref="oc-7c"/>
      </symbol>
      <symbol id="sm-22b1">
         <name>__aeabi_errno_addr</name>
         <value>0x1addd</value>
         <object_component_ref idref="oc-45c"/>
      </symbol>
      <symbol id="sm-22b2">
         <name>errno</name>
         <value>0x20006600</value>
         <object_component_ref idref="oc-5ac"/>
      </symbol>
      <symbol id="sm-22d9">
         <name>scalbnf</name>
         <value>0x1a0f5</value>
         <object_component_ref idref="oc-462"/>
      </symbol>
      <symbol id="sm-22da">
         <name>ldexpf</name>
         <value>0x1a0f5</value>
         <object_component_ref idref="oc-462"/>
      </symbol>
      <symbol id="sm-243f">
         <name>__TI_printfi</name>
         <value>0x12fd1</value>
         <object_component_ref idref="oc-3ad"/>
      </symbol>
      <symbol id="sm-244c">
         <name>copysignf</name>
         <value>0x1ad37</value>
         <object_component_ref idref="oc-5b1"/>
      </symbol>
      <symbol id="sm-2456">
         <name>__aeabi_idiv0</name>
         <value>0x13a1f</value>
         <object_component_ref idref="oc-220"/>
      </symbol>
      <symbol id="sm-2457">
         <name>__aeabi_ldiv0</name>
         <value>0x13a1f</value>
         <object_component_ref idref="oc-220"/>
      </symbol>
      <symbol id="sm-246e">
         <name>__aeabi_dsub</name>
         <value>0x19205</value>
         <object_component_ref idref="oc-647"/>
      </symbol>
      <symbol id="sm-246f">
         <name>__aeabi_dadd</name>
         <value>0x1920f</value>
         <object_component_ref idref="oc-647"/>
      </symbol>
      <symbol id="sm-2491">
         <name>__aeabi_cdcmpeq</name>
         <value>0x1a51f</value>
         <object_component_ref idref="oc-508"/>
      </symbol>
      <symbol id="sm-2492">
         <name>__aeabi_cdcmple</name>
         <value>0x1a51f</value>
         <object_component_ref idref="oc-508"/>
      </symbol>
      <symbol id="sm-2493">
         <name>__aeabi_cdrcmple</name>
         <value>0x1a5a5</value>
         <object_component_ref idref="oc-632"/>
      </symbol>
      <symbol id="sm-24a7">
         <name>__aeabi_ddiv</name>
         <value>0x19641</value>
         <object_component_ref idref="oc-62d"/>
      </symbol>
      <symbol id="sm-24b2">
         <name>__aeabi_dmul</name>
         <value>0x19e31</value>
         <object_component_ref idref="oc-628"/>
      </symbol>
      <symbol id="sm-24bc">
         <name>__aeabi_d2iz</name>
         <value>0x1aa49</value>
         <object_component_ref idref="oc-637"/>
      </symbol>
      <symbol id="sm-24c6">
         <name>__aeabi_i2d</name>
         <value>0x1ac45</value>
         <object_component_ref idref="oc-642"/>
      </symbol>
      <symbol id="sm-24d3">
         <name>__aeabi_uldivmod</name>
         <value>0x1a489</value>
         <object_component_ref idref="oc-621"/>
      </symbol>
      <symbol id="sm-24fb">
         <name>__TI_auto_init_nobinit_nopinit</name>
         <value>0x1aa91</value>
         <object_component_ref idref="oc-32a"/>
      </symbol>
      <symbol id="sm-2505">
         <name>_system_pre_init</name>
         <value>0x1adeb</value>
         <object_component_ref idref="oc-170"/>
      </symbol>
      <symbol id="sm-2511">
         <name>C$$EXIT</name>
         <value>0x1adef</value>
         <object_component_ref idref="oc-31e"/>
      </symbol>
      <symbol id="sm-2512">
         <name>abort</name>
         <value>0x1adef</value>
         <object_component_ref idref="oc-31e"/>
      </symbol>
      <symbol id="sm-2522">
         <name>__TI_ltoa</name>
         <value>0x1a907</value>
         <object_component_ref idref="oc-63c"/>
      </symbol>
      <symbol id="sm-2539">
         <name>atoi</name>
         <value>0x1a9fd</value>
         <object_component_ref idref="oc-4fc"/>
      </symbol>
      <symbol id="sm-2544">
         <name>_ctypes_</name>
         <value>0x1b3f8</value>
         <object_component_ref idref="oc-468"/>
      </symbol>
      <symbol id="sm-2554">
         <name>memccpy</name>
         <value>0x1ace9</value>
         <object_component_ref idref="oc-525"/>
      </symbol>
      <symbol id="sm-2564">
         <name>strchr</name>
         <value>0x1ad67</value>
         <object_component_ref idref="oc-673"/>
      </symbol>
      <symbol id="sm-257d">
         <name>wcslen</name>
         <value>0x1ada5</value>
         <object_component_ref idref="oc-52b"/>
      </symbol>
      <symbol id="sm-2593">
         <name>frexpl</name>
         <value>0x1a84d</value>
         <object_component_ref idref="oc-667"/>
      </symbol>
      <symbol id="sm-2594">
         <name>frexp</name>
         <value>0x1a84d</value>
         <object_component_ref idref="oc-667"/>
      </symbol>
      <symbol id="sm-25b1">
         <name>scalbn</name>
         <value>0x19c11</value>
         <object_component_ref idref="oc-66d"/>
      </symbol>
      <symbol id="sm-25b2">
         <name>scalbnl</name>
         <value>0x19c11</value>
         <object_component_ref idref="oc-66d"/>
      </symbol>
      <symbol id="sm-25b3">
         <name>ldexpl</name>
         <value>0x19c11</value>
         <object_component_ref idref="oc-66d"/>
      </symbol>
      <symbol id="sm-25b4">
         <name>ldexp</name>
         <value>0x19c11</value>
         <object_component_ref idref="oc-66d"/>
      </symbol>
      <symbol id="sm-25be">
         <name>copysign</name>
         <value>0x1ad05</value>
         <object_component_ref idref="oc-729"/>
      </symbol>
      <symbol id="sm-25bf">
         <name>copysignl</name>
         <value>0x1ad05</value>
         <object_component_ref idref="oc-729"/>
      </symbol>
      <symbol id="sm-25c0">
         <name>__TI_static_base__</name>
         <value>0x0</value>
      </symbol>
      <symbol id="sm-25c3">
         <name>__mpu_init</name>
         <value>0x0</value>
      </symbol>
      <symbol id="sm-25c4">
         <name>_system_post_cinit</name>
         <value>0x0</value>
      </symbol>
   </symbol_table>
   <title>Link successful</title>
</link_info>
