<?xml version="1.0" encoding="ISO-8859-1" ?>
<link_info>
   <banner>TI ARM Linker PC v18.12.4.LTS</banner>
   <copyright>Copyright (c) 1996-2018 Texas Instruments Incorporated</copyright>
   <link_time>0x5eeb349c</link_time>
   <link_errors>0x0</link_errors>
   <output_file>base-practica-TIVA-2020-ADC.out</output_file>
   <entry_point>
      <name>_c_int00_noargs</name>
      <address>0x18ff9</address>
   </entry_point>
   <input_file_list>
      <input_file id="fl-2">
         <path>.\</path>
         <kind>object</kind>
         <file>commands.obj</file>
         <name>commands.obj</name>
      </input_file>
      <input_file id="fl-3">
         <path>.\</path>
         <kind>object</kind>
         <file>main.obj</file>
         <name>main.obj</name>
      </input_file>
      <input_file id="fl-4">
         <path>.\</path>
         <kind>object</kind>
         <file>startup_ccs.obj</file>
         <name>startup_ccs.obj</name>
      </input_file>
      <input_file id="fl-5">
         <path>.\FreeRTOS\Source\</path>
         <kind>object</kind>
         <file>croutine.obj</file>
         <name>croutine.obj</name>
      </input_file>
      <input_file id="fl-6">
         <path>.\FreeRTOS\Source\</path>
         <kind>object</kind>
         <file>event_groups.obj</file>
         <name>event_groups.obj</name>
      </input_file>
      <input_file id="fl-7">
         <path>.\FreeRTOS\Source\</path>
         <kind>object</kind>
         <file>list.obj</file>
         <name>list.obj</name>
      </input_file>
      <input_file id="fl-8">
         <path>.\FreeRTOS\Source\</path>
         <kind>object</kind>
         <file>queue.obj</file>
         <name>queue.obj</name>
      </input_file>
      <input_file id="fl-9">
         <path>.\FreeRTOS\Source\</path>
         <kind>object</kind>
         <file>stream_buffer.obj</file>
         <name>stream_buffer.obj</name>
      </input_file>
      <input_file id="fl-a">
         <path>.\FreeRTOS\Source\</path>
         <kind>object</kind>
         <file>tasks.obj</file>
         <name>tasks.obj</name>
      </input_file>
      <input_file id="fl-b">
         <path>.\FreeRTOS\Source\</path>
         <kind>object</kind>
         <file>timers.obj</file>
         <name>timers.obj</name>
      </input_file>
      <input_file id="fl-c">
         <path>.\FreeRTOS\Source\portable\CCS\ARM_CM4F\</path>
         <kind>object</kind>
         <file>port.obj</file>
         <name>port.obj</name>
      </input_file>
      <input_file id="fl-d">
         <path>.\FreeRTOS\Source\portable\CCS\ARM_CM4F\</path>
         <kind>object</kind>
         <file>portasm.obj</file>
         <name>portasm.obj</name>
      </input_file>
      <input_file id="fl-e">
         <path>.\FreeRTOS\Source\portable\MemMang\</path>
         <kind>object</kind>
         <file>heap_4.obj</file>
         <name>heap_4.obj</name>
      </input_file>
      <input_file id="fl-f">
         <path>.\driverlib\</path>
         <kind>object</kind>
         <file>adc.obj</file>
         <name>adc.obj</name>
      </input_file>
      <input_file id="fl-10">
         <path>.\driverlib\</path>
         <kind>object</kind>
         <file>aes.obj</file>
         <name>aes.obj</name>
      </input_file>
      <input_file id="fl-11">
         <path>.\driverlib\</path>
         <kind>object</kind>
         <file>can.obj</file>
         <name>can.obj</name>
      </input_file>
      <input_file id="fl-12">
         <path>.\driverlib\</path>
         <kind>object</kind>
         <file>comp.obj</file>
         <name>comp.obj</name>
      </input_file>
      <input_file id="fl-13">
         <path>.\driverlib\</path>
         <kind>object</kind>
         <file>cpu.obj</file>
         <name>cpu.obj</name>
      </input_file>
      <input_file id="fl-14">
         <path>.\driverlib\</path>
         <kind>object</kind>
         <file>crc.obj</file>
         <name>crc.obj</name>
      </input_file>
      <input_file id="fl-15">
         <path>.\driverlib\</path>
         <kind>object</kind>
         <file>des.obj</file>
         <name>des.obj</name>
      </input_file>
      <input_file id="fl-16">
         <path>.\driverlib\</path>
         <kind>object</kind>
         <file>eeprom.obj</file>
         <name>eeprom.obj</name>
      </input_file>
      <input_file id="fl-17">
         <path>.\driverlib\</path>
         <kind>object</kind>
         <file>emac.obj</file>
         <name>emac.obj</name>
      </input_file>
      <input_file id="fl-18">
         <path>.\driverlib\</path>
         <kind>object</kind>
         <file>epi.obj</file>
         <name>epi.obj</name>
      </input_file>
      <input_file id="fl-19">
         <path>.\driverlib\</path>
         <kind>object</kind>
         <file>epi_workaround_ccs.obj</file>
         <name>epi_workaround_ccs.obj</name>
      </input_file>
      <input_file id="fl-1a">
         <path>.\driverlib\</path>
         <kind>object</kind>
         <file>flash.obj</file>
         <name>flash.obj</name>
      </input_file>
      <input_file id="fl-1b">
         <path>.\driverlib\</path>
         <kind>object</kind>
         <file>fpu.obj</file>
         <name>fpu.obj</name>
      </input_file>
      <input_file id="fl-1c">
         <path>.\driverlib\</path>
         <kind>object</kind>
         <file>gpio.obj</file>
         <name>gpio.obj</name>
      </input_file>
      <input_file id="fl-1d">
         <path>.\driverlib\</path>
         <kind>object</kind>
         <file>hibernate.obj</file>
         <name>hibernate.obj</name>
      </input_file>
      <input_file id="fl-1e">
         <path>.\driverlib\</path>
         <kind>object</kind>
         <file>i2c.obj</file>
         <name>i2c.obj</name>
      </input_file>
      <input_file id="fl-1f">
         <path>.\driverlib\</path>
         <kind>object</kind>
         <file>interrupt.obj</file>
         <name>interrupt.obj</name>
      </input_file>
      <input_file id="fl-20">
         <path>.\driverlib\</path>
         <kind>object</kind>
         <file>lcd.obj</file>
         <name>lcd.obj</name>
      </input_file>
      <input_file id="fl-21">
         <path>.\driverlib\</path>
         <kind>object</kind>
         <file>mpu.obj</file>
         <name>mpu.obj</name>
      </input_file>
      <input_file id="fl-22">
         <path>.\driverlib\</path>
         <kind>object</kind>
         <file>onewire.obj</file>
         <name>onewire.obj</name>
      </input_file>
      <input_file id="fl-23">
         <path>.\driverlib\</path>
         <kind>object</kind>
         <file>pwm.obj</file>
         <name>pwm.obj</name>
      </input_file>
      <input_file id="fl-24">
         <path>.\driverlib\</path>
         <kind>object</kind>
         <file>qei.obj</file>
         <name>qei.obj</name>
      </input_file>
      <input_file id="fl-25">
         <path>.\driverlib\</path>
         <kind>object</kind>
         <file>shamd5.obj</file>
         <name>shamd5.obj</name>
      </input_file>
      <input_file id="fl-26">
         <path>.\driverlib\</path>
         <kind>object</kind>
         <file>ssi.obj</file>
         <name>ssi.obj</name>
      </input_file>
      <input_file id="fl-27">
         <path>.\driverlib\</path>
         <kind>object</kind>
         <file>sw_crc.obj</file>
         <name>sw_crc.obj</name>
      </input_file>
      <input_file id="fl-28">
         <path>.\driverlib\</path>
         <kind>object</kind>
         <file>sysctl.obj</file>
         <name>sysctl.obj</name>
      </input_file>
      <input_file id="fl-29">
         <path>.\driverlib\</path>
         <kind>object</kind>
         <file>sysexc.obj</file>
         <name>sysexc.obj</name>
      </input_file>
      <input_file id="fl-2a">
         <path>.\driverlib\</path>
         <kind>object</kind>
         <file>systick.obj</file>
         <name>systick.obj</name>
      </input_file>
      <input_file id="fl-2b">
         <path>.\driverlib\</path>
         <kind>object</kind>
         <file>timer.obj</file>
         <name>timer.obj</name>
      </input_file>
      <input_file id="fl-2c">
         <path>.\driverlib\</path>
         <kind>object</kind>
         <file>uart.obj</file>
         <name>uart.obj</name>
      </input_file>
      <input_file id="fl-2d">
         <path>.\driverlib\</path>
         <kind>object</kind>
         <file>udma.obj</file>
         <name>udma.obj</name>
      </input_file>
      <input_file id="fl-2e">
         <path>.\driverlib\</path>
         <kind>object</kind>
         <file>usb.obj</file>
         <name>usb.obj</name>
      </input_file>
      <input_file id="fl-2f">
         <path>.\driverlib\</path>
         <kind>object</kind>
         <file>watchdog.obj</file>
         <name>watchdog.obj</name>
      </input_file>
      <input_file id="fl-30">
         <path>.\drivers\</path>
         <kind>object</kind>
         <file>buttons.obj</file>
         <name>buttons.obj</name>
      </input_file>
      <input_file id="fl-31">
         <path>.\drivers\</path>
         <kind>object</kind>
         <file>configADC.obj</file>
         <name>configADC.obj</name>
      </input_file>
      <input_file id="fl-32">
         <path>.\drivers\</path>
         <kind>object</kind>
         <file>rgb.obj</file>
         <name>rgb.obj</name>
      </input_file>
      <input_file id="fl-33">
         <path>.\remotelink\</path>
         <kind>object</kind>
         <file>crc.obj</file>
         <name>crc.obj</name>
      </input_file>
      <input_file id="fl-34">
         <path>.\remotelink\</path>
         <kind>object</kind>
         <file>remotelink.obj</file>
         <name>remotelink.obj</name>
      </input_file>
      <input_file id="fl-35">
         <path>.\remotelink\</path>
         <kind>object</kind>
         <file>serialprotocol.obj</file>
         <name>serialprotocol.obj</name>
      </input_file>
      <input_file id="fl-36">
         <path>.\remotelink\</path>
         <kind>object</kind>
         <file>usb_dev_serial.obj</file>
         <name>usb_dev_serial.obj</name>
      </input_file>
      <input_file id="fl-37">
         <path>.\remotelink\</path>
         <kind>object</kind>
         <file>usb_serial_structs.obj</file>
         <name>usb_serial_structs.obj</name>
      </input_file>
      <input_file id="fl-38">
         <path>.\usblib\device\</path>
         <kind>object</kind>
         <file>usbdaudio.obj</file>
         <name>usbdaudio.obj</name>
      </input_file>
      <input_file id="fl-39">
         <path>.\usblib\device\</path>
         <kind>object</kind>
         <file>usbdbulk.obj</file>
         <name>usbdbulk.obj</name>
      </input_file>
      <input_file id="fl-3a">
         <path>.\usblib\device\</path>
         <kind>object</kind>
         <file>usbdcdc.obj</file>
         <name>usbdcdc.obj</name>
      </input_file>
      <input_file id="fl-3b">
         <path>.\usblib\device\</path>
         <kind>object</kind>
         <file>usbdcdesc.obj</file>
         <name>usbdcdesc.obj</name>
      </input_file>
      <input_file id="fl-3c">
         <path>.\usblib\device\</path>
         <kind>object</kind>
         <file>usbdcomp.obj</file>
         <name>usbdcomp.obj</name>
      </input_file>
      <input_file id="fl-3d">
         <path>.\usblib\device\</path>
         <kind>object</kind>
         <file>usbdconfig.obj</file>
         <name>usbdconfig.obj</name>
      </input_file>
      <input_file id="fl-3e">
         <path>.\usblib\device\</path>
         <kind>object</kind>
         <file>usbddfu-rt.obj</file>
         <name>usbddfu-rt.obj</name>
      </input_file>
      <input_file id="fl-3f">
         <path>.\usblib\device\</path>
         <kind>object</kind>
         <file>usbdenum.obj</file>
         <name>usbdenum.obj</name>
      </input_file>
      <input_file id="fl-40">
         <path>.\usblib\device\</path>
         <kind>object</kind>
         <file>usbdhandler.obj</file>
         <name>usbdhandler.obj</name>
      </input_file>
      <input_file id="fl-41">
         <path>.\usblib\device\</path>
         <kind>object</kind>
         <file>usbdhid.obj</file>
         <name>usbdhid.obj</name>
      </input_file>
      <input_file id="fl-42">
         <path>.\usblib\device\</path>
         <kind>object</kind>
         <file>usbdhidgamepad.obj</file>
         <name>usbdhidgamepad.obj</name>
      </input_file>
      <input_file id="fl-43">
         <path>.\usblib\device\</path>
         <kind>object</kind>
         <file>usbdhidkeyb.obj</file>
         <name>usbdhidkeyb.obj</name>
      </input_file>
      <input_file id="fl-44">
         <path>.\usblib\device\</path>
         <kind>object</kind>
         <file>usbdhidmouse.obj</file>
         <name>usbdhidmouse.obj</name>
      </input_file>
      <input_file id="fl-45">
         <path>.\usblib\device\</path>
         <kind>object</kind>
         <file>usbdmsc.obj</file>
         <name>usbdmsc.obj</name>
      </input_file>
      <input_file id="fl-46">
         <path>.\usblib\host\</path>
         <kind>object</kind>
         <file>usbhaudio.obj</file>
         <name>usbhaudio.obj</name>
      </input_file>
      <input_file id="fl-47">
         <path>.\usblib\host\</path>
         <kind>object</kind>
         <file>usbhhid.obj</file>
         <name>usbhhid.obj</name>
      </input_file>
      <input_file id="fl-48">
         <path>.\usblib\host\</path>
         <kind>object</kind>
         <file>usbhhidkeyboard.obj</file>
         <name>usbhhidkeyboard.obj</name>
      </input_file>
      <input_file id="fl-49">
         <path>.\usblib\host\</path>
         <kind>object</kind>
         <file>usbhhidmouse.obj</file>
         <name>usbhhidmouse.obj</name>
      </input_file>
      <input_file id="fl-4a">
         <path>.\usblib\host\</path>
         <kind>object</kind>
         <file>usbhhub.obj</file>
         <name>usbhhub.obj</name>
      </input_file>
      <input_file id="fl-4b">
         <path>.\usblib\host\</path>
         <kind>object</kind>
         <file>usbhmsc.obj</file>
         <name>usbhmsc.obj</name>
      </input_file>
      <input_file id="fl-4c">
         <path>.\usblib\host\</path>
         <kind>object</kind>
         <file>usbhostenum.obj</file>
         <name>usbhostenum.obj</name>
      </input_file>
      <input_file id="fl-4d">
         <path>.\usblib\host\</path>
         <kind>object</kind>
         <file>usbhscsi.obj</file>
         <name>usbhscsi.obj</name>
      </input_file>
      <input_file id="fl-4e">
         <path>.\usblib\</path>
         <kind>object</kind>
         <file>usbbuffer.obj</file>
         <name>usbbuffer.obj</name>
      </input_file>
      <input_file id="fl-4f">
         <path>.\usblib\</path>
         <kind>object</kind>
         <file>usbdesc.obj</file>
         <name>usbdesc.obj</name>
      </input_file>
      <input_file id="fl-50">
         <path>.\usblib\</path>
         <kind>object</kind>
         <file>usbdma.obj</file>
         <name>usbdma.obj</name>
      </input_file>
      <input_file id="fl-51">
         <path>.\usblib\</path>
         <kind>object</kind>
         <file>usbkeyboardmap.obj</file>
         <name>usbkeyboardmap.obj</name>
      </input_file>
      <input_file id="fl-52">
         <path>.\usblib\</path>
         <kind>object</kind>
         <file>usbmode.obj</file>
         <name>usbmode.obj</name>
      </input_file>
      <input_file id="fl-53">
         <path>.\usblib\</path>
         <kind>object</kind>
         <file>usbringbuf.obj</file>
         <name>usbringbuf.obj</name>
      </input_file>
      <input_file id="fl-54">
         <path>.\usblib\</path>
         <kind>object</kind>
         <file>usbtick.obj</file>
         <name>usbtick.obj</name>
      </input_file>
      <input_file id="fl-55">
         <path>.\usblib\</path>
         <kind>object</kind>
         <file>usbulpi.obj</file>
         <name>usbulpi.obj</name>
      </input_file>
      <input_file id="fl-56">
         <path>.\utils\</path>
         <kind>object</kind>
         <file>RunTimeStatsConfig.obj</file>
         <name>RunTimeStatsConfig.obj</name>
      </input_file>
      <input_file id="fl-57">
         <path>.\utils\</path>
         <kind>object</kind>
         <file>cmdline.obj</file>
         <name>cmdline.obj</name>
      </input_file>
      <input_file id="fl-58">
         <path>.\utils\</path>
         <kind>object</kind>
         <file>cpu_usage.obj</file>
         <name>cpu_usage.obj</name>
      </input_file>
      <input_file id="fl-59">
         <path>.\utils\</path>
         <kind>object</kind>
         <file>uartstdio.obj</file>
         <name>uartstdio.obj</name>
      </input_file>
      <input_file id="fl-5d">
         <kind>object</kind>
         <file>&lt;internal&gt;</file>
         <name>&lt;internal&gt;</name>
      </input_file>
      <input_file id="fl-113">
         <path>C:\ti\ccs930\ccs\tools\compiler\ti-cgt-arm_18.12.4.LTS\lib\</path>
         <kind>archive</kind>
         <file>rtsv7M4_T_le_v4SPD16_eabi.lib</file>
         <name>sprintf.c.obj</name>
      </input_file>
      <input_file id="fl-114">
         <path>C:\ti\ccs930\ccs\tools\compiler\ti-cgt-arm_18.12.4.LTS\lib\</path>
         <kind>archive</kind>
         <file>rtsv7M4_T_le_v4SPD16_eabi.lib</file>
         <name>fd_add_t2.asm.obj</name>
      </input_file>
      <input_file id="fl-115">
         <path>C:\ti\ccs930\ccs\tools\compiler\ti-cgt-arm_18.12.4.LTS\lib\</path>
         <kind>archive</kind>
         <file>rtsv7M4_T_le_v4SPD16_eabi.lib</file>
         <name>fd_mul_t2.asm.obj</name>
      </input_file>
      <input_file id="fl-116">
         <path>C:\ti\ccs930\ccs\tools\compiler\ti-cgt-arm_18.12.4.LTS\lib\</path>
         <kind>archive</kind>
         <file>rtsv7M4_T_le_v4SPD16_eabi.lib</file>
         <name>fd_tou_t2.asm.obj</name>
      </input_file>
      <input_file id="fl-117">
         <path>C:\ti\ccs930\ccs\tools\compiler\ti-cgt-arm_18.12.4.LTS\lib\</path>
         <kind>archive</kind>
         <file>rtsv7M4_T_le_v4SPD16_eabi.lib</file>
         <name>fs_tod_t2.asm.obj</name>
      </input_file>
      <input_file id="fl-118">
         <path>C:\ti\ccs930\ccs\tools\compiler\ti-cgt-arm_18.12.4.LTS\lib\</path>
         <kind>archive</kind>
         <file>rtsv7M4_T_le_v4SPD16_eabi.lib</file>
         <name>fs_toull_t2.asm.obj</name>
      </input_file>
      <input_file id="fl-119">
         <path>C:\ti\ccs930\ccs\tools\compiler\ti-cgt-arm_18.12.4.LTS\lib\</path>
         <kind>archive</kind>
         <file>rtsv7M4_T_le_v4SPD16_eabi.lib</file>
         <name>memcpy_t2.asm.obj</name>
      </input_file>
      <input_file id="fl-11a">
         <path>C:\ti\ccs930\ccs\tools\compiler\ti-cgt-arm_18.12.4.LTS\lib\</path>
         <kind>archive</kind>
         <file>rtsv7M4_T_le_v4SPD16_eabi.lib</file>
         <name>u_divt2.asm.obj</name>
      </input_file>
      <input_file id="fl-11b">
         <path>C:\ti\ccs930\ccs\tools\compiler\ti-cgt-arm_18.12.4.LTS\lib\</path>
         <kind>archive</kind>
         <file>rtsv7M4_T_le_v4SPD16_eabi.lib</file>
         <name>memset_t2.asm.obj</name>
      </input_file>
      <input_file id="fl-11c">
         <path>C:\ti\ccs930\ccs\tools\compiler\ti-cgt-arm_18.12.4.LTS\lib\</path>
         <kind>archive</kind>
         <file>rtsv7M4_T_le_v4SPD16_eabi.lib</file>
         <name>copy_zero_init.c.obj</name>
      </input_file>
      <input_file id="fl-11d">
         <path>C:\ti\ccs930\ccs\tools\compiler\ti-cgt-arm_18.12.4.LTS\lib\</path>
         <kind>archive</kind>
         <file>rtsv7M4_T_le_v4SPD16_eabi.lib</file>
         <name>copy_decompress_none.c.obj</name>
      </input_file>
      <input_file id="fl-11e">
         <path>C:\ti\ccs930\ccs\tools\compiler\ti-cgt-arm_18.12.4.LTS\lib\</path>
         <kind>archive</kind>
         <file>rtsv7M4_T_le_v4SPD16_eabi.lib</file>
         <name>copy_decompress_lzss.c.obj</name>
      </input_file>
      <input_file id="fl-11f">
         <path>C:\ti\ccs930\ccs\tools\compiler\ti-cgt-arm_18.12.4.LTS\lib\</path>
         <kind>archive</kind>
         <file>rtsv7M4_T_le_v4SPD16_eabi.lib</file>
         <name>rand.c.obj</name>
      </input_file>
      <input_file id="fl-120">
         <path>C:\ti\ccs930\ccs\tools\compiler\ti-cgt-arm_18.12.4.LTS\lib\</path>
         <kind>archive</kind>
         <file>rtsv7M4_T_le_v4SPD16_eabi.lib</file>
         <name>strcmp.c.obj</name>
      </input_file>
      <input_file id="fl-121">
         <path>C:\ti\ccs930\ccs\tools\compiler\ti-cgt-arm_18.12.4.LTS\lib\</path>
         <kind>archive</kind>
         <file>rtsv7M4_T_le_v4SPD16_eabi.lib</file>
         <name>strcpy.c.obj</name>
      </input_file>
      <input_file id="fl-122">
         <path>C:\ti\ccs930\ccs\tools\compiler\ti-cgt-arm_18.12.4.LTS\lib\</path>
         <kind>archive</kind>
         <file>rtsv7M4_T_le_v4SPD16_eabi.lib</file>
         <name>strlen.c.obj</name>
      </input_file>
      <input_file id="fl-123">
         <path>C:\ti\ccs930\ccs\tools\compiler\ti-cgt-arm_18.12.4.LTS\lib\</path>
         <kind>archive</kind>
         <file>rtsv7M4_T_le_v4SPD16_eabi.lib</file>
         <name>strncmp.c.obj</name>
      </input_file>
      <input_file id="fl-124">
         <path>C:\ti\ccs930\ccs\tools\compiler\ti-cgt-arm_18.12.4.LTS\lib\</path>
         <kind>archive</kind>
         <file>rtsv7M4_T_le_v4SPD16_eabi.lib</file>
         <name>strtof.c.obj</name>
      </input_file>
      <input_file id="fl-125">
         <path>C:\ti\ccs930\ccs\tools\compiler\ti-cgt-arm_18.12.4.LTS\lib\</path>
         <kind>archive</kind>
         <file>rtsv7M4_T_le_v4SPD16_eabi.lib</file>
         <name>strtoul.c.obj</name>
      </input_file>
      <input_file id="fl-126">
         <path>C:\ti\ccs930\ccs\tools\compiler\ti-cgt-arm_18.12.4.LTS\lib\</path>
         <kind>archive</kind>
         <file>rtsv7M4_T_le_v4SPD16_eabi.lib</file>
         <name>boot_cortex_m.c.obj</name>
      </input_file>
      <input_file id="fl-127">
         <path>C:\ti\ccs930\ccs\tools\compiler\ti-cgt-arm_18.12.4.LTS\lib\</path>
         <kind>archive</kind>
         <file>rtsv7M4_T_le_v4SPD16_eabi.lib</file>
         <name>errno.c.obj</name>
      </input_file>
      <input_file id="fl-128">
         <path>C:\ti\ccs930\ccs\tools\compiler\ti-cgt-arm_18.12.4.LTS\lib\</path>
         <kind>archive</kind>
         <file>rtsv7M4_T_le_v4SPD16_eabi.lib</file>
         <name>s_scalbnf.c.obj</name>
      </input_file>
      <input_file id="fl-129">
         <path>C:\ti\ccs930\ccs\tools\compiler\ti-cgt-arm_18.12.4.LTS\lib\</path>
         <kind>archive</kind>
         <file>rtsv7M4_T_le_v4SPD16_eabi.lib</file>
         <name>s_copysignf.c.obj</name>
      </input_file>
      <input_file id="fl-12a">
         <path>C:\ti\ccs930\ccs\tools\compiler\ti-cgt-arm_18.12.4.LTS\lib\</path>
         <kind>archive</kind>
         <file>rtsv7M4_T_le_v4SPD16_eabi.lib</file>
         <name>_printfi.c.obj</name>
      </input_file>
      <input_file id="fl-12b">
         <path>C:\ti\ccs930\ccs\tools\compiler\ti-cgt-arm_18.12.4.LTS\lib\</path>
         <kind>archive</kind>
         <file>rtsv7M4_T_le_v4SPD16_eabi.lib</file>
         <name>div0.asm.obj</name>
      </input_file>
      <input_file id="fl-12c">
         <path>C:\ti\ccs930\ccs\tools\compiler\ti-cgt-arm_18.12.4.LTS\lib\</path>
         <kind>archive</kind>
         <file>rtsv7M4_T_le_v4SPD16_eabi.lib</file>
         <name>fd_cmp_t2.asm.obj</name>
      </input_file>
      <input_file id="fl-12d">
         <path>C:\ti\ccs930\ccs\tools\compiler\ti-cgt-arm_18.12.4.LTS\lib\</path>
         <kind>archive</kind>
         <file>rtsv7M4_T_le_v4SPD16_eabi.lib</file>
         <name>fd_div_t2.asm.obj</name>
      </input_file>
      <input_file id="fl-12e">
         <path>C:\ti\ccs930\ccs\tools\compiler\ti-cgt-arm_18.12.4.LTS\lib\</path>
         <kind>archive</kind>
         <file>rtsv7M4_T_le_v4SPD16_eabi.lib</file>
         <name>fd_toi_t2.asm.obj</name>
      </input_file>
      <input_file id="fl-12f">
         <path>C:\ti\ccs930\ccs\tools\compiler\ti-cgt-arm_18.12.4.LTS\lib\</path>
         <kind>archive</kind>
         <file>rtsv7M4_T_le_v4SPD16_eabi.lib</file>
         <name>i_tofd_t2.asm.obj</name>
      </input_file>
      <input_file id="fl-130">
         <path>C:\ti\ccs930\ccs\tools\compiler\ti-cgt-arm_18.12.4.LTS\lib\</path>
         <kind>archive</kind>
         <file>rtsv7M4_T_le_v4SPD16_eabi.lib</file>
         <name>ull_div_t2.asm.obj</name>
      </input_file>
      <input_file id="fl-131">
         <path>C:\ti\ccs930\ccs\tools\compiler\ti-cgt-arm_18.12.4.LTS\lib\</path>
         <kind>archive</kind>
         <file>rtsv7M4_T_le_v4SPD16_eabi.lib</file>
         <name>autoinit.c.obj</name>
      </input_file>
      <input_file id="fl-132">
         <path>C:\ti\ccs930\ccs\tools\compiler\ti-cgt-arm_18.12.4.LTS\lib\</path>
         <kind>archive</kind>
         <file>rtsv7M4_T_le_v4SPD16_eabi.lib</file>
         <name>pre_init.c.obj</name>
      </input_file>
      <input_file id="fl-133">
         <path>C:\ti\ccs930\ccs\tools\compiler\ti-cgt-arm_18.12.4.LTS\lib\</path>
         <kind>archive</kind>
         <file>rtsv7M4_T_le_v4SPD16_eabi.lib</file>
         <name>cpy_tbl.c.obj</name>
      </input_file>
      <input_file id="fl-134">
         <path>C:\ti\ccs930\ccs\tools\compiler\ti-cgt-arm_18.12.4.LTS\lib\</path>
         <kind>archive</kind>
         <file>rtsv7M4_T_le_v4SPD16_eabi.lib</file>
         <name>exit.c.obj</name>
      </input_file>
      <input_file id="fl-135">
         <path>C:\ti\ccs930\ccs\tools\compiler\ti-cgt-arm_18.12.4.LTS\lib\</path>
         <kind>archive</kind>
         <file>rtsv7M4_T_le_v4SPD16_eabi.lib</file>
         <name>_lock.c.obj</name>
      </input_file>
      <input_file id="fl-136">
         <path>C:\ti\ccs930\ccs\tools\compiler\ti-cgt-arm_18.12.4.LTS\lib\</path>
         <kind>archive</kind>
         <file>rtsv7M4_T_le_v4SPD16_eabi.lib</file>
         <name>args_main.c.obj</name>
      </input_file>
      <input_file id="fl-137">
         <path>C:\ti\ccs930\ccs\tools\compiler\ti-cgt-arm_18.12.4.LTS\lib\</path>
         <kind>archive</kind>
         <file>rtsv7M4_T_le_v4SPD16_eabi.lib</file>
         <name>atoi.c.obj</name>
      </input_file>
      <input_file id="fl-138">
         <path>C:\ti\ccs930\ccs\tools\compiler\ti-cgt-arm_18.12.4.LTS\lib\</path>
         <kind>archive</kind>
         <file>rtsv7M4_T_le_v4SPD16_eabi.lib</file>
         <name>ctype.c.obj</name>
      </input_file>
      <input_file id="fl-139">
         <path>C:\ti\ccs930\ccs\tools\compiler\ti-cgt-arm_18.12.4.LTS\lib\</path>
         <kind>archive</kind>
         <file>rtsv7M4_T_le_v4SPD16_eabi.lib</file>
         <name>ltoa.c.obj</name>
      </input_file>
      <input_file id="fl-13a">
         <path>C:\ti\ccs930\ccs\tools\compiler\ti-cgt-arm_18.12.4.LTS\lib\</path>
         <kind>archive</kind>
         <file>rtsv7M4_T_le_v4SPD16_eabi.lib</file>
         <name>memccpy.c.obj</name>
      </input_file>
      <input_file id="fl-13b">
         <path>C:\ti\ccs930\ccs\tools\compiler\ti-cgt-arm_18.12.4.LTS\lib\</path>
         <kind>archive</kind>
         <file>rtsv7M4_T_le_v4SPD16_eabi.lib</file>
         <name>strchr.c.obj</name>
      </input_file>
      <input_file id="fl-13c">
         <path>C:\ti\ccs930\ccs\tools\compiler\ti-cgt-arm_18.12.4.LTS\lib\</path>
         <kind>archive</kind>
         <file>rtsv7M4_T_le_v4SPD16_eabi.lib</file>
         <name>wcslen.c.obj</name>
      </input_file>
      <input_file id="fl-13d">
         <path>C:\ti\ccs930\ccs\tools\compiler\ti-cgt-arm_18.12.4.LTS\lib\</path>
         <kind>archive</kind>
         <file>rtsv7M4_T_le_v4SPD16_eabi.lib</file>
         <name>s_frexp.c.obj</name>
      </input_file>
      <input_file id="fl-13e">
         <path>C:\ti\ccs930\ccs\tools\compiler\ti-cgt-arm_18.12.4.LTS\lib\</path>
         <kind>archive</kind>
         <file>rtsv7M4_T_le_v4SPD16_eabi.lib</file>
         <name>s_scalbn.c.obj</name>
      </input_file>
      <input_file id="fl-13f">
         <path>C:\ti\ccs930\ccs\tools\compiler\ti-cgt-arm_18.12.4.LTS\lib\</path>
         <kind>archive</kind>
         <file>rtsv7M4_T_le_v4SPD16_eabi.lib</file>
         <name>s_copysign.c.obj</name>
      </input_file>
   </input_file_list>
   <object_component_list>
      <object_component id="oc-f">
         <name>.intvecs</name>
         <load_address>0x0</load_address>
         <run_address>0x0</run_address>
         <size>0x26c</size>
         <input_file_ref idref="fl-4"/>
      </object_component>
      <object_component id="oc-586">
         <name>.text</name>
         <load_address>0x26c</load_address>
         <run_address>0x26c</run_address>
         <size>0x2ff8</size>
         <input_file_ref idref="fl-4c"/>
      </object_component>
      <object_component id="oc-2f5">
         <name>.text</name>
         <load_address>0x3264</load_address>
         <run_address>0x3264</run_address>
         <size>0x238c</size>
         <input_file_ref idref="fl-2e"/>
      </object_component>
      <object_component id="oc-94">
         <name>.text</name>
         <load_address>0x55f0</load_address>
         <run_address>0x55f0</run_address>
         <size>0x1fb8</size>
         <input_file_ref idref="fl-a"/>
      </object_component>
      <object_component id="oc-ea">
         <name>.text</name>
         <load_address>0x75a8</load_address>
         <run_address>0x75a8</run_address>
         <size>0x1688</size>
         <input_file_ref idref="fl-28"/>
      </object_component>
      <object_component id="oc-15d">
         <name>.text</name>
         <load_address>0x8c30</load_address>
         <run_address>0x8c30</run_address>
         <size>0x1570</size>
         <input_file_ref idref="fl-3f"/>
      </object_component>
      <object_component id="oc-f0">
         <name>.text</name>
         <load_address>0xa1a0</load_address>
         <run_address>0xa1a0</run_address>
         <size>0x11ec</size>
         <input_file_ref idref="fl-1c"/>
      </object_component>
      <object_component id="oc-e4">
         <name>.text</name>
         <load_address>0xb38c</load_address>
         <run_address>0xb38c</run_address>
         <size>0x1050</size>
         <input_file_ref idref="fl-f"/>
      </object_component>
      <object_component id="oc-447">
         <name>.text</name>
         <load_address>0xc3dc</load_address>
         <run_address>0xc3dc</run_address>
         <size>0xfdc</size>
         <input_file_ref idref="fl-3a"/>
      </object_component>
      <object_component id="oc-301">
         <name>.text</name>
         <load_address>0xd3b8</load_address>
         <run_address>0xd3b8</run_address>
         <size>0xfa8</size>
         <input_file_ref idref="fl-50"/>
      </object_component>
      <object_component id="oc-af">
         <name>.text</name>
         <load_address>0xe360</load_address>
         <run_address>0xe360</run_address>
         <size>0xed8</size>
         <input_file_ref idref="fl-8"/>
      </object_component>
      <object_component id="oc-3bc">
         <name>.text</name>
         <load_address>0xf238</load_address>
         <run_address>0xf238</run_address>
         <size>0xcf4</size>
         <input_file_ref idref="fl-2b"/>
      </object_component>
      <object_component id="oc-35">
         <name>.text</name>
         <load_address>0xff2c</load_address>
         <run_address>0xff2c</run_address>
         <size>0xb8c</size>
         <input_file_ref idref="fl-59"/>
      </object_component>
      <object_component id="oc-b5">
         <name>.text</name>
         <load_address>0x10ab8</load_address>
         <run_address>0x10ab8</run_address>
         <size>0xa74</size>
         <input_file_ref idref="fl-2c"/>
      </object_component>
      <object_component id="oc-3cd">
         <name>.text:__TI_printfi</name>
         <load_address>0x1152c</load_address>
         <run_address>0x1152c</run_address>
         <size>0xa4e</size>
         <input_file_ref idref="fl-12a"/>
      </object_component>
      <object_component id="oc-46b">
         <name>.text:_nop</name>
         <load_address>0x11f7a</load_address>
         <run_address>0x11f7a</run_address>
         <size>0x2</size>
         <input_file_ref idref="fl-135"/>
      </object_component>
      <object_component id="oc-6bf">
         <name>.text</name>
         <load_address>0x11f7c</load_address>
         <run_address>0x11f7c</run_address>
         <size>0x924</size>
         <input_file_ref idref="fl-4a"/>
      </object_component>
      <object_component id="oc-1ba">
         <name>.text</name>
         <load_address>0x128a0</load_address>
         <run_address>0x128a0</run_address>
         <size>0x804</size>
         <input_file_ref idref="fl-b"/>
      </object_component>
      <object_component id="oc-138">
         <name>.text</name>
         <load_address>0x130a4</load_address>
         <run_address>0x130a4</run_address>
         <size>0x768</size>
         <input_file_ref idref="fl-2"/>
      </object_component>
      <object_component id="oc-43b">
         <name>.text</name>
         <load_address>0x1380c</load_address>
         <run_address>0x1380c</run_address>
         <size>0x598</size>
         <input_file_ref idref="fl-4e"/>
      </object_component>
      <object_component id="oc-441">
         <name>.text</name>
         <load_address>0x13da4</load_address>
         <run_address>0x13da4</run_address>
         <size>0x570</size>
         <input_file_ref idref="fl-52"/>
      </object_component>
      <object_component id="oc-f6">
         <name>.text</name>
         <load_address>0x14314</load_address>
         <run_address>0x14314</run_address>
         <size>0x490</size>
         <input_file_ref idref="fl-1f"/>
      </object_component>
      <object_component id="oc-57e">
         <name>.text</name>
         <load_address>0x147a4</load_address>
         <run_address>0x147a4</run_address>
         <size>0x48c</size>
         <input_file_ref idref="fl-53"/>
      </object_component>
      <object_component id="oc-41">
         <name>.text</name>
         <load_address>0x14c30</load_address>
         <run_address>0x14c30</run_address>
         <size>0x474</size>
         <input_file_ref idref="fl-3"/>
      </object_component>
      <object_component id="oc-1a2">
         <name>.text</name>
         <load_address>0x150a4</load_address>
         <run_address>0x150a4</run_address>
         <size>0x438</size>
         <input_file_ref idref="fl-e"/>
      </object_component>
      <object_component id="oc-11e">
         <name>.text</name>
         <load_address>0x154dc</load_address>
         <run_address>0x154dc</run_address>
         <size>0x42c</size>
         <input_file_ref idref="fl-32"/>
      </object_component>
      <object_component id="oc-2cb">
         <name>.text:strtof</name>
         <load_address>0x15908</load_address>
         <run_address>0x15908</run_address>
         <size>0x3c8</size>
         <input_file_ref idref="fl-124"/>
      </object_component>
      <object_component id="oc-293">
         <name>.text</name>
         <load_address>0x15cd0</load_address>
         <run_address>0x15cd0</run_address>
         <size>0x3c0</size>
         <input_file_ref idref="fl-36"/>
      </object_component>
      <object_component id="oc-326">
         <name>.text</name>
         <load_address>0x16090</load_address>
         <run_address>0x16090</run_address>
         <size>0x3bc</size>
         <input_file_ref idref="fl-3d"/>
      </object_component>
      <object_component id="oc-28d">
         <name>.text</name>
         <load_address>0x1644c</load_address>
         <run_address>0x1644c</run_address>
         <size>0x2f2</size>
         <input_file_ref idref="fl-35"/>
      </object_component>
      <object_component id="oc-320">
         <name>.text</name>
         <load_address>0x1673e</load_address>
         <run_address>0x1673e</run_address>
         <size>0x2de</size>
         <input_file_ref idref="fl-3b"/>
      </object_component>
      <object_component id="oc-2f">
         <name>.text</name>
         <load_address>0x16a1c</load_address>
         <run_address>0x16a1c</run_address>
         <size>0x2d0</size>
         <input_file_ref idref="fl-c"/>
      </object_component>
      <object_component id="oc-10c">
         <name>.text</name>
         <load_address>0x16cec</load_address>
         <run_address>0x16cec</run_address>
         <size>0x2b0</size>
         <input_file_ref idref="fl-34"/>
      </object_component>
      <object_component id="oc-547">
         <name>.text:_pconv_a</name>
         <load_address>0x16f9c</load_address>
         <run_address>0x16f9c</run_address>
         <size>0x270</size>
         <input_file_ref idref="fl-12a"/>
      </object_component>
      <object_component id="oc-4d0">
         <name>.text</name>
         <load_address>0x1720c</load_address>
         <run_address>0x1720c</run_address>
         <size>0x1d2</size>
         <input_file_ref idref="fl-4f"/>
      </object_component>
      <object_component id="oc-238">
         <name>.text</name>
         <load_address>0x173de</load_address>
         <run_address>0x173de</run_address>
         <size>0x2</size>
         <input_file_ref idref="fl-12b"/>
      </object_component>
      <object_component id="oc-535">
         <name>.text:_pconv_g</name>
         <load_address>0x173e0</load_address>
         <run_address>0x173e0</run_address>
         <size>0x1d0</size>
         <input_file_ref idref="fl-12a"/>
      </object_component>
      <object_component id="oc-129">
         <name>.text</name>
         <load_address>0x175b0</load_address>
         <run_address>0x175b0</run_address>
         <size>0x1b6</size>
         <input_file_ref idref="fl-114"/>
      </object_component>
      <object_component id="oc-3b">
         <name>.text</name>
         <load_address>0x17768</load_address>
         <run_address>0x17768</run_address>
         <size>0x148</size>
         <input_file_ref idref="fl-31"/>
      </object_component>
      <object_component id="oc-541">
         <name>.text:_pconv_e</name>
         <load_address>0x178b0</load_address>
         <run_address>0x178b0</run_address>
         <size>0x13c</size>
         <input_file_ref idref="fl-12a"/>
      </object_component>
      <object_component id="oc-64c">
         <name>.text</name>
         <load_address>0x179ec</load_address>
         <run_address>0x179ec</run_address>
         <size>0x136</size>
         <input_file_ref idref="fl-12d"/>
      </object_component>
      <object_component id="oc-1a8">
         <name>.text</name>
         <load_address>0x17b22</load_address>
         <run_address>0x17b22</run_address>
         <size>0x12a</size>
         <input_file_ref idref="fl-7"/>
      </object_component>
      <object_component id="oc-13e">
         <name>.text</name>
         <load_address>0x17c4c</load_address>
         <run_address>0x17c4c</run_address>
         <size>0x128</size>
         <input_file_ref idref="fl-30"/>
      </object_component>
      <object_component id="oc-106">
         <name>.text</name>
         <load_address>0x17d74</load_address>
         <run_address>0x17d74</run_address>
         <size>0x124</size>
         <input_file_ref idref="fl-58"/>
      </object_component>
      <object_component id="oc-673">
         <name>.text:fcvt</name>
         <load_address>0x17e98</load_address>
         <run_address>0x17e98</run_address>
         <size>0x124</size>
         <input_file_ref idref="fl-12a"/>
      </object_component>
      <object_component id="oc-687">
         <name>.text:scalbn</name>
         <load_address>0x17fbc</load_address>
         <run_address>0x17fbc</run_address>
         <size>0x110</size>
         <input_file_ref idref="fl-13e"/>
      </object_component>
      <object_component id="oc-2d1">
         <name>.text:strtoul</name>
         <load_address>0x180cc</load_address>
         <run_address>0x180cc</run_address>
         <size>0x110</size>
         <input_file_ref idref="fl-125"/>
      </object_component>
      <object_component id="oc-12e">
         <name>.text</name>
         <load_address>0x181dc</load_address>
         <run_address>0x181dc</run_address>
         <size>0xfc</size>
         <input_file_ref idref="fl-115"/>
      </object_component>
      <object_component id="oc-307">
         <name>.text</name>
         <load_address>0x182d8</load_address>
         <run_address>0x182d8</run_address>
         <size>0xec</size>
         <input_file_ref idref="fl-54"/>
      </object_component>
      <object_component id="oc-2a">
         <name>.text</name>
         <load_address>0x183c4</load_address>
         <run_address>0x183c4</run_address>
         <size>0xda</size>
         <input_file_ref idref="fl-d"/>
      </object_component>
      <object_component id="oc-48b">
         <name>.text:scalbnf</name>
         <load_address>0x184a0</load_address>
         <run_address>0x184a0</run_address>
         <size>0xd0</size>
         <input_file_ref idref="fl-128"/>
      </object_component>
      <object_component id="oc-2fb">
         <name>.text</name>
         <load_address>0x18570</load_address>
         <run_address>0x18570</run_address>
         <size>0xc8</size>
         <input_file_ref idref="fl-55"/>
      </object_component>
      <object_component id="oc-52a">
         <name>.text:_ltostr</name>
         <load_address>0x18638</load_address>
         <run_address>0x18638</run_address>
         <size>0xb1</size>
         <input_file_ref idref="fl-12a"/>
      </object_component>
      <object_component id="oc-2d7">
         <name>.text</name>
         <load_address>0x186ec</load_address>
         <run_address>0x186ec</run_address>
         <size>0xac</size>
         <input_file_ref idref="fl-57"/>
      </object_component>
      <object_component id="oc-5b">
         <name>.text</name>
         <load_address>0x18798</load_address>
         <run_address>0x18798</run_address>
         <size>0x9c</size>
         <input_file_ref idref="fl-119"/>
      </object_component>
      <object_component id="oc-645">
         <name>.text</name>
         <load_address>0x18834</load_address>
         <run_address>0x18834</run_address>
         <size>0x96</size>
         <input_file_ref idref="fl-130"/>
      </object_component>
      <object_component id="oc-530">
         <name>.text:__aeabi_cdcmple</name>
         <load_address>0x188ca</load_address>
         <run_address>0x188ca</run_address>
         <size>0x86</size>
         <input_file_ref idref="fl-12c"/>
      </object_component>
      <object_component id="oc-651">
         <name>.text:__aeabi_cdrcmple</name>
         <load_address>0x18950</load_address>
         <run_address>0x18950</run_address>
         <size>0x86</size>
         <input_file_ref idref="fl-12c"/>
      </object_component>
      <object_component id="oc-180">
         <name>.text</name>
         <load_address>0x189d6</load_address>
         <run_address>0x189d6</run_address>
         <size>0x7a</size>
         <input_file_ref idref="fl-11b"/>
      </object_component>
      <object_component id="oc-66c">
         <name>.text:_mcpy</name>
         <load_address>0x18a50</load_address>
         <run_address>0x18a50</run_address>
         <size>0x6e</size>
         <input_file_ref idref="fl-12a"/>
      </object_component>
      <object_component id="oc-433">
         <name>.text</name>
         <load_address>0x18ac0</load_address>
         <run_address>0x18ac0</run_address>
         <size>0x68</size>
         <input_file_ref idref="fl-33"/>
      </object_component>
      <object_component id="oc-1c0">
         <name>.text</name>
         <load_address>0x18b28</load_address>
         <run_address>0x18b28</run_address>
         <size>0x68</size>
         <input_file_ref idref="fl-56"/>
      </object_component>
      <object_component id="oc-12">
         <name>.text:decompress:lzss:__TI_decompress_lzss</name>
         <load_address>0x18b90</load_address>
         <run_address>0x18b90</run_address>
         <size>0x68</size>
         <input_file_ref idref="fl-11e"/>
      </object_component>
      <object_component id="oc-681">
         <name>.text:frexp</name>
         <load_address>0x18bf8</load_address>
         <run_address>0x18bf8</run_address>
         <size>0x64</size>
         <input_file_ref idref="fl-13d"/>
      </object_component>
      <object_component id="oc-53b">
         <name>.text:_pconv_f</name>
         <load_address>0x18c5c</load_address>
         <run_address>0x18c5c</run_address>
         <size>0x56</size>
         <input_file_ref idref="fl-12a"/>
      </object_component>
      <object_component id="oc-65b">
         <name>.text:ltoa</name>
         <load_address>0x18cb2</load_address>
         <run_address>0x18cb2</run_address>
         <size>0x54</size>
         <input_file_ref idref="fl-139"/>
      </object_component>
      <object_component id="oc-666">
         <name>.text:_ecpy</name>
         <load_address>0x18d06</load_address>
         <run_address>0x18d06</run_address>
         <size>0x52</size>
         <input_file_ref idref="fl-12a"/>
      </object_component>
      <object_component id="oc-2b0">
         <name>.text</name>
         <load_address>0x18d58</load_address>
         <run_address>0x18d58</run_address>
         <size>0x50</size>
         <input_file_ref idref="fl-118"/>
      </object_component>
      <object_component id="oc-524">
         <name>.text:atoi</name>
         <load_address>0x18da8</load_address>
         <run_address>0x18da8</run_address>
         <size>0x4c</size>
         <input_file_ref idref="fl-137"/>
      </object_component>
      <object_component id="oc-656">
         <name>.text</name>
         <load_address>0x18df4</load_address>
         <run_address>0x18df4</run_address>
         <size>0x48</size>
         <input_file_ref idref="fl-12e"/>
      </object_component>
      <object_component id="oc-351">
         <name>.text:__TI_auto_init_nobinit_nopinit:__TI_auto_init_nobinit_nopinit</name>
         <load_address>0x18e3c</load_address>
         <run_address>0x18e3c</run_address>
         <size>0x44</size>
         <input_file_ref idref="fl-131"/>
      </object_component>
      <object_component id="oc-133">
         <name>.text</name>
         <load_address>0x18e80</load_address>
         <run_address>0x18e80</run_address>
         <size>0x44</size>
         <input_file_ref idref="fl-116"/>
      </object_component>
      <object_component id="oc-d0">
         <name>.text</name>
         <load_address>0x18ec4</load_address>
         <run_address>0x18ec4</run_address>
         <size>0x40</size>
         <input_file_ref idref="fl-11a"/>
      </object_component>
      <object_component id="oc-1e2">
         <name>.text:sprintf</name>
         <load_address>0x18f04</load_address>
         <run_address>0x18f04</run_address>
         <size>0x40</size>
         <input_file_ref idref="fl-113"/>
      </object_component>
      <object_component id="oc-679">
         <name>.text:_fcpy</name>
         <load_address>0x18f44</load_address>
         <run_address>0x18f44</run_address>
         <size>0x3e</size>
         <input_file_ref idref="fl-12a"/>
      </object_component>
      <object_component id="oc-24b">
         <name>.text</name>
         <load_address>0x18f82</load_address>
         <run_address>0x18f82</run_address>
         <size>0x3e</size>
         <input_file_ref idref="fl-13"/>
      </object_component>
      <object_component id="oc-124">
         <name>.text</name>
         <load_address>0x18fc0</load_address>
         <run_address>0x18fc0</run_address>
         <size>0x38</size>
         <input_file_ref idref="fl-117"/>
      </object_component>
      <object_component id="oc-79">
         <name>.text:_c_int00_noargs:_c_int00_noargs</name>
         <load_address>0x18ff8</load_address>
         <run_address>0x18ff8</run_address>
         <size>0x34</size>
         <input_file_ref idref="fl-126"/>
      </object_component>
      <object_component id="oc-112">
         <name>.text:rand</name>
         <load_address>0x1902c</load_address>
         <run_address>0x1902c</run_address>
         <size>0x34</size>
         <input_file_ref idref="fl-11f"/>
      </object_component>
      <object_component id="oc-661">
         <name>.text</name>
         <load_address>0x19060</load_address>
         <run_address>0x19060</run_address>
         <size>0x2e</size>
         <input_file_ref idref="fl-12f"/>
      </object_component>
      <object_component id="oc-24">
         <name>.text</name>
         <load_address>0x19090</load_address>
         <run_address>0x19090</run_address>
         <size>0x2c</size>
         <input_file_ref idref="fl-4"/>
      </object_component>
      <object_component id="oc-2c2">
         <name>.text:strncmp</name>
         <load_address>0x190bc</load_address>
         <run_address>0x190bc</run_address>
         <size>0x2c</size>
         <input_file_ref idref="fl-123"/>
      </object_component>
      <object_component id="oc-1c9">
         <name>.text:GetOverflowCounts</name>
         <load_address>0x190e8</load_address>
         <run_address>0x190e8</run_address>
         <size>0x24</size>
         <input_file_ref idref="fl-56"/>
      </object_component>
      <object_component id="oc-118">
         <name>.text:srand</name>
         <load_address>0x1910c</load_address>
         <run_address>0x1910c</run_address>
         <size>0x24</size>
         <input_file_ref idref="fl-11f"/>
      </object_component>
      <object_component id="oc-47">
         <name>.text</name>
         <load_address>0x19130</load_address>
         <run_address>0x19130</run_address>
         <size>0x24</size>
         <input_file_ref idref="fl-40"/>
      </object_component>
      <object_component id="oc-54d">
         <name>.text:memccpy</name>
         <load_address>0x19154</load_address>
         <run_address>0x19154</run_address>
         <size>0x1c</size>
         <input_file_ref idref="fl-13a"/>
      </object_component>
      <object_component id="oc-742">
         <name>.text:copysign</name>
         <load_address>0x19170</load_address>
         <run_address>0x19170</run_address>
         <size>0x1a</size>
         <input_file_ref idref="fl-13f"/>
      </object_component>
      <object_component id="oc-3d3">
         <name>.text:_outs</name>
         <load_address>0x1918a</load_address>
         <run_address>0x1918a</run_address>
         <size>0x18</size>
         <input_file_ref idref="fl-113"/>
      </object_component>
      <object_component id="oc-5df">
         <name>.text:copysignf</name>
         <load_address>0x191a2</load_address>
         <run_address>0x191a2</run_address>
         <size>0x18</size>
         <input_file_ref idref="fl-129"/>
      </object_component>
      <object_component id="oc-49c">
         <name>.text:strcmp</name>
         <load_address>0x191ba</load_address>
         <run_address>0x191ba</run_address>
         <size>0x18</size>
         <input_file_ref idref="fl-120"/>
      </object_component>
      <object_component id="oc-68d">
         <name>.text:strchr</name>
         <load_address>0x191d2</load_address>
         <run_address>0x191d2</run_address>
         <size>0x16</size>
         <input_file_ref idref="fl-13b"/>
      </object_component>
      <object_component id="oc-1d6">
         <name>.text:strcpy</name>
         <load_address>0x191e8</load_address>
         <run_address>0x191e8</run_address>
         <size>0x14</size>
         <input_file_ref idref="fl-121"/>
      </object_component>
      <object_component id="oc-1dc">
         <name>.text:strlen</name>
         <load_address>0x191fc</load_address>
         <run_address>0x191fc</run_address>
         <size>0x14</size>
         <input_file_ref idref="fl-122"/>
      </object_component>
      <object_component id="oc-553">
         <name>.text:wcslen</name>
         <load_address>0x19210</load_address>
         <run_address>0x19210</run_address>
         <size>0x12</size>
         <input_file_ref idref="fl-13c"/>
      </object_component>
      <object_component id="oc-18">
         <name>.text:decompress:none:__TI_decompress_none</name>
         <load_address>0x19222</load_address>
         <run_address>0x19222</run_address>
         <size>0xe</size>
         <input_file_ref idref="fl-11d"/>
      </object_component>
      <object_component id="oc-6d">
         <name>.text:decompress:ZI:__TI_zero_init</name>
         <load_address>0x19230</load_address>
         <run_address>0x19230</run_address>
         <size>0xc</size>
         <input_file_ref idref="fl-11c"/>
      </object_component>
      <object_component id="oc-3d9">
         <name>.text:_outc</name>
         <load_address>0x1923c</load_address>
         <run_address>0x1923c</run_address>
         <size>0xa</size>
         <input_file_ref idref="fl-113"/>
      </object_component>
      <object_component id="oc-485">
         <name>.text:__aeabi_errno_addr</name>
         <load_address>0x19248</load_address>
         <run_address>0x19248</run_address>
         <size>0x8</size>
         <input_file_ref idref="fl-127"/>
      </object_component>
      <object_component id="oc-25a">
         <name>.text:SysCtlDelay</name>
         <load_address>0x19250</load_address>
         <run_address>0x19250</run_address>
         <size>0x6</size>
         <input_file_ref idref="fl-28"/>
      </object_component>
      <object_component id="oc-186">
         <name>.text:_system_pre_init</name>
         <load_address>0x19256</load_address>
         <run_address>0x19256</run_address>
         <size>0x4</size>
         <input_file_ref idref="fl-132"/>
      </object_component>
      <object_component id="oc-345">
         <name>.text:abort:abort</name>
         <load_address>0x1925a</load_address>
         <run_address>0x1925a</run_address>
         <size>0x4</size>
         <input_file_ref idref="fl-134"/>
      </object_component>
      <object_component id="oc-577">
         <name>.const:crctttab</name>
         <load_address>0x19260</load_address>
         <run_address>0x19260</run_address>
         <size>0x200</size>
         <input_file_ref idref="fl-33"/>
      </object_component>
      <object_component id="oc-482">
         <name>.const:.string</name>
         <load_address>0x19460</load_address>
         <run_address>0x19460</run_address>
         <size>0x1ca</size>
         <input_file_ref idref="fl-2"/>
      </object_component>
      <object_component id="oc-257">
         <name>.const:g_pppui32XTALtoVCO</name>
         <load_address>0x1962c</load_address>
         <run_address>0x1962c</run_address>
         <size>0x1b0</size>
         <input_file_ref idref="fl-28"/>
      </object_component>
      <object_component id="oc-491">
         <name>.const:.string:_ctypes_</name>
         <load_address>0x197dc</load_address>
         <run_address>0x197dc</run_address>
         <size>0x101</size>
         <input_file_ref idref="fl-138"/>
      </object_component>
      <object_component id="oc-260">
         <name>.const:g_ppui32GPIOIntMapSnowflake</name>
         <load_address>0x198e0</load_address>
         <run_address>0x198e0</run_address>
         <size>0xd8</size>
         <input_file_ref idref="fl-1c"/>
      </object_component>
      <object_component id="oc-25d">
         <name>.const:g_ppui32GPIOIntMapBlizzard</name>
         <load_address>0x199b8</load_address>
         <run_address>0x199b8</run_address>
         <size>0xc0</size>
         <input_file_ref idref="fl-1c"/>
      </object_component>
      <object_component id="oc-26e">
         <name>.const:g_pui32Regs</name>
         <load_address>0x19a78</load_address>
         <run_address>0x19a78</run_address>
         <size>0x9c</size>
         <input_file_ref idref="fl-1f"/>
      </object_component>
      <object_component id="oc-263">
         <name>.const:g_pui32GPIOBaseAddrs</name>
         <load_address>0x19b14</load_address>
         <run_address>0x19b14</run_address>
         <size>0x90</size>
         <input_file_ref idref="fl-1c"/>
      </object_component>
      <object_component id="oc-251">
         <name>.const:g_pui32Xtals</name>
         <load_address>0x19ba4</load_address>
         <run_address>0x19ba4</run_address>
         <size>0x6c</size>
         <input_file_ref idref="fl-28"/>
      </object_component>
      <object_component id="oc-518">
         <name>.const:g_ppui32TimerIntMap</name>
         <load_address>0x19c10</load_address>
         <run_address>0x19c10</run_address>
         <size>0x60</size>
         <input_file_ref idref="fl-2b"/>
      </object_component>
      <object_component id="oc-494">
         <name>.const:$O1$$</name>
         <load_address>0x19c70</load_address>
         <run_address>0x19c70</run_address>
         <size>0x58</size>
         <input_file_ref idref="fl-124"/>
      </object_component>
      <object_component id="oc-51b">
         <name>.const:g_ppui32TimerIntMapSnowflake</name>
         <load_address>0x19cc8</load_address>
         <run_address>0x19cc8</run_address>
         <size>0x40</size>
         <input_file_ref idref="fl-2b"/>
      </object_component>
      <object_component id="oc-213">
         <name>.const:g_ppui32UARTIntMap</name>
         <load_address>0x19d08</load_address>
         <run_address>0x19d08</run_address>
         <size>0x40</size>
         <input_file_ref idref="fl-2c"/>
      </object_component>
      <object_component id="oc-216">
         <name>.const:g_ppui32UARTIntMapSnowflake</name>
         <load_address>0x19d48</load_address>
         <run_address>0x19d48</run_address>
         <size>0x40</size>
         <input_file_ref idref="fl-2c"/>
      </object_component>
      <object_component id="oc-709">
         <name>.const:.string:g_pui8ConfigString</name>
         <load_address>0x19d88</load_address>
         <run_address>0x19d88</run_address>
         <size>0x36</size>
         <input_file_ref idref="fl-37"/>
      </object_component>
      <object_component id="oc-31d">
         <name>.const:g_psUSBDStdRequests</name>
         <load_address>0x19dc0</load_address>
         <run_address>0x19dc0</run_address>
         <size>0x34</size>
         <input_file_ref idref="fl-3f"/>
      </object_component>
      <object_component id="oc-14a">
         <name>.const:TablaColores</name>
         <load_address>0x19df4</load_address>
         <run_address>0x19df4</run_address>
         <size>0x30</size>
         <input_file_ref idref="fl-3"/>
      </object_component>
      <object_component id="oc-595">
         <name>.const:g_sCDCHandlers</name>
         <load_address>0x19e24</load_address>
         <run_address>0x19e24</run_address>
         <size>0x30</size>
         <input_file_ref idref="fl-3a"/>
      </object_component>
      <object_component id="oc-248">
         <name>.const:g_sXTALtoMEMTIM</name>
         <load_address>0x19e54</load_address>
         <run_address>0x19e54</run_address>
         <size>0x30</size>
         <input_file_ref idref="fl-28"/>
      </object_component>
      <object_component id="oc-706">
         <name>.const:.string:g_pui8ControlInterfaceString</name>
         <load_address>0x19e84</load_address>
         <run_address>0x19e84</run_address>
         <size>0x2c</size>
         <input_file_ref idref="fl-37"/>
      </object_component>
      <object_component id="oc-6fd">
         <name>.const:.string:g_pui8ManufacturerString</name>
         <load_address>0x19eb0</load_address>
         <run_address>0x19eb0</run_address>
         <size>0x24</size>
         <input_file_ref idref="fl-37"/>
      </object_component>
      <object_component id="oc-7de">
         <name>.const:.string:g_pui8CDCSerCommInterface</name>
         <load_address>0x19ed4</load_address>
         <run_address>0x19ed4</run_address>
         <size>0x23</size>
         <input_file_ref idref="fl-3a"/>
      </object_component>
      <object_component id="oc-700">
         <name>.const:.string:g_pui8ProductString</name>
         <load_address>0x19ef7</load_address>
         <run_address>0x19ef7</run_address>
         <size>0x22</size>
         <input_file_ref idref="fl-37"/>
      </object_component>
      <object_component id="oc-26b">
         <name>.const:g_pui32Priority</name>
         <load_address>0x19f1c</load_address>
         <run_address>0x19f1c</run_address>
         <size>0x20</size>
         <input_file_ref idref="fl-1f"/>
      </object_component>
      <object_component id="oc-5c4">
         <name>.const:g_ppui8StringDescriptors</name>
         <load_address>0x19f3c</load_address>
         <run_address>0x19f3c</run_address>
         <size>0x18</size>
         <input_file_ref idref="fl-37"/>
      </object_component>
      <object_component id="oc-7e3">
         <name>.const:.string:g_pui8CDCSerDataInterface</name>
         <load_address>0x19f54</load_address>
         <run_address>0x19f54</run_address>
         <size>0x17</size>
         <input_file_ref idref="fl-3a"/>
      </object_component>
      <object_component id="oc-7e8">
         <name>.const:.string:g_pui8CDCSerDataInterfaceHS</name>
         <load_address>0x19f6b</load_address>
         <run_address>0x19f6b</run_address>
         <size>0x17</size>
         <input_file_ref idref="fl-3a"/>
      </object_component>
      <object_component id="oc-274">
         <name>.const:g_pui32Dii16Regs</name>
         <load_address>0x19f84</load_address>
         <run_address>0x19f84</run_address>
         <size>0x14</size>
         <input_file_ref idref="fl-1f"/>
      </object_component>
      <object_component id="oc-271">
         <name>.const:g_pui32EnRegs</name>
         <load_address>0x19f98</load_address>
         <run_address>0x19f98</run_address>
         <size>0x14</size>
         <input_file_ref idref="fl-1f"/>
      </object_component>
      <object_component id="oc-277">
         <name>.const:g_pui32PendRegs</name>
         <load_address>0x19fac</load_address>
         <run_address>0x19fac</run_address>
         <size>0x14</size>
         <input_file_ref idref="fl-1f"/>
      </object_component>
      <object_component id="oc-27a">
         <name>.const:g_pui32UnpendRegs</name>
         <load_address>0x19fc0</load_address>
         <run_address>0x19fc0</run_address>
         <size>0x14</size>
         <input_file_ref idref="fl-1f"/>
      </object_component>
      <object_component id="oc-703">
         <name>.const:.string:g_pui8SerialNumberString</name>
         <load_address>0x19fd4</load_address>
         <run_address>0x19fd4</run_address>
         <size>0x12</size>
         <input_file_ref idref="fl-37"/>
      </object_component>
      <object_component id="oc-23e">
         <name>.const:.string</name>
         <load_address>0x19fe8</load_address>
         <run_address>0x19fe8</run_address>
         <size>0x12</size>
         <input_file_ref idref="fl-59"/>
      </object_component>
      <object_component id="oc-be">
         <name>.const:g_ui32UARTBase</name>
         <load_address>0x19ffc</load_address>
         <run_address>0x19ffc</run_address>
         <size>0xc</size>
         <input_file_ref idref="fl-59"/>
      </object_component>
      <object_component id="oc-c4">
         <name>.const:g_ui32UARTInt</name>
         <load_address>0x1a008</load_address>
         <run_address>0x1a008</run_address>
         <size>0xc</size>
         <input_file_ref idref="fl-59"/>
      </object_component>
      <object_component id="oc-c1">
         <name>.const:g_ui32UARTPeriph</name>
         <load_address>0x1a014</load_address>
         <run_address>0x1a014</run_address>
         <size>0xc</size>
         <input_file_ref idref="fl-59"/>
      </object_component>
      <object_component id="oc-254">
         <name>.const:g_pui32VCOFrequencies</name>
         <load_address>0x1a020</load_address>
         <run_address>0x1a020</run_address>
         <size>0x8</size>
         <input_file_ref idref="fl-28"/>
      </object_component>
      <object_component id="oc-6ea">
         <name>.const:g_sCDCCompSerConfigHeader</name>
         <load_address>0x1a028</load_address>
         <run_address>0x1a028</run_address>
         <size>0x8</size>
         <input_file_ref idref="fl-3a"/>
      </object_component>
      <object_component id="oc-6ef">
         <name>.const:g_sCDCCompSerConfigHeaderHS</name>
         <load_address>0x1a030</load_address>
         <run_address>0x1a030</run_address>
         <size>0x8</size>
         <input_file_ref idref="fl-3a"/>
      </object_component>
      <object_component id="oc-7c3">
         <name>.const:g_sCDCSerCommInterfaceSection</name>
         <load_address>0x1a038</load_address>
         <run_address>0x1a038</run_address>
         <size>0x8</size>
         <input_file_ref idref="fl-3a"/>
      </object_component>
      <object_component id="oc-6e0">
         <name>.const:g_sCDCSerConfigHeader</name>
         <load_address>0x1a040</load_address>
         <run_address>0x1a040</run_address>
         <size>0x8</size>
         <input_file_ref idref="fl-3a"/>
      </object_component>
      <object_component id="oc-6e5">
         <name>.const:g_sCDCSerConfigHeaderHS</name>
         <load_address>0x1a048</load_address>
         <run_address>0x1a048</run_address>
         <size>0x8</size>
         <input_file_ref idref="fl-3a"/>
      </object_component>
      <object_component id="oc-7c0">
         <name>.const:g_sCDCSerConfigSection</name>
         <load_address>0x1a050</load_address>
         <run_address>0x1a050</run_address>
         <size>0x8</size>
         <input_file_ref idref="fl-3a"/>
      </object_component>
      <object_component id="oc-7c6">
         <name>.const:g_sCDCSerDataInterfaceSection</name>
         <load_address>0x1a058</load_address>
         <run_address>0x1a058</run_address>
         <size>0x8</size>
         <input_file_ref idref="fl-3a"/>
      </object_component>
      <object_component id="oc-7cb">
         <name>.const:g_sCDCSerDataInterfaceSectionHS</name>
         <load_address>0x1a060</load_address>
         <run_address>0x1a060</run_address>
         <size>0x8</size>
         <input_file_ref idref="fl-3a"/>
      </object_component>
      <object_component id="oc-7d0">
         <name>.const:g_sIADSerConfigSection</name>
         <load_address>0x1a068</load_address>
         <run_address>0x1a068</run_address>
         <size>0x8</size>
         <input_file_ref idref="fl-3a"/>
      </object_component>
      <object_component id="oc-91">
         <name>.const</name>
         <load_address>0x1a070</load_address>
         <run_address>0x1a070</run_address>
         <size>0x8</size>
         <input_file_ref idref="fl-c"/>
      </object_component>
      <object_component id="oc-6fa">
         <name>.const:.string:g_pui8LangDescriptor</name>
         <load_address>0x1a078</load_address>
         <run_address>0x1a078</run_address>
         <size>0x4</size>
         <input_file_ref idref="fl-37"/>
      </object_component>
      <object_component id="oc-5a1">
         <name>.const:g_pCDCCompSerConfigDescriptors</name>
         <load_address>0x1a07c</load_address>
         <run_address>0x1a07c</run_address>
         <size>0x4</size>
         <input_file_ref idref="fl-3a"/>
      </object_component>
      <object_component id="oc-5a4">
         <name>.const:g_pCDCCompSerConfigDescriptorsHS</name>
         <load_address>0x1a080</load_address>
         <run_address>0x1a080</run_address>
         <size>0x4</size>
         <input_file_ref idref="fl-3a"/>
      </object_component>
      <object_component id="oc-59b">
         <name>.const:g_ppCDCSerConfigDescriptors</name>
         <load_address>0x1a084</load_address>
         <run_address>0x1a084</run_address>
         <size>0x4</size>
         <input_file_ref idref="fl-3a"/>
      </object_component>
      <object_component id="oc-59e">
         <name>.const:g_ppCDCSerConfigDescriptorsHS</name>
         <load_address>0x1a088</load_address>
         <run_address>0x1a088</run_address>
         <size>0x4</size>
         <input_file_ref idref="fl-3a"/>
      </object_component>
      <object_component id="oc-d5">
         <name>.const</name>
         <load_address>0x1a08c</load_address>
         <run_address>0x1a08c</run_address>
         <size>0x4</size>
         <input_file_ref idref="fl-59"/>
      </object_component>
      <object_component id="oc-824">
         <name>.cinit..data.load</name>
         <load_address>0x1a090</load_address>
         <run_address>0x1a090</run_address>
         <size>0x15d</size>
      </object_component>
      <object_component id="oc-821">
         <name>__TI_handler_table</name>
         <load_address>0x1a1f0</load_address>
         <run_address>0x1a1f0</run_address>
         <size>0xc</size>
      </object_component>
      <object_component id="oc-825">
         <name>.cinit..bss.load</name>
         <load_address>0x1a200</load_address>
         <run_address>0x1a200</run_address>
         <size>0x8</size>
      </object_component>
      <object_component id="oc-823">
         <name>.cinit..vtable.load</name>
         <load_address>0x1a208</load_address>
         <run_address>0x1a208</run_address>
         <size>0x8</size>
      </object_component>
      <object_component id="oc-822">
         <name>__TI_cinit_table</name>
         <load_address>0x1a210</load_address>
         <run_address>0x1a210</run_address>
         <size>0x18</size>
      </object_component>
      <object_component id="oc-268">
         <name>.vtable</name>
         <uninitialized>true</uninitialized>
         <run_address>0x20000000</run_address>
         <size>0x26c</size>
         <input_file_ref idref="fl-1f"/>
      </object_component>
      <object_component id="oc-2c8">
         <name>.data:g_psCmdTable</name>
         <load_address>0x200062f8</load_address>
         <run_address>0x200062f8</run_address>
         <size>0x84</size>
         <input_file_ref idref="fl-2"/>
      </object_component>
      <object_component id="oc-14f">
         <name>.data:g_ulColors</name>
         <load_address>0x20006570</load_address>
         <run_address>0x20006570</run_address>
         <size>0xc</size>
         <input_file_ref idref="fl-3"/>
      </object_component>
      <object_component id="oc-144">
         <name>.data</name>
         <load_address>0x200064e8</load_address>
         <run_address>0x200064e8</run_address>
         <size>0x18</size>
         <input_file_ref idref="fl-3"/>
      </object_component>
      <object_component id="oc-8e">
         <name>.data</name>
         <load_address>0x200063dc</load_address>
         <run_address>0x200063dc</run_address>
         <size>0x3c</size>
         <input_file_ref idref="fl-a"/>
      </object_component>
      <object_component id="oc-3a4">
         <name>.data</name>
         <load_address>0x20006588</load_address>
         <run_address>0x20006588</run_address>
         <size>0xc</size>
         <input_file_ref idref="fl-b"/>
      </object_component>
      <object_component id="oc-9b">
         <name>.data</name>
         <load_address>0x2000657c</load_address>
         <run_address>0x2000657c</run_address>
         <size>0xc</size>
         <input_file_ref idref="fl-c"/>
      </object_component>
      <object_component id="oc-38f">
         <name>.data</name>
         <load_address>0x200064d0</load_address>
         <run_address>0x200064d0</run_address>
         <size>0x18</size>
         <input_file_ref idref="fl-e"/>
      </object_component>
      <object_component id="oc-2de">
         <name>.data</name>
         <load_address>0x20006555</load_address>
         <run_address>0x20006555</run_address>
         <size>0x3</size>
         <input_file_ref idref="fl-30"/>
      </object_component>
      <object_component id="oc-2b9">
         <name>.data</name>
         <load_address>0x200065e8</load_address>
         <run_address>0x200065e8</run_address>
         <size>0x4</size>
         <input_file_ref idref="fl-32"/>
      </object_component>
      <object_component id="oc-29f">
         <name>.data</name>
         <load_address>0x200065e4</load_address>
         <run_address>0x200065e4</run_address>
         <size>0x4</size>
         <input_file_ref idref="fl-34"/>
      </object_component>
      <object_component id="oc-453">
         <name>.data</name>
         <load_address>0x20006548</load_address>
         <run_address>0x20006548</run_address>
         <size>0xd</size>
         <input_file_ref idref="fl-36"/>
      </object_component>
      <object_component id="oc-459">
         <name>.data:ConfigLinea</name>
         <load_address>0x200065dc</load_address>
         <run_address>0x200065dc</run_address>
         <size>0x7</size>
         <input_file_ref idref="fl-36"/>
      </object_component>
      <object_component id="oc-45c">
         <name>.data:g_sCDCDevice</name>
         <load_address>0x2000637c</load_address>
         <run_address>0x2000637c</run_address>
         <size>0x60</size>
         <input_file_ref idref="fl-37"/>
      </object_component>
      <object_component id="oc-44d">
         <name>.data:g_sRxBuffer</name>
         <load_address>0x20006418</load_address>
         <run_address>0x20006418</run_address>
         <size>0x38</size>
         <input_file_ref idref="fl-37"/>
      </object_component>
      <object_component id="oc-456">
         <name>.data:g_sTxBuffer</name>
         <load_address>0x20006450</load_address>
         <run_address>0x20006450</run_address>
         <size>0x38</size>
         <input_file_ref idref="fl-37"/>
      </object_component>
      <object_component id="oc-598">
         <name>.data:g_pui8CDCSerDeviceDescriptor</name>
         <load_address>0x20006514</load_address>
         <run_address>0x20006514</run_address>
         <size>0x12</size>
         <input_file_ref idref="fl-3a"/>
      </object_component>
      <object_component id="oc-5a7">
         <name>.data:g_pui8CDCSerDescriptor</name>
         <load_address>0x200065ac</load_address>
         <run_address>0x200065ac</run_address>
         <size>0x9</size>
         <input_file_ref idref="fl-3a"/>
      </object_component>
      <object_component id="oc-7ed">
         <name>.data:g_pui8IADSerDescriptor</name>
         <load_address>0x200065cc</load_address>
         <run_address>0x200065cc</run_address>
         <size>0x8</size>
         <input_file_ref idref="fl-3a"/>
      </object_component>
      <object_component id="oc-783">
         <name>.data:g_psCDCSerSections</name>
         <load_address>0x20006558</load_address>
         <run_address>0x20006558</run_address>
         <size>0xc</size>
         <input_file_ref idref="fl-3a"/>
      </object_component>
      <object_component id="oc-788">
         <name>.data:g_psCDCSerSectionsHS</name>
         <load_address>0x20006564</load_address>
         <run_address>0x20006564</run_address>
         <size>0xc</size>
         <input_file_ref idref="fl-3a"/>
      </object_component>
      <object_component id="oc-78d">
         <name>.data:g_psCDCCompSerSections</name>
         <load_address>0x20006528</load_address>
         <run_address>0x20006528</run_address>
         <size>0x10</size>
         <input_file_ref idref="fl-3a"/>
      </object_component>
      <object_component id="oc-792">
         <name>.data:g_psCDCCompSerSectionsHS</name>
         <load_address>0x20006538</load_address>
         <run_address>0x20006538</run_address>
         <size>0x10</size>
         <input_file_ref idref="fl-3a"/>
      </object_component>
      <object_component id="oc-592">
         <name>.data</name>
         <load_address>0x20006526</load_address>
         <run_address>0x20006526</run_address>
         <size>0x2</size>
         <input_file_ref idref="fl-3a"/>
      </object_component>
      <object_component id="oc-314">
         <name>.data</name>
         <load_address>0x200065d4</load_address>
         <run_address>0x200065d4</run_address>
         <size>0x8</size>
         <input_file_ref idref="fl-3f"/>
      </object_component>
      <object_component id="oc-6bc">
         <name>.data</name>
         <load_address>0x20006500</load_address>
         <run_address>0x20006500</run_address>
         <size>0x14</size>
         <input_file_ref idref="fl-4c"/>
      </object_component>
      <object_component id="oc-6ce">
         <name>.data:g_sUSBHEP0State</name>
         <load_address>0x200064b8</load_address>
         <run_address>0x200064b8</run_address>
         <size>0x18</size>
         <input_file_ref idref="fl-4c"/>
      </object_component>
      <object_component id="oc-311">
         <name>.data</name>
         <load_address>0x200065b8</load_address>
         <run_address>0x200065b8</run_address>
         <size>0x9</size>
         <input_file_ref idref="fl-52"/>
      </object_component>
      <object_component id="oc-32c">
         <name>.data</name>
         <load_address>0x200065a0</load_address>
         <run_address>0x200065a0</run_address>
         <size>0xc</size>
         <input_file_ref idref="fl-54"/>
      </object_component>
      <object_component id="oc-289">
         <name>.data:g_pui32CPUUsageTimerPeriph</name>
         <load_address>0x200064a0</load_address>
         <run_address>0x200064a0</run_address>
         <size>0x18</size>
         <input_file_ref idref="fl-58"/>
      </object_component>
      <object_component id="oc-283">
         <name>.data:g_pui32CPUUsageTimerBase</name>
         <load_address>0x20006488</load_address>
         <run_address>0x20006488</run_address>
         <size>0x18</size>
         <input_file_ref idref="fl-58"/>
      </object_component>
      <object_component id="oc-c7">
         <name>.data</name>
         <load_address>0x20006594</load_address>
         <run_address>0x20006594</run_address>
         <size>0xc</size>
         <input_file_ref idref="fl-59"/>
      </object_component>
      <object_component id="oc-2aa">
         <name>.data</name>
         <load_address>0x200065f0</load_address>
         <run_address>0x200065f0</run_address>
         <size>0x4</size>
         <input_file_ref idref="fl-11f"/>
      </object_component>
      <object_component id="oc-5da">
         <name>.data</name>
         <load_address>0x200065ec</load_address>
         <run_address>0x200065ec</run_address>
         <size>0x4</size>
         <input_file_ref idref="fl-127"/>
      </object_component>
      <object_component id="oc-2a7">
         <name>.data:$O1$$</name>
         <load_address>0x200065c4</load_address>
         <run_address>0x200065c4</run_address>
         <size>0x8</size>
         <input_file_ref idref="fl-135"/>
      </object_component>
      <object_component id="oc-1ae">
         <name>.bss:pxReadyTasksLists</name>
         <uninitialized>true</uninitialized>
         <run_address>0x20005b38</run_address>
         <size>0x140</size>
         <input_file_ref idref="fl-a"/>
      </object_component>
      <object_component id="oc-1d0">
         <name>.bss:xDelayedTaskList1</name>
         <uninitialized>true</uninitialized>
         <run_address>0x20006214</run_address>
         <size>0x14</size>
         <input_file_ref idref="fl-a"/>
      </object_component>
      <object_component id="oc-1d3">
         <name>.bss:xDelayedTaskList2</name>
         <uninitialized>true</uninitialized>
         <run_address>0x20006228</run_address>
         <size>0x14</size>
         <input_file_ref idref="fl-a"/>
      </object_component>
      <object_component id="oc-1b4">
         <name>.bss</name>
         <uninitialized>true</uninitialized>
         <run_address>0x200062a0</run_address>
         <size>0x8</size>
         <input_file_ref idref="fl-a"/>
      </object_component>
      <object_component id="oc-1c6">
         <name>.bss:xPendingReadyList</name>
         <uninitialized>true</uninitialized>
         <run_address>0x2000623c</run_address>
         <size>0x14</size>
         <input_file_ref idref="fl-a"/>
      </object_component>
      <object_component id="oc-1b1">
[...]
      </symbol>
      <symbol id="sm-1d12">
         <name>USBOTGMain</name>
         <value>0x1421b</value>
         <object_component_ref idref="oc-441"/>
      </symbol>
      <symbol id="sm-1d13">
         <name>USB0OTGModeIntHandler</name>
         <value>0x14119</value>
         <object_component_ref idref="oc-441"/>
      </symbol>
      <symbol id="sm-1d14">
         <name>USBDualModeInit</name>
         <value>0x13ebb</value>
         <object_component_ref idref="oc-441"/>
      </symbol>
      <symbol id="sm-1d15">
         <name>USBDualModeTerm</name>
         <value>0x13f39</value>
         <object_component_ref idref="oc-441"/>
      </symbol>
      <symbol id="sm-1d16">
         <name>g_iUSBMode</name>
         <value>0x200065b8</value>
         <object_component_ref idref="oc-311"/>
      </symbol>
      <symbol id="sm-1d17">
         <name>USBOTGModeInit</name>
         <value>0x13fc3</value>
         <object_component_ref idref="oc-441"/>
      </symbol>
      <symbol id="sm-1d18">
         <name>USBStackModeSet</name>
         <value>0x13e25</value>
         <object_component_ref idref="oc-441"/>
      </symbol>
      <symbol id="sm-1d19">
         <name>g_ui32WaitTicks</name>
         <value>0x200065bc</value>
         <object_component_ref idref="oc-311"/>
      </symbol>
      <symbol id="sm-1d1a">
         <name>USBOTGPollRate</name>
         <value>0x140e9</value>
         <object_component_ref idref="oc-441"/>
      </symbol>
      <symbol id="sm-1d1b">
         <name>OTGDeviceDisconnect</name>
         <value>0x14201</value>
         <object_component_ref idref="oc-441"/>
      </symbol>
      <symbol id="sm-1d1c">
         <name>USBOTGFeatureSet</name>
         <value>0x142b9</value>
         <object_component_ref idref="oc-441"/>
      </symbol>
      <symbol id="sm-1d73">
         <name>USBRingBufWrite</name>
         <value>0x14b6b</value>
         <object_component_ref idref="oc-57e"/>
      </symbol>
      <symbol id="sm-1d74">
         <name>USBRingBufContigUsed</name>
         <value>0x148ed</value>
         <object_component_ref idref="oc-57e"/>
      </symbol>
      <symbol id="sm-1d75">
         <name>USBRingBufFlush</name>
         <value>0x14863</value>
         <object_component_ref idref="oc-57e"/>
      </symbol>
      <symbol id="sm-1d76">
         <name>USBRingBufAdvanceWrite</name>
         <value>0x14a95</value>
         <object_component_ref idref="oc-57e"/>
      </symbol>
      <symbol id="sm-1d77">
         <name>USBRingBufWriteOne</name>
         <value>0x14b25</value>
         <object_component_ref idref="oc-57e"/>
      </symbol>
      <symbol id="sm-1d78">
         <name>USBRingBufUsed</name>
         <value>0x1488f</value>
         <object_component_ref idref="oc-57e"/>
      </symbol>
      <symbol id="sm-1d79">
         <name>USBRingBufFree</name>
         <value>0x148c9</value>
         <object_component_ref idref="oc-57e"/>
      </symbol>
      <symbol id="sm-1d7a">
         <name>USBRingBufAdvanceRead</name>
         <value>0x14a3f</value>
         <object_component_ref idref="oc-57e"/>
      </symbol>
      <symbol id="sm-1d7b">
         <name>USBRingBufFull</name>
         <value>0x147ef</value>
         <object_component_ref idref="oc-57e"/>
      </symbol>
      <symbol id="sm-1d7c">
         <name>USBRingBufReadOne</name>
         <value>0x14983</value>
         <object_component_ref idref="oc-57e"/>
      </symbol>
      <symbol id="sm-1d7d">
         <name>USBRingBufEmpty</name>
         <value>0x14831</value>
         <object_component_ref idref="oc-57e"/>
      </symbol>
      <symbol id="sm-1d7e">
         <name>USBRingBufSize</name>
         <value>0x1496b</value>
         <object_component_ref idref="oc-57e"/>
      </symbol>
      <symbol id="sm-1d7f">
         <name>USBRingBufInit</name>
         <value>0x14be1</value>
         <object_component_ref idref="oc-57e"/>
      </symbol>
      <symbol id="sm-1d80">
         <name>USBRingBufRead</name>
         <value>0x149c9</value>
         <object_component_ref idref="oc-57e"/>
      </symbol>
      <symbol id="sm-1d81">
         <name>USBRingBufContigFree</name>
         <value>0x14925</value>
         <object_component_ref idref="oc-57e"/>
      </symbol>
      <symbol id="sm-1daa">
         <name>g_pfnTickHandlers</name>
         <value>0x200061a8</value>
      </symbol>
      <symbol id="sm-1dab">
         <name>g_pvTickInstance</name>
         <value>0x200061c0</value>
      </symbol>
      <symbol id="sm-1dac">
         <name>g_ui32USBSOFCount</name>
         <value>0x200065a8</value>
         <object_component_ref idref="oc-32c"/>
      </symbol>
      <symbol id="sm-1dad">
         <name>InternalUSBTickReset</name>
         <value>0x18317</value>
         <object_component_ref idref="oc-307"/>
      </symbol>
      <symbol id="sm-1dae">
         <name>g_bUSBTimerInitialized</name>
         <value>0x200065a0</value>
         <object_component_ref idref="oc-32c"/>
      </symbol>
      <symbol id="sm-1daf">
         <name>g_ui32CurrentUSBTick</name>
         <value>0x200065a4</value>
         <object_component_ref idref="oc-32c"/>
      </symbol>
      <symbol id="sm-1db0">
         <name>InternalUSBStartOfFrameTick</name>
         <value>0x1836f</value>
         <object_component_ref idref="oc-307"/>
      </symbol>
      <symbol id="sm-1db1">
         <name>InternalUSBRegisterTickHandler</name>
         <value>0x1831f</value>
         <object_component_ref idref="oc-307"/>
      </symbol>
      <symbol id="sm-1db2">
         <name>InternalUSBTickInit</name>
         <value>0x182d9</value>
         <object_component_ref idref="oc-307"/>
      </symbol>
      <symbol id="sm-1dbf">
         <name>ULPIPowerTransceiver</name>
         <value>0x18613</value>
         <object_component_ref idref="oc-2fb"/>
      </symbol>
      <symbol id="sm-1dc0">
         <name>ULPIConfigSet</name>
         <value>0x18571</value>
         <object_component_ref idref="oc-2fb"/>
      </symbol>
      <symbol id="sm-1dda">
         <name>GetOverflowCounts</name>
         <value>0x190e9</value>
         <object_component_ref idref="oc-1c9"/>
      </symbol>
      <symbol id="sm-1ddb">
         <name>vConfigureTimerForRunTimeStats</name>
         <value>0x18b29</value>
         <object_component_ref idref="oc-1c0"/>
      </symbol>
      <symbol id="sm-1dfb">
         <name>CmdLineProcess</name>
         <value>0x186ed</value>
         <object_component_ref idref="oc-2d7"/>
      </symbol>
      <symbol id="sm-1e2b">
         <name>CPUUsageInit</name>
         <value>0x17db3</value>
         <object_component_ref idref="oc-106"/>
      </symbol>
      <symbol id="sm-1e2c">
         <name>CPUUsageTick</name>
         <value>0x17d75</value>
         <object_component_ref idref="oc-106"/>
      </symbol>
      <symbol id="sm-1f36">
         <name>UARTTxBytesFree</name>
         <value>0x10947</value>
         <object_component_ref idref="oc-35"/>
      </symbol>
      <symbol id="sm-1f37">
         <name>UARTFlushRx</name>
         <value>0x10953</value>
         <object_component_ref idref="oc-35"/>
      </symbol>
      <symbol id="sm-1f38">
         <name>UARTgetc</name>
         <value>0x105dd</value>
         <object_component_ref idref="oc-35"/>
      </symbol>
      <symbol id="sm-1f39">
         <name>UARTgets</name>
         <value>0x1017d</value>
         <object_component_ref idref="oc-35"/>
      </symbol>
      <symbol id="sm-1f3a">
         <name>UARTFlushTx</name>
         <value>0x10961</value>
         <object_component_ref idref="oc-35"/>
      </symbol>
      <symbol id="sm-1f3b">
         <name>UARTStdioConfig</name>
         <value>0xff87</value>
         <object_component_ref idref="oc-35"/>
      </symbol>
      <symbol id="sm-1f3c">
         <name>UARTStdioIntHandler</name>
         <value>0x109af</value>
         <object_component_ref idref="oc-35"/>
      </symbol>
      <symbol id="sm-1f3d">
         <name>UARTRxBytesAvail</name>
         <value>0x1093b</value>
         <object_component_ref idref="oc-35"/>
      </symbol>
      <symbol id="sm-1f3e">
         <name>UARTwrite</name>
         <value>0x100b3</value>
         <object_component_ref idref="oc-35"/>
      </symbol>
      <symbol id="sm-1f3f">
         <name>UARTEchoSet</name>
         <value>0x10987</value>
         <object_component_ref idref="oc-35"/>
      </symbol>
      <symbol id="sm-1f40">
         <name>UARTprintf</name>
         <value>0x10917</value>
         <object_component_ref idref="oc-35"/>
      </symbol>
      <symbol id="sm-1f41">
         <name>UARTvprintf</name>
         <value>0x10605</value>
         <object_component_ref idref="oc-35"/>
      </symbol>
      <symbol id="sm-1f68">
         <name>sprintf</name>
         <value>0x18f05</value>
         <object_component_ref idref="oc-1e2"/>
      </symbol>
      <symbol id="sm-1f7f">
         <name>__aeabi_dsub</name>
         <value>0x175b1</value>
         <object_component_ref idref="oc-129"/>
      </symbol>
      <symbol id="sm-1f80">
         <name>__aeabi_dadd</name>
         <value>0x175bb</value>
         <object_component_ref idref="oc-129"/>
      </symbol>
      <symbol id="sm-1f8b">
         <name>__aeabi_dmul</name>
         <value>0x181dd</value>
         <object_component_ref idref="oc-12e"/>
      </symbol>
      <symbol id="sm-1f95">
         <name>__aeabi_d2uiz</name>
         <value>0x18e81</value>
         <object_component_ref idref="oc-133"/>
      </symbol>
      <symbol id="sm-1fa0">
         <name>__aeabi_f2d</name>
         <value>0x18fc1</value>
         <object_component_ref idref="oc-124"/>
      </symbol>
      <symbol id="sm-1faa">
         <name>__aeabi_f2ulz</name>
         <value>0x18d59</value>
         <object_component_ref idref="oc-2b0"/>
      </symbol>
      <symbol id="sm-1fc5">
         <name>memcpy</name>
         <value>0x18799</value>
         <object_component_ref idref="oc-5b"/>
      </symbol>
      <symbol id="sm-1fc6">
         <name>__aeabi_memcpy</name>
         <value>0x18799</value>
         <object_component_ref idref="oc-5b"/>
      </symbol>
      <symbol id="sm-1fc7">
         <name>__aeabi_memcpy8</name>
         <value>0x18799</value>
         <object_component_ref idref="oc-5b"/>
      </symbol>
      <symbol id="sm-1fc8">
         <name>__aeabi_memcpy4</name>
         <value>0x18799</value>
         <object_component_ref idref="oc-5b"/>
      </symbol>
      <symbol id="sm-1fd7">
         <name>__aeabi_uidivmod</name>
         <value>0x18ec5</value>
         <object_component_ref idref="oc-d0"/>
      </symbol>
      <symbol id="sm-1fd8">
         <name>__aeabi_uidiv</name>
         <value>0x18ec5</value>
         <object_component_ref idref="oc-d0"/>
      </symbol>
      <symbol id="sm-1fe7">
         <name>__aeabi_memset</name>
         <value>0x189d9</value>
         <object_component_ref idref="oc-180"/>
      </symbol>
      <symbol id="sm-1fe8">
         <name>memset</name>
         <value>0x189df</value>
         <object_component_ref idref="oc-180"/>
      </symbol>
      <symbol id="sm-1fe9">
         <name>__aeabi_memset8</name>
         <value>0x189d9</value>
         <object_component_ref idref="oc-180"/>
      </symbol>
      <symbol id="sm-1fea">
         <name>__aeabi_memset4</name>
         <value>0x189d9</value>
         <object_component_ref idref="oc-180"/>
      </symbol>
      <symbol id="sm-1feb">
         <name>__aeabi_memclr8</name>
         <value>0x189d7</value>
         <object_component_ref idref="oc-180"/>
      </symbol>
      <symbol id="sm-1fec">
         <name>__aeabi_memclr4</name>
         <value>0x189d7</value>
         <object_component_ref idref="oc-180"/>
      </symbol>
      <symbol id="sm-1fed">
         <name>__aeabi_memclr</name>
         <value>0x189d7</value>
         <object_component_ref idref="oc-180"/>
      </symbol>
      <symbol id="sm-1fff">
         <name>__TI_zero_init</name>
         <value>0x19231</value>
         <object_component_ref idref="oc-6d"/>
      </symbol>
      <symbol id="sm-2016">
         <name>__TI_decompress_none</name>
         <value>0x19223</value>
         <object_component_ref idref="oc-18"/>
      </symbol>
      <symbol id="sm-2039">
         <name>__TI_decompress_lzss</name>
         <value>0x18b91</value>
         <object_component_ref idref="oc-12"/>
      </symbol>
      <symbol id="sm-205e">
         <name>rand</name>
         <value>0x1902d</value>
         <object_component_ref idref="oc-112"/>
      </symbol>
      <symbol id="sm-205f">
         <name>srand</name>
         <value>0x1910d</value>
         <object_component_ref idref="oc-118"/>
      </symbol>
      <symbol id="sm-206e">
         <name>strcmp</name>
         <value>0x191bb</value>
         <object_component_ref idref="oc-49c"/>
      </symbol>
      <symbol id="sm-207c">
         <name>strcpy</name>
         <value>0x191e9</value>
         <object_component_ref idref="oc-1d6"/>
      </symbol>
      <symbol id="sm-208a">
         <name>strlen</name>
         <value>0x191fd</value>
         <object_component_ref idref="oc-1dc"/>
      </symbol>
      <symbol id="sm-209a">
         <name>strncmp</name>
         <value>0x190bd</value>
         <object_component_ref idref="oc-2c2"/>
      </symbol>
      <symbol id="sm-20ec">
         <name>strtof</name>
         <value>0x15909</value>
         <object_component_ref idref="oc-2cb"/>
      </symbol>
      <symbol id="sm-210c">
         <name>strtoul</name>
         <value>0x180cd</value>
         <object_component_ref idref="oc-2d1"/>
      </symbol>
      <symbol id="sm-211f">
         <name>__stack</name>
         <value>0x200065f8</value>
         <object_component_ref idref="oc-21"/>
      </symbol>
      <symbol id="sm-2120">
         <name>_c_int00_noargs</name>
         <value>0x18ff9</value>
         <object_component_ref idref="oc-79"/>
      </symbol>
      <symbol id="sm-2136">
         <name>__aeabi_errno_addr</name>
         <value>0x19249</value>
         <object_component_ref idref="oc-485"/>
      </symbol>
      <symbol id="sm-2137">
         <name>errno</name>
         <value>0x200065ec</value>
         <object_component_ref idref="oc-5da"/>
      </symbol>
      <symbol id="sm-215e">
         <name>scalbnf</name>
         <value>0x184a1</value>
         <object_component_ref idref="oc-48b"/>
      </symbol>
      <symbol id="sm-215f">
         <name>ldexpf</name>
         <value>0x184a1</value>
         <object_component_ref idref="oc-48b"/>
      </symbol>
      <symbol id="sm-216c">
         <name>copysignf</name>
         <value>0x191a3</value>
         <object_component_ref idref="oc-5df"/>
      </symbol>
      <symbol id="sm-22d1">
         <name>__TI_printfi</name>
         <value>0x1152d</value>
         <object_component_ref idref="oc-3cd"/>
      </symbol>
      <symbol id="sm-22db">
         <name>__aeabi_idiv0</name>
         <value>0x173df</value>
         <object_component_ref idref="oc-238"/>
      </symbol>
      <symbol id="sm-22dc">
         <name>__aeabi_ldiv0</name>
         <value>0x173df</value>
         <object_component_ref idref="oc-238"/>
      </symbol>
      <symbol id="sm-22fe">
         <name>__aeabi_cdcmpeq</name>
         <value>0x188cb</value>
         <object_component_ref idref="oc-530"/>
      </symbol>
      <symbol id="sm-22ff">
         <name>__aeabi_cdcmple</name>
         <value>0x188cb</value>
         <object_component_ref idref="oc-530"/>
      </symbol>
      <symbol id="sm-2300">
         <name>__aeabi_cdrcmple</name>
         <value>0x18951</value>
         <object_component_ref idref="oc-651"/>
      </symbol>
      <symbol id="sm-2314">
         <name>__aeabi_ddiv</name>
         <value>0x179ed</value>
         <object_component_ref idref="oc-64c"/>
      </symbol>
      <symbol id="sm-231e">
         <name>__aeabi_d2iz</name>
         <value>0x18df5</value>
         <object_component_ref idref="oc-656"/>
      </symbol>
      <symbol id="sm-2328">
         <name>__aeabi_i2d</name>
         <value>0x19061</value>
         <object_component_ref idref="oc-661"/>
      </symbol>
      <symbol id="sm-2335">
         <name>__aeabi_uldivmod</name>
         <value>0x18835</value>
         <object_component_ref idref="oc-645"/>
      </symbol>
      <symbol id="sm-235d">
         <name>__TI_auto_init_nobinit_nopinit</name>
         <value>0x18e3d</value>
         <object_component_ref idref="oc-351"/>
      </symbol>
      <symbol id="sm-2367">
         <name>_system_pre_init</name>
         <value>0x19257</value>
         <object_component_ref idref="oc-186"/>
      </symbol>
      <symbol id="sm-2373">
         <name>C$$EXIT</name>
         <value>0x1925b</value>
         <object_component_ref idref="oc-345"/>
      </symbol>
      <symbol id="sm-2374">
         <name>abort</name>
         <value>0x1925b</value>
         <object_component_ref idref="oc-345"/>
      </symbol>
      <symbol id="sm-2389">
         <name>_nop</name>
         <value>0x11f7b</value>
         <object_component_ref idref="oc-46b"/>
      </symbol>
      <symbol id="sm-238a">
         <name>_lock</name>
         <value>0x200065c4</value>
         <object_component_ref idref="oc-2a7"/>
      </symbol>
      <symbol id="sm-238b">
         <name>_unlock</name>
         <value>0x200065c8</value>
         <object_component_ref idref="oc-2a7"/>
      </symbol>
      <symbol id="sm-23a2">
         <name>atoi</name>
         <value>0x18da9</value>
         <object_component_ref idref="oc-524"/>
      </symbol>
      <symbol id="sm-23ad">
         <name>_ctypes_</name>
         <value>0x197dc</value>
         <object_component_ref idref="oc-491"/>
      </symbol>
      <symbol id="sm-23bc">
         <name>ltoa</name>
         <value>0x18cb3</value>
         <object_component_ref idref="oc-65b"/>
      </symbol>
      <symbol id="sm-23cc">
         <name>memccpy</name>
         <value>0x19155</value>
         <object_component_ref idref="oc-54d"/>
      </symbol>
      <symbol id="sm-23dc">
         <name>strchr</name>
         <value>0x191d3</value>
         <object_component_ref idref="oc-68d"/>
      </symbol>
      <symbol id="sm-23f5">
         <name>wcslen</name>
         <value>0x19211</value>
         <object_component_ref idref="oc-553"/>
      </symbol>
      <symbol id="sm-240b">
         <name>frexpl</name>
         <value>0x18bf9</value>
         <object_component_ref idref="oc-681"/>
      </symbol>
      <symbol id="sm-240c">
         <name>frexp</name>
         <value>0x18bf9</value>
         <object_component_ref idref="oc-681"/>
      </symbol>
      <symbol id="sm-2429">
         <name>scalbn</name>
         <value>0x17fbd</value>
         <object_component_ref idref="oc-687"/>
      </symbol>
      <symbol id="sm-242a">
         <name>scalbnl</name>
         <value>0x17fbd</value>
         <object_component_ref idref="oc-687"/>
      </symbol>
      <symbol id="sm-242b">
         <name>ldexpl</name>
         <value>0x17fbd</value>
         <object_component_ref idref="oc-687"/>
      </symbol>
      <symbol id="sm-242c">
         <name>ldexp</name>
         <value>0x17fbd</value>
         <object_component_ref idref="oc-687"/>
      </symbol>
      <symbol id="sm-2436">
         <name>copysign</name>
         <value>0x19171</value>
         <object_component_ref idref="oc-742"/>
      </symbol>
      <symbol id="sm-2437">
         <name>copysignl</name>
         <value>0x19171</value>
         <object_component_ref idref="oc-742"/>
      </symbol>
      <symbol id="sm-2438">
         <name>__TI_static_base__</name>
         <value>0x0</value>
      </symbol>
      <symbol id="sm-243b">
         <name>__mpu_init</name>
         <value>0x0</value>
      </symbol>
      <symbol id="sm-243c">
         <name>_system_post_cinit</name>
         <value>0x0</value>
      </symbol>
   </symbol_table>
   <title>Link successful</title>
</link_info>
